C51 COMPILER V9.60.7.0   TIME                                                              04/05/2024 18:00:26 PAGE 1   


C51 COMPILER V9.60.7.0, COMPILATION OF MODULE TIME
OBJECT MODULE PLACED IN .\Objects\time.obj
COMPILER INVOKED BY: D:\keilc51\c51\C51\BIN\C51.EXE time.c OPTIMIZE(8,SPEED) BROWSE DEBUG OBJECTEXTEND PRINT(.\Listings\
                    -time.lst) OBJECT(.\Objects\time.obj)

line level    source

   1          #include "time.h"
   2          bit f_1s=0;
   3          bit f_20ms_key = 0;
   4          bit f_100ms_state = 0;
   5          bit f_100ms_adc = 0;
   6          bit f_100ms_led=0;
   7          bit f_100ms_rtc = 0;
   8          bit f_800ms_temp=0;
   9          bit f_1s_blink8= 0;
  10          void timflag_proc(void);
  11          void fan_proc(void);
  12          void Timer2Init(void);
  13          //******************************************
  14          void PIT1(void) interrupt 3
  15          {
  16   1              disp_scan();    
  17   1              timflag_proc(); 
  18   1      }
  19          //
  20          void Timer1_Init(void)          //2毫秒@12.000MHz
  21          {
  22   1              AUXR |= 0x40;                   //定时器时钟1T模式
  23   1              TMOD &= 0x0F;                   //设置定时器模式
  24   1              TL1 = 0x40;                             //设置定时初始值
  25   1              TH1 = 0xA2;                             //设置定时初始值
  26   1              TF1 = 0;                                //清除TF1标志
  27   1              TR1 = 1;                                //定时器1开始计时
  28   1              ET1 = 1;                                //使能定时器1中断
  29   1      }
  30          //
  31          void timflag_proc(void) 
  32          {
  33   1              static u8 cnt_20ms = 0;
  34   1              static u8 cnt_100ms = 0;
  35   1              static u16 cnt_800ms = 0;
  36   1              static u16 cnt_1s = 0;
  37   1              
  38   1              if (++cnt_20ms >= 10)
  39   1              {
  40   2                      cnt_20ms = 0;
  41   2                      f_20ms_key = 1;
  42   2              }
  43   1              if (++cnt_100ms >= 50)
  44   1              {
  45   2                      cnt_100ms = 0;
  46   2                      f_100ms_state = 1;f_100ms_led=1;f_100ms_adc = 1;f_100ms_rtc =1;
  47   2              }
  48   1              if(++cnt_800ms>=400)
  49   1              {
  50   2                      cnt_800ms = 0;f_800ms_temp =1;
  51   2              }
  52   1              if(++cnt_1s >= 500)
  53   1              {
  54   2                      cnt_1s = 0;
C51 COMPILER V9.60.7.0   TIME                                                              04/05/2024 18:00:26 PAGE 2   

  55   2                      f_1s = 1;
  56   2                      if(cj.tim) cj.tim--;
  57   2              }
  58   1      }
  59          //*************************
  60          void fan_proc(void)//输出
  61          {
  62   1              static u8 t=0;
  63   1              if(!cj.tim)return;//倒计时结束不输出
  64   1              if(++t==10) t=0;
  65   1              switch(cj.mode)
  66   1              {
  67   2                      case 1:
  68   2                              if(t>=2) P34=0;
  69   2                              else P34=0xff;
  70   2                      break;
  71   2                      
  72   2                      case 2:
  73   2                              if(t>=3) P34=0;
  74   2                              else P34=0xff;
  75   2                      break;
  76   2                      
  77   2                      case 3:
  78   2                              if(t>=7) P34=0;
  79   2                              else P34=0xff;
  80   2                      break;
  81   2              }
  82   1      }
  83          
  84          void Timer2Init(void)           //100微秒@12.000MHz
  85          {
  86   1              AUXR |= 0x04;           //定时器时钟1T模式
  87   1              T2L = 0x50;             //设置定时初值
  88   1              T2H = 0xFB;             //设置定时初值
  89   1              AUXR |= 0x10;           //定时器2开始计时
  90   1              IE2 |= 0x04;                    //使能定时器2中断
  91   1      }
  92          
  93          
  94          void Timer2_Isr(void) interrupt 12
  95          {
  96   1              fan_proc();//1khz
  97   1      }


MODULE INFORMATION:   STATIC OVERLAYABLE
   CODE SIZE        =    278    ----
   CONSTANT SIZE    =   ----    ----
   XDATA SIZE       =   ----    ----
   PDATA SIZE       =   ----    ----
   DATA SIZE        =      7    ----
   IDATA SIZE       =   ----    ----
   BIT SIZE         =      8    ----
END OF MODULE INFORMATION.


C51 COMPILATION COMPLETE.  0 WARNING(S),  0 ERROR(S)
