C51 COMPILER V9.59.0.0   TIME                                                              06/05/2024 19:05:01 PAGE 1   


C51 COMPILER V9.59.0.0, COMPILATION OF MODULE TIME
OBJECT MODULE PLACED IN .\Objects\time.obj
COMPILER INVOKED BY: D:\keilc51\c51\C51\BIN\C51.EXE time.c OPTIMIZE(8,SPEED) BROWSE DEBUG OBJECTEXTEND PRINT(.\Listings\
                    -time.lst) OBJECT(.\Objects\time.obj)

line level    source

   1          #include "time.h"
   2          
   3          bit f_20ms_key=0;
   4          bit f_100ms_state=0;
   5          bit f_100ms_led=0;
   6          bit f_1000ms_wave=0;
   7          bit f_1000ms_adc=0;
   8          bit f_800ms_tem=0;
   9          
  10          void tim_proc();
  11          void led_proc();
  12          //*****************************
  13          void Timer1_Isr(void) interrupt 3
  14          {
  15   1              disp_scan();
  16   1              tim_proc();
  17   1      }
  18          //*****************************
  19          void Timer1_Init(void)          //2毫秒@12.000MHz
  20          {
  21   1              AUXR |= 0x40;                   //定时器时钟1T模式
  22   1              TMOD &= 0x0F;                   //设置定时器模式
  23   1              TL1 = 0x40;                             //设置定时初始值
  24   1              TH1 = 0xA2;                             //设置定时初始值
  25   1              TF1 = 0;                                //清除TF1标志
  26   1              TR1 = 1;                                //定时器1开始计时
  27   1              ET1 = 1;                                //使能定时器1中断
  28   1      }
  29          //*****************************
  30          void tim_proc()
  31          {
  32   1              static u8 cnt_20ms=0;
  33   1              static u8 cnt_100ms=0;
  34   1              static u16 cnt_800ms=0;
  35   1              static u16 cnt_1000ms=0;
  36   1      
  37   1              if(++cnt_20ms==10)
  38   1              {
  39   2                      cnt_20ms=0;f_20ms_key=1;
  40   2              }
  41   1              if(++cnt_100ms==50)
  42   1              {
  43   2                      cnt_100ms=0;f_100ms_state=1;f_100ms_led=1;
  44   2                      led_proc();
  45   2              }
  46   1      
  47   1              if(++cnt_800ms==400)
  48   1              {
  49   2                      cnt_800ms=0;f_800ms_tem=1;
  50   2              }
  51   1              if(++cnt_1000ms==400)
  52   1              {
  53   2                      cnt_1000ms=0;f_1000ms_wave=1;f_1000ms_adc=1;
  54   2              }
C51 COMPILER V9.59.0.0   TIME                                                              06/05/2024 19:05:01 PAGE 2   

  55   1      }
  56          //*****************************
  57          void led_proc()
  58          {
  59   1                      P0=~led_dat;
  60   1                      gate(LED);
  61   1      }


MODULE INFORMATION:   STATIC OVERLAYABLE
   CODE SIZE        =    171    ----
   CONSTANT SIZE    =   ----    ----
   XDATA SIZE       =   ----    ----
   PDATA SIZE       =   ----    ----
   DATA SIZE        =      6    ----
   IDATA SIZE       =   ----    ----
   BIT SIZE         =      6    ----
END OF MODULE INFORMATION.


C51 COMPILATION COMPLETE.  0 WARNING(S),  0 ERROR(S)
