C51 COMPILER V9.60.7.0   MAIN                                                              05/30/2024 18:50:23 PAGE 1   


C51 COMPILER V9.60.7.0, COMPILATION OF MODULE MAIN
OBJECT MODULE PLACED IN .\Objects\main.obj
COMPILER INVOKED BY: D:\keilc51\c51\C51\BIN\C51.EXE main.c OPTIMIZE(8,SPEED) BROWSE DEBUG OBJECTEXTEND PRINT(.\Listings\
                    -main.lst) OBJECT(.\Objects\main.obj)

line level    source

   1          /*
   2          1）把每个赛题程序都当成  竞赛时的最终上传程序
   3          2）工程包含的模块只能是竞赛时会写出来的模块
   4          3）题目要逐行仔细分析，注意每一个细节要求。
   5          4）程序编好后，认真修改，严格要求。
   6          5）参考的只能是思路，实现要完全靠自己。
   7          6）重要内容要有注释
   8          */
   9          #include "all.h"
  10          //
  11          volatile u8 bdata led_dat = 0;
  12          sbit L1 = led_dat ^0;
  13          sbit L2 = led_dat ^1;
  14          sbit L3 = led_dat ^2;
  15          sbit L4 = led_dat ^3;
  16          sbit L5 = led_dat ^4;
  17          sbit L6 = led_dat ^5;
  18          sbit L7 = led_dat ^6;
  19          sbit L8 = led_dat ^7;
  20          //
  21          xdata struct _cj cj;
  22          //
  23          u8 run_state = 0;
  24          bit f_jdq = 0;//继电器开启标志
  25          //
  26          void main_init(void);
  27          void state_mainloop(void);
  28          void key_mainloop(void);
  29          void temper_mainloop(void);
  30          void led_mainloop(void);
  31          void rtc_mainloop(void);
  32          //
  33          void Delay5ms(void);
  34          void mode_proc(void);
  35          //*******************************
  36          void main(void)
  37          {
  38   1              main_init();
  39   1              EA = 1;
  40   1              while(1)
  41   1              {
  42   2                      state_mainloop();
  43   2                      key_mainloop();
  44   2                      rtc_mainloop();
  45   2                      temper_mainloop();
  46   2                      led_mainloop();
  47   2              }
  48   1      }
  49          //****************************
  50          void main_init(void)
  51          {
  52   1              off(JDQ);off(FMQ);
  53   1              led_dat = 0;    
  54   1              Timer1_Init();
C51 COMPILER V9.60.7.0   MAIN                                                              05/30/2024 18:50:23 PAGE 2   

  55   1      
  56   1              rtc_run(0x15,0x33,0x45);
  57   1              
  58   1              run_state = 10;
  59   1              cj. t=0;//温度
  60   1              cj. t_set=23;//温度参数
  61   1              cj.mode = 0;//0为温度模式，ff为时间模式
  62   1              cj. h=0x15;
  63   1              cj. m=0x33;
  64   1              cj. s=0x45;
  65   1              
  66   1              init_temp();
  67   1      }
  68          //****************************
  69          void state_mainloop(void)
  70          {
  71   1              if(!f_100ms_state) return;
  72   1              f_100ms_state = 0;
  73   1              
  74   1              switch(run_state)
  75   1              {
  76   2                      case 10://温度界面
  77   2                              sprintf(dis_str,"U1   %4.1f",cj.t);
  78   2                      break;
  79   2                      case 20://时间界面//hm
  80   2                              sprintf(dis_str,"U2 %02bu-%02bu",cj.h,cj.m);
  81   2                      break;
  82   2                      case 21://ms
  83   2                              sprintf(dis_str,"U2 %02bu-%02bu",cj.m,cj.s);
  84   2                      break;
  85   2                      case 30://参数界面
  86   2                              sprintf(dis_str,"U3    %02bu",cj.t_set);
  87   2                      break;
  88   2              }
  89   1              disp_proc();
  90   1      }
  91          //************************
  92          void key_mainloop(void)
  93          {
  94   1              u8 _i = 0;
  95   1              if(!f_20ms_key)return;
  96   1              f_20ms_key = 0;
  97   1              
  98   1              key_proc();
  99   1              if(!key_code)return;
 100   1              
 101   1              switch(key_code)
 102   1              {
 103   2                      case S12: //切换界面
 104   2                              switch(run_state)
 105   2                              {
 106   3                                      case 10:run_state=20;break;
 107   3                                      case 20:run_state=30;break;
 108   3                                      case 30:run_state=10;
 109   3                                      break;
 110   3                              }
 111   2                      break;
 112   2                      //
 113   2                      case S13://切换模式//0为温度控制，ff为时间控制
 114   2                              cj.mode = ~cj.mode;
 115   2                              off(JDQ);f_jdq = 0;//切换模式并清除jdq打开情况
 116   2                      break;
C51 COMPILER V9.60.7.0   MAIN                                                              05/30/2024 18:50:23 PAGE 3   

 117   2                      //
 118   2                      case S16://++
 119   2                              switch(run_state)
 120   2                              {
 121   3                                      case 30:if(++cj.t_set > 99)cj.t_set = 10;break;
 122   3                              }
 123   2                      break;
 124   2                      //
 125   2                      case S17://--
 126   2                              switch(run_state)
 127   2                              {
 128   3                                      case 30:if(--cj.t_set < 10)cj.t_set = 99;break;
 129   3                                      case 20:run_state = 21;break;//按下进入ms
 130   3                              }
 131   2                      break;
 132   2                      //
 133   2                      case S17OFF:
 134   2                              switch(run_state)//松开返回hm
 135   2                              {
 136   3                                      case 21:run_state=20;break;
 137   3                              }
 138   2                              break;
 139   2              }
 140   1              key_code = 0;
 141   1      }
 142          //*************************
 143          void led_mainloop(void)
 144          {
 145   1              static u8 t = 0;
 146   1              if(!f_100ms_led)return;
 147   1              f_100ms_led = 0;
 148   1              
 149   1              if(cj.m == 0 && cj.s == 0) 
 150   1                      L1=1;//整点L1亮
 151   1              if(L1)
 152   1              {       
 153   2                      if(++t>=50)
 154   2                      {
 155   3                              t=0;L1=0;
 156   3                      }                       
 157   2              }//L1亮后5秒后灭
 158   1              
 159   1              mode_proc();//模式以及继电器控制
 160   1              
 161   1              P0 = ~led_dat;
 162   1              gate(LED);      
 163   1      }
 164          //*************************
 165          void mode_proc(void)//模式以及继电器控制
 166          {
 167   1              static u8 t = 0;//计算5s
 168   1              switch(cj.mode)
 169   1              {
 170   2                      case 0://温度控制
 171   2                              L2=1;
 172   2                              if(cj.t > cj.t_set)//采集值>参数值//报警
 173   2                              {
 174   3                                      on(JDQ);f_jdq = 1;
 175   3                              }else 
 176   2                              {       
 177   3                                      off(JDQ);f_jdq=0;
 178   3                              }
C51 COMPILER V9.60.7.0   MAIN                                                              05/30/2024 18:50:23 PAGE 4   

 179   2                      break;
 180   2                      case 0xff://时间控制
 181   2                              L2=0;
 182   2                              if(cj.m == 0&&cj.s == 0)//整点报警
 183   2                              {
 184   3                                      on(JDQ);f_jdq = 1;
 185   3                              }
 186   2                              if(f_jdq)
 187   2                              {
 188   3                                      if(++t >= 50)//5s后关jdq
 189   3                                      {
 190   4                                              t = 0;off(JDQ);f_jdq=0;
 191   4                                      }
 192   3                              }
 193   2                      break;
 194   2              }
 195   1              if(f_jdq)//jdq打开闪烁
 196   1                      L3 = ~L3;
 197   1              else L3=0;
 198   1      }
 199          //**************************8
 200          void temper_mainloop(void)
 201          {
 202   1              u16 tmp;
 203   1              if(!f_800ms_temp)return;
 204   1              f_800ms_temp = 0;
 205   1      
 206   1              tmp=read_tem();
 207   1              cj.t = (float)tmp;
 208   1              init_temp();
 209   1      }
 210          //*****************************
 211          void rtc_mainloop(void)
 212          {
 213   1              u8 h,m,s;
 214   1              
 215   1              if(!f_100ms_rtc)return;
 216   1              f_100ms_rtc=0;
 217   1              h=Read_Ds1302_Byte(0x85);
 218   1              m=Read_Ds1302_Byte(0x83);
 219   1              s=Read_Ds1302_Byte(0x81);
 220   1              
 221   1              cj.h = (h>>4)*10 + (h&0x0f);
 222   1              cj.m = (m>>4)*10 + (m&0x0f);
 223   1              cj.s = (s>>4)*10 + (s&0x0f);
 224   1      }
 225          


MODULE INFORMATION:   STATIC OVERLAYABLE
   CODE SIZE        =    611    ----
   CONSTANT SIZE    =     38    ----
   XDATA SIZE       =      9    ----
   PDATA SIZE       =   ----    ----
   DATA SIZE        =      4       3
   IDATA SIZE       =   ----    ----
   BIT SIZE         =      1    ----
END OF MODULE INFORMATION.


C51 COMPILATION COMPLETE.  0 WARNING(S),  0 ERROR(S)
