BL51 BANKED LINKER/LOCATER V6.22.4.0                                                    04/06/2024  11:58:38  PAGE 1


BL51 BANKED LINKER/LOCATER V6.22.4.0, INVOKED BY:
D:\KEILC51\C51\C51\BIN\BL51.EXE .\Objects\ctrl.obj, .\Objects\iic.obj, .\Objects\main.obj, .\Objects\time.obj, .\Objects
>> \led8.obj, .\Objects\key.obj TO .\Objects\S9 PRINT (.\Listings\S9.m51) RAMSIZE (256) DISABLEWARNING (16)


MEMORY MODEL: SMALL


INPUT MODULES INCLUDED:
  .\Objects\ctrl.obj (CTRL)
  .\Objects\iic.obj (IIC)
  .\Objects\main.obj (MAIN)
  .\Objects\time.obj (TIME)
  .\Objects\led8.obj (LED8)
  .\Objects\key.obj (KEY)
  D:\KEILC51\C51\C51\LIB\C51S.LIB (?C_STARTUP)
  D:\KEILC51\C51\C51\LIB\C51S.LIB (?C?IMUL)
  D:\KEILC51\C51\C51\LIB\C51S.LIB (?C?IILDX)
  D:\KEILC51\C51\C51\LIB\C51S.LIB (?C?CCASE)
  D:\KEILC51\C51\C51\LIB\C51S.LIB (PRINTF)
  D:\KEILC51\C51\C51\LIB\C51S.LIB (?C_INIT)
  D:\KEILC51\C51\C51\LIB\C51S.LIB (?C?CLDPTR)
  D:\KEILC51\C51\C51\LIB\C51S.LIB (?C?CLDOPTR)
  D:\KEILC51\C51\C51\LIB\C51S.LIB (?C?CSTPTR)
  D:\KEILC51\C51\C51\LIB\C51S.LIB (?C?PLDIIDATA)
  D:\KEILC51\C51\C51\LIB\C51S.LIB (PUTCHAR)


LINK MAP OF MODULE:  .\Objects\S9 (CTRL)


            TYPE    BASE      LENGTH    RELOCATION   SEGMENT NAME
            -----------------------------------------------------

            * * * * * * *   D A T A   M E M O R Y   * * * * * * *
            REG     0000H     0008H     ABSOLUTE     "REG BANK 0"
            DATA    0008H     0014H     UNIT         _DATA_GROUP_
            DATA    001CH     0002H     UNIT         ?DT?KEY
            DATA    001EH     0001H     UNIT         ?DT?CTRL
                    001FH     0001H                  *** GAP ***
            DATA    0020H     0002H     BIT_ADDR     ?BA?MAIN
            BIT     0022H.0   0001H.1   UNIT         ?BI?TIME
            BIT     0023H.1   0001H.1   UNIT         _BIT_GROUP_
            BIT     0024H.2   0000H.1   UNIT         ?BI?MAIN
                    0024H.3   0000H.5                *** GAP ***
            DATA    0025H     001CH     UNIT         ?DT?LED8
            DATA    0041H     0010H     UNIT         ?DT?MAIN
            DATA    0051H     0006H     UNIT         ?DT?TIME
            IDATA   0057H     0001H     UNIT         ?STACK

            * * * * * * *  X D A T A   M E M O R Y  * * * * * * *
            XDATA   0000H     0012H     UNIT         ?XD?MAIN

            * * * * * * *   C O D E   M E M O R Y   * * * * * * *
            CODE    0000H     0003H     ABSOLUTE     
            CODE    0003H     0018H     UNIT         ?PR?_I2CSENDACK?IIC
            CODE    001BH     0003H     ABSOLUTE     
            CODE    001EH     035CH     UNIT         ?PR?PRINTF?PRINTF
BL51 BANKED LINKER/LOCATER V6.22.4.0                                                  04/06/2024  11:58:38  PAGE 2


            CODE    037AH     013FH     UNIT         ?PR?KEY_MAINLOOP?MAIN
            CODE    04B9H     010AH     UNIT         ?PR?DISP_TRAN?LED8
            CODE    05C3H     00BFH     UNIT         ?PR?LED_MAINLOOP?MAIN
            CODE    0682H     00B6H     UNIT         ?C?LIB_CODE
            CODE    0738H     008EH     UNIT         ?PR?STATE_MAINLOOP?MAIN
            CODE    07C6H     008DH     UNIT         ?PR?MAIN_INIT?MAIN
            CODE    0853H     008CH     UNIT         ?C_C51STARTUP
            CODE    08DFH     0065H     UNIT         ?C_INITSEG
            CODE    0944H     0049H     UNIT         ?PR?TIMFLAG_PROC?TIME
            CODE    098DH     0043H     UNIT         ?PR?LED_PROC?TIME
            CODE    09D0H     0041H     UNIT         ?PR?PIT1?TIME
            CODE    0A11H     003EH     UNIT         ?PR?KEY_PROC?KEY
            CODE    0A4FH     003CH     UNIT         ?PR?DISP_SCAN?LED8
            CODE    0A8BH     0030H     UNIT         ?PR?BLINK8_MAINLOOP?MAIN
            CODE    0ABBH     002CH     UNIT         ?PR?_I2CSENDBYTE?IIC
            CODE    0AE7H     002BH     UNIT         ?PR?GETKEY22?KEY
            CODE    0B12H     0027H     UNIT         ?PR?PUTCHAR?PUTCHAR
            CODE    0B39H     0020H     UNIT         ?CO?MAIN
            CODE    0B59H     001EH     UNIT         ?PR?GETKEYBTN?KEY
            CODE    0B77H     001DH     UNIT         ?PR?I2CRECEIVEBYTE?IIC
            CODE    0B94H     001DH     UNIT         ?PR?I2CWAITACK?IIC
            CODE    0BB1H     001CH     UNIT         ?PR?I2CSTOP?IIC
            CODE    0BCDH     001AH     UNIT         ?PR?_I2C_DELAY?IIC
            CODE    0BE7H     0019H     UNIT         ?PR?ADC_MAINLOOP?MAIN
            CODE    0C00H     0019H     UNIT         ?CO?LED8
            CODE    0C19H     0017H     UNIT         ?PR?_WRITE_E2PROM?IIC
            CODE    0C30H     0016H     UNIT         ?PR?MAIN?MAIN
            CODE    0C46H     0015H     UNIT         ?PR?_WRITE_DAC?IIC
            CODE    0C5BH     0015H     UNIT         ?PR?_READ_E2PROM?IIC
            CODE    0C70H     0013H     UNIT         ?PR?TIMER1_INIT?TIME
            CODE    0C83H     0012H     UNIT         ?PR?_OFF?CTRL
            CODE    0C95H     0011H     UNIT         ?PR?_ON?CTRL
            CODE    0CA6H     000FH     UNIT         ?PR?I2CSTART?IIC
            CODE    0CB5H     000DH     UNIT         ?PR?_INIT_ADC?IIC
            CODE    0CC2H     000BH     UNIT         ?PR?READ_ADC?IIC
            CODE    0CCDH     000AH     UNIT         ?PR?_GATE?CTRL
            CODE    0CD7H     0009H     UNIT         ?PR?DELAY10MS?MAIN



OVERLAY MAP OF MODULE:   .\Objects\S9 (CTRL)


SEGMENT                             BIT_GROUP          DATA_GROUP 
  +--> CALLED SEGMENT            START    LENGTH     START    LENGTH
--------------------------------------------------------------------
?PR?PIT1?TIME                    -----    -----      -----    -----
  +--> ?PR?DISP_SCAN?LED8
  +--> ?PR?TIMFLAG_PROC?TIME
  +--> ?PR?LED_PROC?TIME

?PR?DISP_SCAN?LED8               -----    -----      -----    -----
  +--> ?PR?_GATE?CTRL

?PR?LED_PROC?TIME                -----    -----      -----    -----
  +--> ?PR?_GATE?CTRL

BL51 BANKED LINKER/LOCATER V6.22.4.0                                                  04/06/2024  11:58:38  PAGE 3


*** NEW ROOT ***************************************************

?C_C51STARTUP                    -----    -----      -----    -----
  +--> ?PR?MAIN?MAIN
  +--> ?C_INITSEG

?PR?MAIN?MAIN                    -----    -----      -----    -----
  +--> ?PR?MAIN_INIT?MAIN
  +--> ?PR?STATE_MAINLOOP?MAIN
  +--> ?PR?KEY_MAINLOOP?MAIN
  +--> ?PR?LED_MAINLOOP?MAIN
  +--> ?PR?BLINK8_MAINLOOP?MAIN
  +--> ?PR?ADC_MAINLOOP?MAIN

?PR?MAIN_INIT?MAIN               -----    -----      0008H    0001H
  +--> ?PR?_OFF?CTRL
  +--> ?PR?TIMER1_INIT?TIME
  +--> ?PR?_INIT_ADC?IIC
  +--> ?PR?_READ_E2PROM?IIC
  +--> ?PR?_WRITE_E2PROM?IIC
  +--> ?PR?DELAY10MS?MAIN

?PR?_OFF?CTRL                    -----    -----      -----    -----
  +--> ?PR?_GATE?CTRL

?PR?_INIT_ADC?IIC                -----    -----      -----    -----
  +--> ?PR?I2CSTART?IIC
  +--> ?PR?I2CWAITACK?IIC
  +--> ?PR?I2CSTOP?IIC

?PR?I2CSTART?IIC                 -----    -----      -----    -----
  +--> ?PR?_I2C_DELAY?IIC

?PR?I2CWAITACK?IIC               -----    -----      -----    -----
  +--> ?PR?_I2CSENDBYTE?IIC
  +--> ?PR?_I2C_DELAY?IIC

?PR?_I2CSENDBYTE?IIC             -----    -----      -----    -----
  +--> ?PR?_I2C_DELAY?IIC

?PR?I2CSTOP?IIC                  -----    -----      -----    -----
  +--> ?PR?_I2CSENDBYTE?IIC
  +--> ?PR?I2CWAITACK?IIC
  +--> ?PR?I2CRECEIVEBYTE?IIC
  +--> ?PR?_I2CSENDACK?IIC
  +--> ?PR?_I2C_DELAY?IIC

?PR?I2CRECEIVEBYTE?IIC           -----    -----      -----    -----
  +--> ?PR?_I2C_DELAY?IIC

?PR?_I2CSENDACK?IIC              -----    -----      -----    -----
  +--> ?PR?_I2C_DELAY?IIC

?PR?_READ_E2PROM?IIC             -----    -----      -----    -----
  +--> ?PR?I2CSTART?IIC
  +--> ?PR?I2CWAITACK?IIC
  +--> ?PR?I2CSTOP?IIC
BL51 BANKED LINKER/LOCATER V6.22.4.0                                                  04/06/2024  11:58:38  PAGE 4



?PR?_WRITE_E2PROM?IIC            -----    -----      -----    -----
  +--> ?PR?I2CSTART?IIC
  +--> ?PR?_I2CSENDBYTE?IIC
  +--> ?PR?I2CWAITACK?IIC
  +--> ?PR?I2CSTOP?IIC

?PR?STATE_MAINLOOP?MAIN          -----    -----      -----    -----
  +--> ?CO?MAIN
  +--> ?PR?PRINTF?PRINTF
  +--> ?PR?DISP_TRAN?LED8

?PR?PRINTF?PRINTF                0023H.1  0001H.1    0008H    0014H
  +--> ?PR?PUTCHAR?PUTCHAR

?PR?DISP_TRAN?LED8               -----    -----      0008H    0003H
  +--> ?CO?LED8

?PR?KEY_MAINLOOP?MAIN            -----    -----      -----    -----
  +--> ?PR?KEY_PROC?KEY
  +--> ?PR?_WRITE_E2PROM?IIC

?PR?KEY_PROC?KEY                 -----    -----      -----    -----
  +--> ?PR?GETKEY22?KEY

?PR?ADC_MAINLOOP?MAIN            -----    -----      -----    -----
  +--> ?PR?READ_ADC?IIC

?PR?READ_ADC?IIC                 -----    -----      -----    -----
  +--> ?PR?I2CSTART?IIC
  +--> ?PR?I2CSTOP?IIC



SYMBOL TABLE OF MODULE:  .\Objects\S9 (CTRL)

  VALUE           TYPE          NAME
  ----------------------------------

  -------         MODULE        CTRL
  C:0000H         SYMBOL        _ICE_DUMMY_
  D:0080H         PUBLIC        P0
  D:0090H         PUBLIC        P1
  D:00A0H         PUBLIC        P2
  D:00B0H         PUBLIC        P3
  D:00C0H         PUBLIC        P4
  D:00C8H         PUBLIC        P5
  D:00E8H         PUBLIC        P6
  D:00F8H         PUBLIC        P7
  D:00A8H         PUBLIC        IE
  D:00B8H         PUBLIC        IP
  C:0CCDH         PUBLIC        _gate
  D:00D8H         PUBLIC        CCON
  D:0098H         PUBLIC        SCON
  D:0088H         PUBLIC        TCON
  C:0C83H         PUBLIC        _off
  C:0C95H         PUBLIC        _on
BL51 BANKED LINKER/LOCATER V6.22.4.0                                                  04/06/2024  11:58:38  PAGE 5


  D:001EH         PUBLIC        ctr_dat
  D:00D0H         PUBLIC        PSW
  -------         PROC          _GATE
  D:0007H         SYMBOL        a
  C:0CCDH         LINE#         4
  C:0CCDH         LINE#         5
  C:0CCDH         LINE#         6
  C:0CD0H         LINE#         7
  C:0CD3H         LINE#         8
  C:0CD6H         LINE#         9
  -------         ENDPROC       _GATE
  -------         PROC          _ON
  D:0007H         SYMBOL        a
  C:0C95H         LINE#         11
  C:0C95H         LINE#         12
  C:0C95H         LINE#         13
  C:0C9AH         LINE#         15
  C:0C9DH         LINE#         16
  C:0CA0H         LINE#         17
  C:0CA5H         LINE#         18
  -------         ENDPROC       _ON
  -------         PROC          _OFF
  D:0007H         SYMBOL        a
  C:0C83H         LINE#         19
  C:0C83H         LINE#         20
  C:0C83H         LINE#         21
  C:0C88H         LINE#         23
  C:0C8CH         LINE#         24
  C:0C8FH         LINE#         25
  C:0C94H         LINE#         26
  -------         ENDPROC       _OFF
  -------         ENDMOD        CTRL

  -------         MODULE        IIC
  C:0000H         SYMBOL        _ICE_DUMMY_
  D:0080H         PUBLIC        P0
  D:0090H         PUBLIC        P1
  D:00A0H         PUBLIC        P2
  D:00B0H         PUBLIC        P3
  D:00C0H         PUBLIC        P4
  D:00C8H         PUBLIC        P5
  D:00E8H         PUBLIC        P6
  D:00F8H         PUBLIC        P7
  D:00A8H         PUBLIC        IE
  C:0BD1H         SYMBOL        _I2C_Delay
  D:00B8H         PUBLIC        IP
  C:0B77H         PUBLIC        I2CReceiveByte
  D:00D8H         PUBLIC        CCON
  C:0CC2H         PUBLIC        read_adc
  D:0098H         PUBLIC        SCON
  D:0088H         PUBLIC        TCON
  C:0C46H         PUBLIC        _write_dac
  B:00A0H.1       PUBLIC        sda
  C:0CB5H         PUBLIC        _init_adc
  B:00A0H.0       PUBLIC        scl
  C:0CA6H         PUBLIC        I2CStart
  C:0C5BH         PUBLIC        _read_e2prom
BL51 BANKED LINKER/LOCATER V6.22.4.0                                                  04/06/2024  11:58:38  PAGE 6


  C:0003H         PUBLIC        _I2CSendAck
  C:0ABBH         PUBLIC        _I2CSendByte
  C:0B9FH         PUBLIC        I2CWaitAck
  C:0BC1H         PUBLIC        I2CStop
  C:0C19H         PUBLIC        _write_e2prom
  D:00D0H         PUBLIC        PSW
  C:0BCDH         SYMBOL        L?0028
  -------         PROC          L?0027
  -------         ENDPROC       L?0027
  C:0BCDH         SYMBOL        L?0028
  -------         PROC          _I2C_DELAY
  D:0007H         SYMBOL        n
  C:0BD1H         LINE#         10
  C:0BD1H         LINE#         11
  C:0BD1H         LINE#         13
  C:0BD1H         LINE#         14
  C:0BD6H         LINE#         15
  C:0BDBH         LINE#         16
  C:0BE0H         LINE#         17
  C:0BE0H         LINE#         18
  C:0BE6H         LINE#         19
  -------         ENDPROC       _I2C_DELAY
  -------         PROC          I2CSTART
  C:0CA6H         LINE#         22
  C:0CA6H         LINE#         23
  C:0CA6H         LINE#         24
  C:0CA8H         LINE#         25
  C:0CA8H         LINE#         26
  C:0CABH         LINE#         27
  C:0CADH         LINE#         28
  C:0CB2H         LINE#         29
  C:0CB4H         LINE#         30
  -------         ENDPROC       I2CSTART
  -------         PROC          L?0029
  -------         ENDPROC       L?0029
  -------         PROC          I2CSTOP
  C:0BC1H         LINE#         33
  C:0BC1H         LINE#         34
  C:0BC1H         LINE#         35
  C:0BC3H         LINE#         36
  C:0BC3H         LINE#         37
  C:0BC6H         LINE#         38
  C:0BC8H         LINE#         39
  -------         ENDPROC       I2CSTOP
  -------         PROC          _I2CSENDBYTE
  D:0005H         SYMBOL        byt
  -------         DO            
  D:0004H         SYMBOL        i
  -------         ENDDO         
  C:0ABBH         LINE#         43
  C:0ABDH         LINE#         44
  C:0ABDH         LINE#         47
  C:0ABFH         LINE#         48
  C:0ABFH         LINE#         49
  C:0AC1H         LINE#         50
  C:0AC6H         LINE#         51
  C:0ACAH         LINE#         52
BL51 BANKED LINKER/LOCATER V6.22.4.0                                                  04/06/2024  11:58:38  PAGE 7


  C:0ACAH         LINE#         53
  C:0ACCH         LINE#         54
  C:0ACEH         LINE#         56
  C:0ACEH         LINE#         57
  C:0AD0H         LINE#         58
  C:0AD0H         LINE#         59
  C:0AD5H         LINE#         60
  C:0AD7H         LINE#         61
  C:0ADBH         LINE#         62
  C:0AE0H         LINE#         63
  C:0AE4H         LINE#         64
  C:0AE6H         LINE#         65
  -------         ENDPROC       _I2CSENDBYTE
  -------         PROC          I2CRECEIVEBYTE
  -------         DO            
  D:0005H         SYMBOL        da
  D:0004H         SYMBOL        i
  -------         ENDDO         
  C:0B77H         LINE#         68
  C:0B77H         LINE#         69
  C:0B77H         LINE#         72
  C:0B79H         LINE#         73
  C:0B79H         LINE#         74
  C:0B79H         LINE#         75
  C:0B7CH         LINE#         76
  C:0B80H         LINE#         77
  C:0B83H         LINE#         78
  C:0B86H         LINE#         79
  C:0B88H         LINE#         80
  C:0B8DH         LINE#         81
  C:0B91H         LINE#         82
  C:0B93H         LINE#         83
  -------         ENDPROC       I2CRECEIVEBYTE
  C:0B94H         SYMBOL        L?0026
  -------         PROC          L?0025
  -------         ENDPROC       L?0025
  C:0B94H         SYMBOL        L?0026
  -------         PROC          I2CWAITACK
  -------         DO            
  D:0005H         SYMBOL        ackbit
  -------         ENDDO         
  C:0B9FH         LINE#         86
  C:0B9FH         LINE#         87
  C:0B9FH         LINE#         90
  C:0B9FH         LINE#         91
  C:0BA2H         LINE#         92
  C:0BA7H         LINE#         93
  C:0BA9H         LINE#         94
  C:0BAEH         LINE#         96
  C:0BB0H         LINE#         97
  -------         ENDPROC       I2CWAITACK
  -------         PROC          _I2CSENDACK
  D:0007H         SYMBOL        ackbit
  C:0003H         LINE#         100
  C:0003H         LINE#         101
  C:0003H         LINE#         102
  C:0005H         LINE#         103
BL51 BANKED LINKER/LOCATER V6.22.4.0                                                  04/06/2024  11:58:38  PAGE 8


  C:000AH         LINE#         104
  C:000FH         LINE#         105
  C:000FH         LINE#         106
  C:0012H         LINE#         107
  C:0014H         LINE#         108
  C:0016H         LINE#         109
  -------         ENDPROC       _I2CSENDACK
  -------         PROC          _INIT_ADC
  D:0003H         SYMBOL        add
  C:0CB5H         LINE#         113
  C:0CB7H         LINE#         114
  C:0CB7H         LINE#         115
  C:0CBAH         LINE#         116
  C:0CBCH         LINE#         117
  C:0CBCH         LINE#         118
  C:0CBCH         LINE#         119
  C:0CBFH         LINE#         120
  -------         ENDPROC       _INIT_ADC
  -------         PROC          READ_ADC
  -------         DO            
  D:0005H         SYMBOL        ad_dat
  -------         ENDDO         
  C:0CC2H         LINE#         123
  C:0CC2H         LINE#         124
  C:0CC2H         LINE#         127
  C:0CC5H         LINE#         128
  C:0CC7H         LINE#         129
  C:0CC7H         LINE#         130
  C:0CC7H         LINE#         131
  C:0CC7H         LINE#         132
  C:0CCAH         LINE#         134
  C:0CCCH         LINE#         135
  -------         ENDPROC       READ_ADC
  -------         PROC          _WRITE_DAC
  D:0003H         SYMBOL        dat
  C:0C46H         LINE#         137
  C:0C48H         LINE#         138
  C:0C48H         LINE#         139
  C:0C4BH         LINE#         140
  C:0C50H         LINE#         141
  C:0C53H         LINE#         142
  C:0C55H         LINE#         143
  C:0C55H         LINE#         144
  C:0C55H         LINE#         145
  C:0C58H         LINE#         146
  -------         ENDPROC       _WRITE_DAC
  -------         PROC          _WRITE_E2PROM
  D:0002H         SYMBOL        add
  D:0003H         SYMBOL        dat
  C:0C19H         LINE#         149
  C:0C1DH         LINE#         150
  C:0C1DH         LINE#         151
  C:0C20H         LINE#         152
  C:0C25H         LINE#         153
  C:0C28H         LINE#         154
  C:0C2AH         LINE#         155
  C:0C2AH         LINE#         156
BL51 BANKED LINKER/LOCATER V6.22.4.0                                                  04/06/2024  11:58:38  PAGE 9


  C:0C2AH         LINE#         157
  C:0C2DH         LINE#         158
  -------         ENDPROC       _WRITE_E2PROM
  -------         PROC          _READ_E2PROM
  D:0003H         SYMBOL        add
  -------         DO            
  D:0005H         SYMBOL        dat
  -------         ENDDO         
  C:0C5BH         LINE#         161
  C:0C5DH         LINE#         162
  C:0C5DH         LINE#         164
  C:0C60H         LINE#         165
  C:0C62H         LINE#         166
  C:0C62H         LINE#         167
  C:0C62H         LINE#         168
  C:0C65H         LINE#         170
  C:0C68H         LINE#         171
  C:0C6AH         LINE#         172
  C:0C6AH         LINE#         173
  C:0C6AH         LINE#         174
  C:0C6AH         LINE#         175
  C:0C6DH         LINE#         177
  C:0C6FH         LINE#         180
  -------         ENDPROC       _READ_E2PROM
  -------         ENDMOD        IIC

  -------         MODULE        MAIN
  C:0000H         SYMBOL        _ICE_DUMMY_
  B:0020H.2       PUBLIC        L3
  B:0020H.3       PUBLIC        L4
  D:0080H         PUBLIC        P0
  B:0020H.4       PUBLIC        L5
  D:0090H         PUBLIC        P1
  B:0020H.5       PUBLIC        L6
  D:00A0H         PUBLIC        P2
  B:0020H.6       PUBLIC        L7
  D:00B0H         PUBLIC        P3
  B:0020H.7       PUBLIC        L8
  D:00C0H         PUBLIC        P4
  D:00C8H         PUBLIC        P5
  B:00A8H.7       PUBLIC        EA
  D:00E8H         PUBLIC        P6
  D:00F8H         PUBLIC        P7
  D:00A8H         PUBLIC        IE
  C:037AH         PUBLIC        key_mainloop
  C:0A8BH         PUBLIC        blink8_mainloop
  D:00B8H         PUBLIC        IP
  D:00D8H         PUBLIC        CCON
  C:0C30H         PUBLIC        main
  D:0098H         PUBLIC        SCON
  C:0CD7H         PUBLIC        Delay10ms
  D:0088H         PUBLIC        TCON
  C:07C6H         PUBLIC        main_init
  B:0024H.2       PUBLIC        f_led_t
  D:0020H         PUBLIC        led_dat
  D:0044H         PUBLIC        run_state
  D:0021H         PUBLIC        blink8_dat
BL51 BANKED LINKER/LOCATER V6.22.4.0                                                  04/06/2024  11:58:38  PAGE 10


  D:0045H         PUBLIC        led1
  D:004DH         PUBLIC        led2
  C:0738H         PUBLIC        state_mainloop
  C:0BE7H         PUBLIC        adc_mainloop
  X:0000H         PUBLIC        x
  D:00D0H         PUBLIC        PSW
  C:05C3H         PUBLIC        led_mainloop
  B:0020H.0       PUBLIC        L1
  B:0020H.1       PUBLIC        L2
  -------         PROC          MAIN
  C:0C30H         LINE#         44
  C:0C30H         LINE#         45
  C:0C30H         LINE#         46
  C:0C33H         LINE#         47
  C:0C35H         LINE#         48
  C:0C35H         LINE#         49
  C:0C35H         LINE#         50
  C:0C38H         LINE#         51
  C:0C3BH         LINE#         52
  C:0C3EH         LINE#         53
  C:0C41H         LINE#         54
  C:0C44H         LINE#         55
  -------         ENDPROC       MAIN
  -------         PROC          MAIN_INIT
  -------         DO            
  D:0008H         SYMBOL        i
  -------         ENDDO         
  C:07C6H         LINE#         58
  C:07C6H         LINE#         59
  C:07C6H         LINE#         62
  C:07D0H         LINE#         63
  C:07D3H         LINE#         64
  C:07D6H         LINE#         65
  C:07DBH         LINE#         68
  C:07DEH         LINE#         69
  C:07DEH         LINE#         70
  C:07F5H         LINE#         71
  C:081CH         LINE#         72
  C:081CH         LINE#         73
  C:082FH         LINE#         74
  C:0835H         LINE#         75
  C:0838H         LINE#         76
  C:0838H         LINE#         77
  C:0841H         LINE#         79
  C:0844H         LINE#         80
  C:0849H         LINE#         81
  C:084BH         LINE#         82
  C:084DH         LINE#         83
  C:0850H         LINE#         84
  C:0852H         LINE#         86
  -------         ENDPROC       MAIN_INIT
  -------         PROC          STATE_MAINLOOP
  C:0738H         LINE#         88
  C:0738H         LINE#         89
  C:0738H         LINE#         90
  C:073EH         LINE#         91
  C:0740H         LINE#         92
BL51 BANKED LINKER/LOCATER V6.22.4.0                                                  04/06/2024  11:58:38  PAGE 11


  C:0751H         LINE#         93
  C:0751H         LINE#         94
  C:0751H         LINE#         95
  C:075AH         LINE#         96
  C:075CH         LINE#         97
  C:075CH         LINE#         98
  C:0786H         LINE#         99
  C:0788H         LINE#         100
  C:0788H         LINE#         101
  C:07A8H         LINE#         102
  C:07AAH         LINE#         103
  C:07AAH         LINE#         104
  C:07C2H         LINE#         105
  C:07C2H         LINE#         106
  C:07C2H         LINE#         107
  C:07C5H         LINE#         108
  -------         ENDPROC       STATE_MAINLOOP
  -------         PROC          KEY_MAINLOOP
  C:037AH         LINE#         110
  C:037AH         LINE#         111
  C:037AH         LINE#         112
  C:0380H         LINE#         113
  C:0382H         LINE#         115
  C:0385H         LINE#         116
  C:038CH         LINE#         118
  C:03ACH         LINE#         119
  C:03ACH         LINE#         120
  C:03ACH         LINE#         121
  C:03BCH         LINE#         122
  C:03BCH         LINE#         123
  C:03BCH         LINE#         124
  C:03CAH         LINE#         125
  C:03CDH         LINE#         126
  C:03CDH         LINE#         127
  C:03EDH         LINE#         128
  C:03EFH         LINE#         129
  C:03F5H         LINE#         130
  C:03F5H         LINE#         131
  C:03F5H         LINE#         132
  C:03F5H         LINE#         133
  C:0401H         LINE#         134
  C:0401H         LINE#         135
  C:0401H         LINE#         136
  C:0412H         LINE#         137
  C:0415H         LINE#         138
  C:0415H         LINE#         139
  C:0438H         LINE#         140
  C:043AH         LINE#         141
  C:043AH         LINE#         142
  C:043AH         LINE#         143
  C:043AH         LINE#         144
  C:0447H         LINE#         145
  C:0447H         LINE#         146
  C:044DH         LINE#         147
  C:0453H         LINE#         148
  C:0455H         LINE#         150
  C:045BH         LINE#         151
BL51 BANKED LINKER/LOCATER V6.22.4.0                                                  04/06/2024  11:58:38  PAGE 12


  C:0472H         LINE#         152
  C:0474H         LINE#         154
  C:047AH         LINE#         155
  C:0486H         LINE#         156
  C:04A2H         LINE#         157
  C:04A4H         LINE#         158
  C:04A4H         LINE#         159
  C:04A4H         LINE#         160
  C:04A4H         LINE#         161
  C:04AAH         LINE#         162
  C:04ACH         LINE#         164
  C:04ACH         LINE#         165
  C:04B2H         LINE#         166
  C:04B2H         LINE#         167
  C:04B5H         LINE#         168
  C:04B5H         LINE#         169
  C:04B5H         LINE#         170
  C:04B5H         LINE#         171
  C:04B8H         LINE#         172
  -------         ENDPROC       KEY_MAINLOOP
  -------         PROC          LED_MAINLOOP
  -------         DO            
  D:0041H         SYMBOL        t
  D:0043H         SYMBOL        i
  -------         ENDDO         
  C:05C3H         LINE#         174
  C:05C3H         LINE#         175
  C:05C3H         LINE#         179
  C:05C9H         LINE#         180
  C:05CBH         LINE#         181
  C:05D4H         LINE#         182
  C:0603H         LINE#         183
  C:0608H         LINE#         185
  C:0617H         LINE#         186
  C:0617H         LINE#         187
  C:0617H         LINE#         188
  C:0631H         LINE#         189
  C:0632H         LINE#         190
  C:0632H         LINE#         191
  C:064CH         LINE#         192
  C:064DH         LINE#         193
  C:064DH         LINE#         194
  C:0667H         LINE#         195
  C:0668H         LINE#         196
  C:0668H         LINE#         197
  C:0681H         LINE#         198
  C:0681H         LINE#         199
  C:0681H         LINE#         200
  -------         ENDPROC       LED_MAINLOOP
  -------         PROC          BLINK8_MAINLOOP
  -------         DO            
  D:0007H         SYMBOL        i
  D:0006H         SYMBOL        tmp
  -------         ENDDO         
  C:0A8BH         LINE#         202
  C:0A8BH         LINE#         203
  C:0A8BH         LINE#         204
BL51 BANKED LINKER/LOCATER V6.22.4.0                                                  04/06/2024  11:58:38  PAGE 13


  C:0A8EH         LINE#         206
  C:0A91H         LINE#         207
  C:0A93H         LINE#         209
  C:0A97H         LINE#         211
  C:0A97H         LINE#         212
  C:0A97H         LINE#         213
  C:0AA5H         LINE#         214
  C:0AA7H         LINE#         215
  C:0AB0H         LINE#         217
  C:0AB6H         LINE#         218
  C:0ABAH         LINE#         219
  -------         ENDPROC       BLINK8_MAINLOOP
  -------         PROC          ADC_MAINLOOP
  C:0BE7H         LINE#         221
  C:0BE7H         LINE#         222
  C:0BE7H         LINE#         223
  C:0BEAH         LINE#         224
  C:0BECH         LINE#         226
  C:0BF4H         LINE#         227
  C:0BFFH         LINE#         228
  -------         ENDPROC       ADC_MAINLOOP
  -------         PROC          DELAY10MS
  -------         DO            
  D:0007H         SYMBOL        i
  D:0006H         SYMBOL        j
  -------         ENDDO         
  C:0CD7H         LINE#         230
  C:0CD7H         LINE#         231
  C:0CD7H         LINE#         234
  C:0CD9H         LINE#         235
  C:0CDBH         LINE#         237
  C:0CDBH         LINE#         238
  C:0CDDH         LINE#         239
  C:0CDFH         LINE#         240
  -------         ENDPROC       DELAY10MS
  -------         ENDMOD        MAIN

  -------         MODULE        TIME
  C:0000H         SYMBOL        _ICE_DUMMY_
  C:0944H         PUBLIC        timflag_proc
  D:0080H         PUBLIC        P0
  D:0090H         PUBLIC        P1
  D:00A0H         PUBLIC        P2
  D:00B0H         PUBLIC        P3
  D:00C0H         PUBLIC        P4
  D:00C8H         PUBLIC        P5
  D:00E8H         PUBLIC        P6
  D:00F8H         PUBLIC        P7
  D:00A8H         PUBLIC        IE
  D:00B8H         PUBLIC        IP
  C:09D0H         PUBLIC        PIT1
  D:00D8H         PUBLIC        CCON
  C:0C70H         PUBLIC        Timer1_Init
  D:0098H         PUBLIC        SCON
  B:0022H.0       PUBLIC        f_20ms_key
  D:0089H         PUBLIC        TMOD
  D:0088H         PUBLIC        TCON
BL51 BANKED LINKER/LOCATER V6.22.4.0                                                  04/06/2024  11:58:38  PAGE 14


  B:0022H.1       PUBLIC        f_100ms_state
  D:008EH         PUBLIC        AUXR
  B:0022H.2       PUBLIC        f_100ms_adc
  B:00A8H.3       PUBLIC        ET1
  B:0088H.7       PUBLIC        TF1
  C:098DH         PUBLIC        led_proc
  D:008DH         PUBLIC        TH1
  B:0022H.3       PUBLIC        f_100ms_led
  D:008BH         PUBLIC        TL1
  B:0088H.6       PUBLIC        TR1
  B:0022H.4       PUBLIC        f_200ms_uart
  B:0022H.5       PUBLIC        f_100ms_rtc
  B:0022H.6       PUBLIC        f_1s
  B:0022H.7       PUBLIC        f_800ms_blink8
  B:0023H.0       PUBLIC        f_2ms_led
  D:00D0H         PUBLIC        PSW
  -------         PROC          PIT1
  C:09D0H         LINE#         14
  C:09EDH         LINE#         16
  C:09F0H         LINE#         17
  C:09F3H         LINE#         18
  C:09F6H         LINE#         19
  -------         ENDPROC       PIT1
  -------         PROC          TIMER1_INIT
  C:0C70H         LINE#         21
  C:0C70H         LINE#         22
  C:0C70H         LINE#         23
  C:0C73H         LINE#         24
  C:0C76H         LINE#         25
  C:0C79H         LINE#         26
  C:0C7CH         LINE#         27
  C:0C7EH         LINE#         28
  C:0C80H         LINE#         29
  C:0C82H         LINE#         30
  -------         ENDPROC       TIMER1_INIT
  -------         PROC          TIMFLAG_PROC
  -------         DO            
  D:0051H         SYMBOL        cnt_20ms
  D:0052H         SYMBOL        cnt_100ms
  D:0053H         SYMBOL        cnt_200ms
  D:0054H         SYMBOL        cnt_800ms
  -------         ENDDO         
  C:0944H         LINE#         32
  C:0944H         LINE#         33
  C:0944H         LINE#         39
  C:094DH         LINE#         40
  C:094DH         LINE#         41
  C:0950H         LINE#         42
  C:0952H         LINE#         43
  C:0952H         LINE#         44
  C:095BH         LINE#         45
  C:095BH         LINE#         46
  C:095EH         LINE#         47
  C:0966H         LINE#         48
  C:0966H         LINE#         49
  C:096FH         LINE#         50
  C:096FH         LINE#         51
BL51 BANKED LINKER/LOCATER V6.22.4.0                                                  04/06/2024  11:58:38  PAGE 15


  C:0972H         LINE#         52
  C:0974H         LINE#         53
  C:0974H         LINE#         54
  C:0985H         LINE#         55
  C:0985H         LINE#         56
  C:098AH         LINE#         57
  C:098CH         LINE#         58
  C:098CH         LINE#         59
  -------         ENDPROC       TIMFLAG_PROC
  -------         PROC          LED_PROC
  -------         DO            
  D:0056H         SYMBOL        t
  -------         ENDDO         
  C:098DH         LINE#         61
  C:098DH         LINE#         62
  C:098DH         LINE#         65
  C:0997H         LINE#         66
  C:09A9H         LINE#         67
  C:09A9H         LINE#         68
  C:09A9H         LINE#         69
  C:09AFH         LINE#         73
  C:09AFH         LINE#         74
  C:09B8H         LINE#         75
  C:09B8H         LINE#         76
  C:09BAH         LINE#         78
  C:09BAH         LINE#         79
  C:09C4H         LINE#         80
  C:09C4H         LINE#         81
  C:09C6H         LINE#         83
  C:09C6H         LINE#         84
  C:09CBH         LINE#         85
  C:09CBH         LINE#         86
  C:09CBH         LINE#         87
  -------         ENDPROC       LED_PROC
  -------         ENDMOD        TIME

  -------         MODULE        LED8
  C:0000H         SYMBOL        _ICE_DUMMY_
  D:0080H         PUBLIC        P0
  D:0090H         PUBLIC        P1
  D:00A0H         PUBLIC        P2
  D:00B0H         PUBLIC        P3
  D:00C0H         PUBLIC        P4
  D:00C8H         PUBLIC        P5
  D:00E8H         PUBLIC        P6
  D:00F8H         PUBLIC        P7
  D:00A8H         PUBLIC        IE
  D:00B8H         PUBLIC        IP
  D:00D8H         PUBLIC        CCON
  D:0098H         PUBLIC        SCON
  D:0026H         PUBLIC        dis_blink
  D:0088H         PUBLIC        TCON
  C:0A4FH         PUBLIC        disp_scan
  C:0C00H         PUBLIC        seg
  C:04B9H         PUBLIC        disp_tran
  D:002EH         PUBLIC        dis_buf
  D:00D0H         PUBLIC        PSW
BL51 BANKED LINKER/LOCATER V6.22.4.0                                                  04/06/2024  11:58:38  PAGE 16


  D:0036H         PUBLIC        dis_str
  -------         PROC          DISP_SCAN
  -------         DO            
  D:0025H         SYMBOL        i
  -------         ENDDO         
  C:0A4FH         LINE#         39
  C:0A4FH         LINE#         40
  C:0A4FH         LINE#         43
  C:0A52H         LINE#         44
  C:0A57H         LINE#         46
  C:0A67H         LINE#         47
  C:0A6CH         LINE#         49
  C:0A7BH         LINE#         50
  C:0A80H         LINE#         52
  C:0A8AH         LINE#         53
  -------         ENDPROC       DISP_SCAN
  -------         PROC          DISP_TRAN
  -------         DO            
  D:0008H         SYMBOL        i
  D:0009H         SYMBOL        j
  D:000AH         SYMBOL        temp
  -------         ENDDO         
  C:04B9H         LINE#         55
  C:04B9H         LINE#         56
  C:04B9H         LINE#         57
  C:04BCH         LINE#         58
  C:04BEH         LINE#         60
  C:04CAH         LINE#         61
  C:04CAH         LINE#         62
  C:0522H         LINE#         63
  C:0522H         LINE#         64
  C:0527H         LINE#         65
  C:052CH         LINE#         66
  C:0531H         LINE#         67
  C:0536H         LINE#         68
  C:053BH         LINE#         69
  C:0540H         LINE#         70
  C:0545H         LINE#         71
  C:054AH         LINE#         72
  C:054FH         LINE#         73
  C:0554H         LINE#         74
  C:0559H         LINE#         75
  C:055EH         LINE#         76
  C:0563H         LINE#         77
  C:0568H         LINE#         78
  C:056DH         LINE#         79
  C:0572H         LINE#         80
  C:0577H         LINE#         81
  C:057CH         LINE#         82
  C:0581H         LINE#         83
  C:0586H         LINE#         84
  C:058BH         LINE#         85
  C:0590H         LINE#         86
  C:0595H         LINE#         87
  C:059AH         LINE#         88
  C:05A3H         LINE#         89
  C:05A6H         LINE#         90
BL51 BANKED LINKER/LOCATER V6.22.4.0                                                  04/06/2024  11:58:38  PAGE 17


  C:05A6H         LINE#         91
  C:05AFH         LINE#         92
  C:05AFH         LINE#         93
  C:05B2H         LINE#         94
  C:05B4H         LINE#         95
  C:05B4H         LINE#         96
  C:05BBH         LINE#         97
  C:05C2H         LINE#         98
  -------         ENDPROC       DISP_TRAN
  -------         ENDMOD        LED8

  -------         MODULE        KEY
  C:0000H         SYMBOL        _ICE_DUMMY_
  D:0080H         PUBLIC        P0
  D:0090H         PUBLIC        P1
  D:00A0H         PUBLIC        P2
  D:00B0H         PUBLIC        P3
  D:00C0H         PUBLIC        P4
  D:00C8H         PUBLIC        P5
  D:00E8H         PUBLIC        P6
  D:00F8H         PUBLIC        P7
  D:00A8H         PUBLIC        IE
  D:00B8H         PUBLIC        IP
  D:00D8H         PUBLIC        CCON
  B:00B0H.0       PUBLIC        P30
  D:0098H         PUBLIC        SCON
  B:00B0H.1       PUBLIC        P31
  D:0088H         PUBLIC        TCON
  B:00B0H.2       PUBLIC        P32
  B:00C0H.2       PUBLIC        P42
  B:00B0H.3       PUBLIC        P33
  B:00C0H.4       PUBLIC        P44
  D:001DH         PUBLIC        key_code
  C:0B59H         PUBLIC        getkeybtn
  C:0A11H         PUBLIC        key_proc
  C:0AE7H         PUBLIC        getkey22
  D:00D0H         PUBLIC        PSW
  -------         PROC          GETKEY22
  -------         DO            
  D:0007H         SYMBOL        tmp
  -------         ENDDO         
  C:0AE7H         LINE#         4
  C:0AE7H         LINE#         5
  C:0AE7H         LINE#         6
  C:0AE9H         LINE#         8
  C:0AEDH         LINE#         9
  C:0AF1H         LINE#         10
  C:0AF5H         LINE#         11
  C:0AFBH         LINE#         15
  C:0AFFH         LINE#         16
  C:0B03H         LINE#         17
  C:0B0AH         LINE#         18
  C:0B11H         LINE#         20
  C:0B11H         LINE#         21
  -------         ENDPROC       GETKEY22
  -------         PROC          GETKEYBTN
  -------         DO            
BL51 BANKED LINKER/LOCATER V6.22.4.0                                                  04/06/2024  11:58:38  PAGE 18


  D:0007H         SYMBOL        tmp
  -------         ENDDO         
  C:0B59H         LINE#         22
  C:0B59H         LINE#         23
  C:0B59H         LINE#         24
  C:0B5BH         LINE#         25
  C:0B63H         LINE#         26
  C:0B67H         LINE#         27
  C:0B6CH         LINE#         28
  C:0B71H         LINE#         29
  C:0B76H         LINE#         30
  C:0B76H         LINE#         32
  -------         ENDPROC       GETKEYBTN
  -------         PROC          KEY_PROC
  -------         DO            
  D:001CH         SYMBOL        k_state
  D:0007H         SYMBOL        k_tmp
  -------         ENDDO         
  C:0A11H         LINE#         34
  C:0A11H         LINE#         35
  C:0A11H         LINE#         37
  C:0A13H         LINE#         39
  C:0A16H         LINE#         42
  C:0A25H         LINE#         43
  C:0A25H         LINE#         44
  C:0A25H         LINE#         45
  C:0A2BH         LINE#         46
  C:0A2CH         LINE#         47
  C:0A2CH         LINE#         48
  C:0A2FH         LINE#         49
  C:0A2FH         LINE#         50
  C:0A31H         LINE#         51
  C:0A34H         LINE#         52
  C:0A34H         LINE#         53
  C:0A37H         LINE#         54
  C:0A3BH         LINE#         55
  C:0A3CH         LINE#         56
  C:0A3FH         LINE#         57
  C:0A40H         LINE#         58
  C:0A40H         LINE#         59
  C:0A45H         LINE#         60
  C:0A46H         LINE#         62
  C:0A46H         LINE#         63
  C:0A49H         LINE#         64
  C:0A49H         LINE#         65
  C:0A4CH         LINE#         66
  C:0A4EH         LINE#         67
  C:0A4EH         LINE#         68
  C:0A4EH         LINE#         70
  C:0A4EH         LINE#         71
  -------         ENDPROC       KEY_PROC
  -------         ENDMOD        KEY

  -------         MODULE        ?C?IMUL
  C:0682H         PUBLIC        ?C?IMUL
  -------         ENDMOD        ?C?IMUL

BL51 BANKED LINKER/LOCATER V6.22.4.0                                                  04/06/2024  11:58:38  PAGE 19


  -------         MODULE        ?C?IILDX
  C:0694H         PUBLIC        ?C?IILDX
  -------         ENDMOD        ?C?IILDX

  -------         MODULE        ?C?CCASE
  C:06AAH         PUBLIC        ?C?CCASE
  -------         ENDMOD        ?C?CCASE

  -------         MODULE        PRINTF
  D:0008H         PUBLIC        ?_PRINTF517?BYTE
  D:0008H         PUBLIC        ?_PRINTF?BYTE
  D:0008H         PUBLIC        ?_SPRINTF517?BYTE
  D:0008H         PUBLIC        ?_SPRINTF?BYTE
  C:0080H         PUBLIC        _PRINTF
  C:0080H         PUBLIC        _PRINTF517
  C:007AH         PUBLIC        _SPRINTF
  C:007AH         PUBLIC        _SPRINTF517
  -------         ENDMOD        PRINTF

  -------         MODULE        ?C?CLDPTR
  C:06D0H         PUBLIC        ?C?CLDPTR
  -------         ENDMOD        ?C?CLDPTR

  -------         MODULE        ?C?CLDOPTR
  C:06E9H         PUBLIC        ?C?CLDOPTR
  -------         ENDMOD        ?C?CLDOPTR

  -------         MODULE        ?C?CSTPTR
  C:0716H         PUBLIC        ?C?CSTPTR
  -------         ENDMOD        ?C?CSTPTR

  -------         MODULE        ?C?PLDIIDATA
  C:0728H         PUBLIC        ?C?PLDIIDATA
  -------         ENDMOD        ?C?PLDIIDATA

  -------         MODULE        PUTCHAR
  C:0B12H         PUBLIC        _PUTCHAR
  -------         ENDMOD        PUTCHAR

Program Size: data=86.3 xdata=18 code=3296
LINK/LOCATE RUN COMPLETE.  0 WARNING(S),  0 ERROR(S)
