BL51 BANKED LINKER/LOCATER V6.22.4.0                                                    04/05/2024  17:57:39  PAGE 1


BL51 BANKED LINKER/LOCATER V6.22.4.0, INVOKED BY:
D:\KEILC51\C51\C51\BIN\BL51.EXE .\Objects\ctrl.obj, .\Objects\iic.obj, .\Objects\key.obj, .\Objects\main.obj, .\Objects\
>> time.obj, .\Objects\smg.obj TO .\Objects\S11 PRINT (.\Listings\S11.m51) RAMSIZE (256) DISABLEWARNING (16)


MEMORY MODEL: SMALL WITH FLOATING POINT ARITHMETIC


INPUT MODULES INCLUDED:
  .\Objects\ctrl.obj (CTRL)
  .\Objects\iic.obj (IIC)
  .\Objects\key.obj (KEY)
  .\Objects\main.obj (MAIN)
  .\Objects\time.obj (TIME)
  .\Objects\smg.obj (SMG)
  D:\KEILC51\C51\C51\LIB\C51FPS.LIB (?C?FPADD)
  D:\KEILC51\C51\C51\LIB\C51FPS.LIB (?C?FPMUL)
  D:\KEILC51\C51\C51\LIB\C51FPS.LIB (?C?FPDIV)
  D:\KEILC51\C51\C51\LIB\C51FPS.LIB (?C?FPCMP)
  D:\KEILC51\C51\C51\LIB\C51FPS.LIB (?C?FCAST)
  D:\KEILC51\C51\C51\LIB\C51FPS.LIB (?C?CASTF)
  D:\KEILC51\C51\C51\LIB\C51FPS.LIB (PRINTF)
  D:\KEILC51\C51\C51\LIB\C51FPS.LIB (?C?FPGETOPN)
  D:\KEILC51\C51\C51\LIB\C51FPS.LIB (?C?FPROUND)
  D:\KEILC51\C51\C51\LIB\C51FPS.LIB (?C?FPCONVERT)
  D:\KEILC51\C51\C51\LIB\C51FPS.LIB (?C?FTNPWR)
  D:\KEILC51\C51\C51\LIB\C51S.LIB (?C_STARTUP)
  D:\KEILC51\C51\C51\LIB\C51S.LIB (?C?CLDPTR)
  D:\KEILC51\C51\C51\LIB\C51S.LIB (?C?CLDOPTR)
  D:\KEILC51\C51\C51\LIB\C51S.LIB (?C?CSTPTR)
  D:\KEILC51\C51\C51\LIB\C51S.LIB (?C?LNEG)
  D:\KEILC51\C51\C51\LIB\C51S.LIB (?C?LSTXDATA)
  D:\KEILC51\C51\C51\LIB\C51S.LIB (?C?LSTKXDATA)
  D:\KEILC51\C51\C51\LIB\C51S.LIB (?C?PLDIIDATA)
  D:\KEILC51\C51\C51\LIB\C51S.LIB (?C?CCASE)
  D:\KEILC51\C51\C51\LIB\C51S.LIB (PUTCHAR)
  D:\KEILC51\C51\C51\LIB\C51S.LIB (?C_INIT)


LINK MAP OF MODULE:  .\Objects\S11 (CTRL)


            TYPE    BASE      LENGTH    RELOCATION   SEGMENT NAME
            -----------------------------------------------------

            * * * * * * *   D A T A   M E M O R Y   * * * * * * *
            REG     0000H     0008H     ABSOLUTE     "REG BANK 0"
            DATA    0008H     0006H     UNIT         ?DT?MAIN
            DATA    000EH     0004H     UNIT         ?DT?TIME
            DATA    0012H     0002H     UNIT         ?DT?KEY
            DATA    0014H     0001H     UNIT         ?DT?CTRL
                    0015H     000BH                  *** GAP ***
            DATA    0020H     0001H     BIT_ADDR     ?BA?MAIN
            BIT     0021H.0   0001H.1   UNIT         _BIT_GROUP_
            BIT     0022H.1   0000H.5   UNIT         ?BI?TIME
                    0022H.6   0000H.2                *** GAP ***
            DATA    0023H     001CH     UNIT         ?DT?SMG
            DATA    003FH     001CH     UNIT         _DATA_GROUP_
BL51 BANKED LINKER/LOCATER V6.22.4.0                                                  04/05/2024  17:57:39  PAGE 2


            IDATA   005BH     0001H     UNIT         ?STACK

            * * * * * * *  X D A T A   M E M O R Y  * * * * * * *
            XDATA   0000H     000AH     UNIT         ?XD?MAIN

            * * * * * * *   C O D E   M E M O R Y   * * * * * * *
            CODE    0000H     0003H     ABSOLUTE     
            CODE    0003H     0018H     UNIT         ?PR?_I2CSENDACK?IIC
            CODE    001BH     0003H     ABSOLUTE     
            CODE    001EH     0651H     UNIT         ?C?LIB_CODE
            CODE    066FH     046FH     UNIT         ?PR?PRINTF?PRINTF
            CODE    0ADEH     012BH     UNIT         ?PR?KEY_MAINLOOP?MAIN
            CODE    0C09H     010AH     UNIT         ?PR?DISP_TRAN?SMG
            CODE    0D13H     008CH     UNIT         ?C_C51STARTUP
            CODE    0D9FH     0069H     UNIT         ?PR?LED_MAINLOOP?MAIN
            CODE    0E08H     0062H     UNIT         ?PR?CNT_PROC?MAIN
            CODE    0E6AH     0060H     UNIT         ?PR?MAIN_INIT?MAIN
            CODE    0ECAH     0060H     UNIT         ?PR?STATE_MAINLOOP?MAIN
            CODE    0F2AH     0048H     UNIT         ?C_INITSEG
            CODE    0F72H     0042H     UNIT         ?PR?ADC_MAINLOOP?MAIN
            CODE    0FB4H     003EH     UNIT         ?PR?PIT1?TIME
            CODE    0FF2H     003CH     UNIT         ?PR?DISP_SCAN?SMG
            CODE    102EH     0039H     UNIT         ?PR?TIMFLAG_PROC?TIME
            CODE    1067H     002FH     UNIT         ?PR?GETKEY22?KEY
            CODE    1096H     002CH     UNIT         ?PR?_I2CSENDBYTE?IIC
            CODE    10C2H     002BH     UNIT         ?PR?KEY_PROC?KEY
            CODE    10EDH     0027H     UNIT         ?PR?PUTCHAR?PUTCHAR
            CODE    1114H     001DH     UNIT         ?PR?I2CRECEIVEBYTE?IIC
            CODE    1131H     001DH     UNIT         ?PR?I2CWAITACK?IIC
            CODE    114EH     001CH     UNIT         ?PR?I2CSTOP?IIC
            CODE    116AH     001CH     UNIT         ?CO?MAIN
            CODE    1186H     001AH     UNIT         ?PR?_I2C_DELAY?IIC
            CODE    11A0H     0019H     UNIT         ?CO?SMG
            CODE    11B9H     0017H     UNIT         ?PR?_WRITE_E2PROM?IIC
            CODE    11D0H     0015H     UNIT         ?PR?_WRITE_DAC?IIC
            CODE    11E5H     0015H     UNIT         ?PR?_READ_E2PROM?IIC
            CODE    11FAH     0013H     UNIT         ?PR?MAIN?MAIN
            CODE    120DH     0013H     UNIT         ?PR?TIMER1_INIT?TIME
            CODE    1220H     0012H     UNIT         ?PR?_OFF?CTRL
            CODE    1232H     0011H     UNIT         ?PR?_ON?CTRL
            CODE    1243H     000FH     UNIT         ?PR?I2CSTART?IIC
            CODE    1252H     000DH     UNIT         ?PR?_INIT_ADC?IIC
            CODE    125FH     000BH     UNIT         ?PR?READ_ADC?IIC
            CODE    126AH     000AH     UNIT         ?PR?_GATE?CTRL



OVERLAY MAP OF MODULE:   .\Objects\S11 (CTRL)


SEGMENT                            BIT_GROUP          DATA_GROUP 
  +--> CALLED SEGMENT           START    LENGTH     START    LENGTH
-------------------------------------------------------------------
?PR?PIT1?TIME                   -----    -----      -----    -----
  +--> ?PR?DISP_SCAN?SMG
  +--> ?PR?TIMFLAG_PROC?TIME

BL51 BANKED LINKER/LOCATER V6.22.4.0                                                  04/05/2024  17:57:39  PAGE 3


?PR?DISP_SCAN?SMG               -----    -----      -----    -----
  +--> ?PR?_GATE?CTRL

*** NEW ROOT ***************************************************

?C_C51STARTUP                   -----    -----      -----    -----
  +--> ?PR?MAIN?MAIN
  +--> ?C_INITSEG

?PR?MAIN?MAIN                   -----    -----      -----    -----
  +--> ?PR?MAIN_INIT?MAIN
  +--> ?PR?STATE_MAINLOOP?MAIN
  +--> ?PR?KEY_MAINLOOP?MAIN
  +--> ?PR?LED_MAINLOOP?MAIN
  +--> ?PR?ADC_MAINLOOP?MAIN

?PR?MAIN_INIT?MAIN              -----    -----      003FH    0001H
  +--> ?PR?_OFF?CTRL
  +--> ?PR?_INIT_ADC?IIC
  +--> ?PR?TIMER1_INIT?TIME
  +--> ?PR?_READ_E2PROM?IIC

?PR?_OFF?CTRL                   -----    -----      -----    -----
  +--> ?PR?_GATE?CTRL

?PR?_INIT_ADC?IIC               -----    -----      -----    -----
  +--> ?PR?I2CSTART?IIC
  +--> ?PR?I2CWAITACK?IIC
  +--> ?PR?I2CSTOP?IIC

?PR?I2CSTART?IIC                -----    -----      -----    -----
  +--> ?PR?_I2C_DELAY?IIC

?PR?I2CWAITACK?IIC              -----    -----      -----    -----
  +--> ?PR?_I2CSENDBYTE?IIC
  +--> ?PR?_I2C_DELAY?IIC

?PR?_I2CSENDBYTE?IIC            -----    -----      -----    -----
  +--> ?PR?_I2C_DELAY?IIC

?PR?I2CSTOP?IIC                 -----    -----      -----    -----
  +--> ?PR?_I2CSENDBYTE?IIC
  +--> ?PR?I2CWAITACK?IIC
  +--> ?PR?I2CRECEIVEBYTE?IIC
  +--> ?PR?_I2CSENDACK?IIC
  +--> ?PR?_I2C_DELAY?IIC

?PR?I2CRECEIVEBYTE?IIC          -----    -----      -----    -----
  +--> ?PR?_I2C_DELAY?IIC

?PR?_I2CSENDACK?IIC             -----    -----      -----    -----
  +--> ?PR?_I2C_DELAY?IIC

?PR?_READ_E2PROM?IIC            -----    -----      -----    -----
  +--> ?PR?I2CSTART?IIC
  +--> ?PR?I2CWAITACK?IIC
  +--> ?PR?I2CSTOP?IIC
BL51 BANKED LINKER/LOCATER V6.22.4.0                                                  04/05/2024  17:57:39  PAGE 4



?PR?STATE_MAINLOOP?MAIN         -----    -----      -----    -----
  +--> ?CO?MAIN
  +--> ?PR?PRINTF?PRINTF
  +--> ?PR?DISP_TRAN?SMG
  +--> ?PR?CNT_PROC?MAIN

?PR?PRINTF?PRINTF               0021H.0  0001H.1    003FH    001CH
  +--> ?PR?PUTCHAR?PUTCHAR

?PR?DISP_TRAN?SMG               -----    -----      003FH    0003H
  +--> ?CO?SMG

?PR?KEY_MAINLOOP?MAIN           -----    -----      003FH    0001H
  +--> ?PR?KEY_PROC?KEY
  +--> ?PR?_WRITE_E2PROM?IIC

?PR?KEY_PROC?KEY                -----    -----      -----    -----
  +--> ?PR?GETKEY22?KEY

?PR?_WRITE_E2PROM?IIC           -----    -----      -----    -----
  +--> ?PR?I2CSTART?IIC
  +--> ?PR?_I2CSENDBYTE?IIC
  +--> ?PR?I2CWAITACK?IIC
  +--> ?PR?I2CSTOP?IIC

?PR?LED_MAINLOOP?MAIN           -----    -----      -----    -----
  +--> ?PR?_GATE?CTRL

?PR?ADC_MAINLOOP?MAIN           -----    -----      -----    -----
  +--> ?PR?READ_ADC?IIC

?PR?READ_ADC?IIC                -----    -----      -----    -----
  +--> ?PR?I2CSTART?IIC
  +--> ?PR?I2CSTOP?IIC



SYMBOL TABLE OF MODULE:  .\Objects\S11 (CTRL)

  VALUE           TYPE          NAME
  ----------------------------------

  -------         MODULE        CTRL
  C:0000H         SYMBOL        _ICE_DUMMY_
  D:0080H         PUBLIC        P0
  D:0090H         PUBLIC        P1
  D:00A0H         PUBLIC        P2
  D:00B0H         PUBLIC        P3
  D:00C0H         PUBLIC        P4
  D:00C8H         PUBLIC        P5
  D:00E8H         PUBLIC        P6
  D:00F8H         PUBLIC        P7
  D:00A8H         PUBLIC        IE
  D:00B8H         PUBLIC        IP
  C:126AH         PUBLIC        _gate
  D:00D8H         PUBLIC        CCON
BL51 BANKED LINKER/LOCATER V6.22.4.0                                                  04/05/2024  17:57:39  PAGE 5


  D:0098H         PUBLIC        SCON
  D:0088H         PUBLIC        TCON
  C:1220H         PUBLIC        _off
  C:1232H         PUBLIC        _on
  D:0014H         PUBLIC        ctr_dat
  D:00D0H         PUBLIC        PSW
  -------         PROC          _GATE
  D:0007H         SYMBOL        a
  C:126AH         LINE#         4
  C:126AH         LINE#         5
  C:126AH         LINE#         6
  C:126DH         LINE#         7
  C:1270H         LINE#         8
  C:1273H         LINE#         9
  -------         ENDPROC       _GATE
  -------         PROC          _ON
  D:0007H         SYMBOL        a
  C:1232H         LINE#         11
  C:1232H         LINE#         12
  C:1232H         LINE#         13
  C:1237H         LINE#         15
  C:123AH         LINE#         16
  C:123DH         LINE#         17
  C:1242H         LINE#         18
  -------         ENDPROC       _ON
  -------         PROC          _OFF
  D:0007H         SYMBOL        a
  C:1220H         LINE#         19
  C:1220H         LINE#         20
  C:1220H         LINE#         21
  C:1225H         LINE#         23
  C:1229H         LINE#         24
  C:122CH         LINE#         25
  C:1231H         LINE#         26
  -------         ENDPROC       _OFF
  -------         ENDMOD        CTRL

  -------         MODULE        IIC
  C:0000H         SYMBOL        _ICE_DUMMY_
  D:0080H         PUBLIC        P0
  D:0090H         PUBLIC        P1
  D:00A0H         PUBLIC        P2
  D:00B0H         PUBLIC        P3
  D:00C0H         PUBLIC        P4
  D:00C8H         PUBLIC        P5
  D:00E8H         PUBLIC        P6
  D:00F8H         PUBLIC        P7
  D:00A8H         PUBLIC        IE
  C:118AH         SYMBOL        _I2C_Delay
  D:00B8H         PUBLIC        IP
  C:1114H         PUBLIC        I2CReceiveByte
  D:00D8H         PUBLIC        CCON
  C:125FH         PUBLIC        read_adc
  D:0098H         PUBLIC        SCON
  D:0088H         PUBLIC        TCON
  C:11D0H         PUBLIC        _write_dac
  B:00A0H.1       PUBLIC        sda
BL51 BANKED LINKER/LOCATER V6.22.4.0                                                  04/05/2024  17:57:39  PAGE 6


  C:1252H         PUBLIC        _init_adc
  B:00A0H.0       PUBLIC        scl
  C:1243H         PUBLIC        I2CStart
  C:11E5H         PUBLIC        _read_e2prom
  C:0003H         PUBLIC        _I2CSendAck
  C:1096H         PUBLIC        _I2CSendByte
  C:113CH         PUBLIC        I2CWaitAck
  C:115EH         PUBLIC        I2CStop
  C:11B9H         PUBLIC        _write_e2prom
  D:00D0H         PUBLIC        PSW
  C:1186H         SYMBOL        L?0028
  -------         PROC          L?0027
  -------         ENDPROC       L?0027
  C:1186H         SYMBOL        L?0028
  -------         PROC          _I2C_DELAY
  D:0007H         SYMBOL        n
  C:118AH         LINE#         10
  C:118AH         LINE#         11
  C:118AH         LINE#         13
  C:118AH         LINE#         14
  C:118FH         LINE#         15
  C:1194H         LINE#         16
  C:1199H         LINE#         17
  C:1199H         LINE#         18
  C:119FH         LINE#         19
  -------         ENDPROC       _I2C_DELAY
  -------         PROC          I2CSTART
  C:1243H         LINE#         22
  C:1243H         LINE#         23
  C:1243H         LINE#         24
  C:1245H         LINE#         25
  C:1245H         LINE#         26
  C:1248H         LINE#         27
  C:124AH         LINE#         28
  C:124FH         LINE#         29
  C:1251H         LINE#         30
  -------         ENDPROC       I2CSTART
  -------         PROC          L?0029
  -------         ENDPROC       L?0029
  -------         PROC          I2CSTOP
  C:115EH         LINE#         33
  C:115EH         LINE#         34
  C:115EH         LINE#         35
  C:1160H         LINE#         36
  C:1160H         LINE#         37
  C:1163H         LINE#         38
  C:1165H         LINE#         39
  -------         ENDPROC       I2CSTOP
  -------         PROC          _I2CSENDBYTE
  D:0005H         SYMBOL        byt
  -------         DO            
  D:0004H         SYMBOL        i
  -------         ENDDO         
  C:1096H         LINE#         43
  C:1098H         LINE#         44
  C:1098H         LINE#         47
  C:109AH         LINE#         48
BL51 BANKED LINKER/LOCATER V6.22.4.0                                                  04/05/2024  17:57:39  PAGE 7


  C:109AH         LINE#         49
  C:109CH         LINE#         50
  C:10A1H         LINE#         51
  C:10A5H         LINE#         52
  C:10A5H         LINE#         53
  C:10A7H         LINE#         54
  C:10A9H         LINE#         56
  C:10A9H         LINE#         57
  C:10ABH         LINE#         58
  C:10ABH         LINE#         59
  C:10B0H         LINE#         60
  C:10B2H         LINE#         61
  C:10B6H         LINE#         62
  C:10BBH         LINE#         63
  C:10BFH         LINE#         64
  C:10C1H         LINE#         65
  -------         ENDPROC       _I2CSENDBYTE
  -------         PROC          I2CRECEIVEBYTE
  -------         DO            
  D:0005H         SYMBOL        da
  D:0004H         SYMBOL        i
  -------         ENDDO         
  C:1114H         LINE#         68
  C:1114H         LINE#         69
  C:1114H         LINE#         72
  C:1116H         LINE#         73
  C:1116H         LINE#         74
  C:1116H         LINE#         75
  C:1119H         LINE#         76
  C:111DH         LINE#         77
  C:1120H         LINE#         78
  C:1123H         LINE#         79
  C:1125H         LINE#         80
  C:112AH         LINE#         81
  C:112EH         LINE#         82
  C:1130H         LINE#         83
  -------         ENDPROC       I2CRECEIVEBYTE
  C:1131H         SYMBOL        L?0026
  -------         PROC          L?0025
  -------         ENDPROC       L?0025
  C:1131H         SYMBOL        L?0026
  -------         PROC          I2CWAITACK
  -------         DO            
  D:0005H         SYMBOL        ackbit
  -------         ENDDO         
  C:113CH         LINE#         86
  C:113CH         LINE#         87
  C:113CH         LINE#         90
  C:113CH         LINE#         91
  C:113FH         LINE#         92
  C:1144H         LINE#         93
  C:1146H         LINE#         94
  C:114BH         LINE#         96
  C:114DH         LINE#         97
  -------         ENDPROC       I2CWAITACK
  -------         PROC          _I2CSENDACK
  D:0007H         SYMBOL        ackbit
BL51 BANKED LINKER/LOCATER V6.22.4.0                                                  04/05/2024  17:57:39  PAGE 8


  C:0003H         LINE#         100
  C:0003H         LINE#         101
  C:0003H         LINE#         102
  C:0005H         LINE#         103
  C:000AH         LINE#         104
  C:000FH         LINE#         105
  C:000FH         LINE#         106
  C:0012H         LINE#         107
  C:0014H         LINE#         108
  C:0016H         LINE#         109
  -------         ENDPROC       _I2CSENDACK
  -------         PROC          _INIT_ADC
  D:0003H         SYMBOL        add
  C:1252H         LINE#         113
  C:1254H         LINE#         114
  C:1254H         LINE#         115
  C:1257H         LINE#         116
  C:1259H         LINE#         117
  C:1259H         LINE#         118
  C:1259H         LINE#         119
  C:125CH         LINE#         120
  -------         ENDPROC       _INIT_ADC
  -------         PROC          READ_ADC
  -------         DO            
  D:0005H         SYMBOL        ad_dat
  -------         ENDDO         
  C:125FH         LINE#         123
  C:125FH         LINE#         124
  C:125FH         LINE#         127
  C:1262H         LINE#         128
  C:1264H         LINE#         129
  C:1264H         LINE#         130
  C:1264H         LINE#         131
  C:1264H         LINE#         132
  C:1267H         LINE#         134
  C:1269H         LINE#         135
  -------         ENDPROC       READ_ADC
  -------         PROC          _WRITE_DAC
  D:0003H         SYMBOL        dat
  C:11D0H         LINE#         137
  C:11D2H         LINE#         138
  C:11D2H         LINE#         139
  C:11D5H         LINE#         140
  C:11DAH         LINE#         141
  C:11DDH         LINE#         142
  C:11DFH         LINE#         143
  C:11DFH         LINE#         144
  C:11DFH         LINE#         145
  C:11E2H         LINE#         146
  -------         ENDPROC       _WRITE_DAC
  -------         PROC          _WRITE_E2PROM
  D:0002H         SYMBOL        add
  D:0003H         SYMBOL        dat
  C:11B9H         LINE#         149
  C:11BDH         LINE#         150
  C:11BDH         LINE#         151
  C:11C0H         LINE#         152
BL51 BANKED LINKER/LOCATER V6.22.4.0                                                  04/05/2024  17:57:39  PAGE 9


  C:11C5H         LINE#         153
  C:11C8H         LINE#         154
  C:11CAH         LINE#         155
  C:11CAH         LINE#         156
  C:11CAH         LINE#         157
  C:11CDH         LINE#         158
  -------         ENDPROC       _WRITE_E2PROM
  -------         PROC          _READ_E2PROM
  D:0003H         SYMBOL        add
  -------         DO            
  D:0005H         SYMBOL        dat
  -------         ENDDO         
  C:11E5H         LINE#         161
  C:11E7H         LINE#         162
  C:11E7H         LINE#         164
  C:11EAH         LINE#         165
  C:11ECH         LINE#         166
  C:11ECH         LINE#         167
  C:11ECH         LINE#         168
  C:11EFH         LINE#         170
  C:11F2H         LINE#         171
  C:11F4H         LINE#         172
  C:11F4H         LINE#         173
  C:11F4H         LINE#         174
  C:11F4H         LINE#         175
  C:11F7H         LINE#         177
  C:11F9H         LINE#         180
  -------         ENDPROC       _READ_E2PROM
  -------         ENDMOD        IIC

  -------         MODULE        KEY
  C:0000H         SYMBOL        _ICE_DUMMY_
  D:0080H         PUBLIC        P0
  D:0090H         PUBLIC        P1
  D:00A0H         PUBLIC        P2
  D:00B0H         PUBLIC        P3
  D:00C0H         PUBLIC        P4
  D:00C8H         PUBLIC        P5
  D:00E8H         PUBLIC        P6
  D:00F8H         PUBLIC        P7
  D:00A8H         PUBLIC        IE
  D:00B8H         PUBLIC        IP
  D:00D8H         PUBLIC        CCON
  D:0098H         PUBLIC        SCON
  D:0088H         PUBLIC        TCON
  B:00B0H.2       PUBLIC        P32
  B:00C0H.2       PUBLIC        P42
  B:00B0H.3       PUBLIC        P33
  B:00B0H.4       PUBLIC        P34
  B:00C0H.4       PUBLIC        P44
  B:00B0H.5       PUBLIC        P35
  D:0013H         PUBLIC        key_code
  C:10C2H         PUBLIC        key_proc
  C:1067H         PUBLIC        getkey22
  D:00D0H         PUBLIC        PSW
  -------         PROC          GETKEY22
  -------         DO            
BL51 BANKED LINKER/LOCATER V6.22.4.0                                                  04/05/2024  17:57:39  PAGE 10


  D:0007H         SYMBOL        tmp
  -------         ENDDO         
  C:1067H         LINE#         4
  C:1067H         LINE#         5
  C:1067H         LINE#         6
  C:1069H         LINE#         7
  C:106DH         LINE#         8
  C:1075H         LINE#         9
  C:107AH         LINE#         10
  C:107FH         LINE#         12
  C:1083H         LINE#         13
  C:108BH         LINE#         14
  C:1090H         LINE#         15
  C:1095H         LINE#         17
  C:1095H         LINE#         18
  -------         ENDPROC       GETKEY22
  -------         PROC          KEY_PROC
  -------         DO            
  D:0012H         SYMBOL        k_state
  D:0007H         SYMBOL        k_tmp
  -------         ENDDO         
  C:10C2H         LINE#         20
  C:10C2H         LINE#         21
  C:10C2H         LINE#         23
  C:10C4H         LINE#         25
  C:10C7H         LINE#         27
  C:10D3H         LINE#         28
  C:10D3H         LINE#         29
  C:10D3H         LINE#         30
  C:10D9H         LINE#         31
  C:10DAH         LINE#         32
  C:10DAH         LINE#         33
  C:10DDH         LINE#         34
  C:10DDH         LINE#         35
  C:10E0H         LINE#         36
  C:10E2H         LINE#         37
  C:10E6H         LINE#         38
  C:10E7H         LINE#         39
  C:10E7H         LINE#         40
  C:10EAH         LINE#         41
  C:10EAH         LINE#         42
  C:10ECH         LINE#         43
  C:10ECH         LINE#         44
  C:10ECH         LINE#         45
  C:10ECH         LINE#         46
  -------         ENDPROC       KEY_PROC
  -------         ENDMOD        KEY

  -------         MODULE        MAIN
  C:0000H         SYMBOL        _ICE_DUMMY_
  B:0020H.2       PUBLIC        L3
  B:0020H.3       PUBLIC        L4
  D:0080H         PUBLIC        P0
  B:0020H.4       PUBLIC        L5
  D:0090H         PUBLIC        P1
  B:0020H.5       PUBLIC        L6
  D:00A0H         PUBLIC        P2
BL51 BANKED LINKER/LOCATER V6.22.4.0                                                  04/05/2024  17:57:39  PAGE 11


  B:0020H.6       PUBLIC        L7
  D:00B0H         PUBLIC        P3
  B:0020H.7       PUBLIC        L8
  D:00C0H         PUBLIC        P4
  D:00C8H         PUBLIC        P5
  B:00A8H.7       PUBLIC        EA
  D:00E8H         PUBLIC        P6
  D:00F8H         PUBLIC        P7
  D:00A8H         PUBLIC        IE
  C:0ADEH         PUBLIC        key_mainloop
  D:00B8H         PUBLIC        IP
  D:00D8H         PUBLIC        CCON
  C:11FAH         PUBLIC        main
  D:0098H         PUBLIC        SCON
  D:0088H         PUBLIC        TCON
  D:000CH         PUBLIC        k_err_cnt
  C:0E6AH         PUBLIC        main_init
  X:0000H         PUBLIC        cj
  D:0020H         PUBLIC        led_dat
  D:000DH         PUBLIC        run_state
  C:0E08H         PUBLIC        cnt_proc
  C:0ECAH         PUBLIC        state_mainloop
  C:0F72H         PUBLIC        adc_mainloop
  D:00D0H         PUBLIC        PSW
  C:0D9FH         PUBLIC        led_mainloop
  B:0020H.0       PUBLIC        L1
  B:0020H.1       PUBLIC        L2
  -------         PROC          MAIN
  C:11FAH         LINE#         34
  C:11FAH         LINE#         35
  C:11FAH         LINE#         36
  C:11FDH         LINE#         37
  C:11FFH         LINE#         38
  C:11FFH         LINE#         39
  C:11FFH         LINE#         40
  C:1202H         LINE#         41
  C:1205H         LINE#         42
  C:1208H         LINE#         43
  C:120BH         LINE#         44
  -------         ENDPROC       MAIN
  -------         PROC          MAIN_INIT
  -------         DO            
  D:003FH         SYMBOL        tmp
  -------         ENDDO         
  C:0E6AH         LINE#         47
  C:0E6AH         LINE#         48
  C:0E6AH         LINE#         50
  C:0E74H         LINE#         51
  C:0E77H         LINE#         52
  C:0E7CH         LINE#         53
  C:0E7FH         LINE#         55
  C:0E86H         LINE#         56
  C:0E9DH         LINE#         57
  C:0EB3H         LINE#         59
  C:0EB6H         LINE#         60
  C:0EC0H         LINE#         62
  C:0EC5H         LINE#         63
BL51 BANKED LINKER/LOCATER V6.22.4.0                                                  04/05/2024  17:57:39  PAGE 12


  C:0EC9H         LINE#         65
  -------         ENDPROC       MAIN_INIT
  -------         PROC          STATE_MAINLOOP
  C:0ECAH         LINE#         67
  C:0ECAH         LINE#         68
  C:0ECAH         LINE#         69
  C:0ECDH         LINE#         70
  C:0ECFH         LINE#         72
  C:0EDDH         LINE#         73
  C:0EDDH         LINE#         74
  C:0EDDH         LINE#         75
  C:0EE9H         LINE#         76
  C:0EEBH         LINE#         77
  C:0EEBH         LINE#         78
  C:0F09H         LINE#         79
  C:0F0BH         LINE#         80
  C:0F0BH         LINE#         81
  C:0F23H         LINE#         82
  C:0F23H         LINE#         83
  C:0F23H         LINE#         84
  C:0F26H         LINE#         85
  C:0F29H         LINE#         86
  -------         ENDPROC       STATE_MAINLOOP
  -------         PROC          CNT_PROC
  -------         DO            
  D:0008H         SYMBOL        f_down
  D:0009H         SYMBOL        f_up
  -------         ENDDO         
  C:0E08H         LINE#         88
  C:0E08H         LINE#         89
  C:0E08H         LINE#         93
  C:0E2BH         LINE#         94
  C:0E2EH         LINE#         96
  C:0E53H         LINE#         97
  C:0E56H         LINE#         99
  C:0E5EH         LINE#         100
  C:0E5EH         LINE#         101
  C:0E64H         LINE#         102
  C:0E69H         LINE#         103
  C:0E69H         LINE#         104
  -------         ENDPROC       CNT_PROC
  -------         PROC          KEY_MAINLOOP
  -------         DO            
  D:003FH         SYMBOL        _i
  -------         ENDDO         
  C:0ADEH         LINE#         106
  C:0ADEH         LINE#         107
  C:0ADEH         LINE#         108
  C:0AE1H         LINE#         109
  C:0AE7H         LINE#         110
  C:0AE9H         LINE#         112
  C:0AECH         LINE#         113
  C:0AF3H         LINE#         115
  C:0B08H         LINE#         116
  C:0B08H         LINE#         117
  C:0B08H         LINE#         118
  C:0B16H         LINE#         119
BL51 BANKED LINKER/LOCATER V6.22.4.0                                                  04/05/2024  17:57:39  PAGE 13


  C:0B16H         LINE#         120
  C:0B1BH         LINE#         121
  C:0B42H         LINE#         122
  C:0B4BH         LINE#         123
  C:0B50H         LINE#         124
  C:0B50H         LINE#         126
  C:0B50H         LINE#         127
  C:0B50H         LINE#         128
  C:0B56H         LINE#         129
  C:0B56H         LINE#         130
  C:0B60H         LINE#         131
  C:0B65H         LINE#         132
  C:0B65H         LINE#         134
  C:0B65H         LINE#         135
  C:0B65H         LINE#         136
  C:0B6BH         LINE#         137
  C:0B6BH         LINE#         138
  C:0B6BH         LINE#         139
  C:0B8BH         LINE#         140
  C:0BB0H         LINE#         141
  C:0BB2H         LINE#         142
  C:0BB6H         LINE#         143
  C:0BB6H         LINE#         144
  C:0BB6H         LINE#         145
  C:0BB6H         LINE#         146
  C:0BBCH         LINE#         147
  C:0BBCH         LINE#         148
  C:0BBCH         LINE#         149
  C:0BDCH         LINE#         150
  C:0BFDH         LINE#         151
  C:0BFFH         LINE#         152
  C:0C03H         LINE#         153
  C:0C03H         LINE#         154
  C:0C03H         LINE#         155
  C:0C05H         LINE#         156
  C:0C05H         LINE#         157
  C:0C08H         LINE#         158
  -------         ENDPROC       KEY_MAINLOOP
  -------         PROC          LED_MAINLOOP
  -------         DO            
  D:000AH         SYMBOL        _cnt
  -------         ENDDO         
  C:0D9FH         LINE#         160
  C:0D9FH         LINE#         161
  C:0D9FH         LINE#         164
  C:0DA2H         LINE#         165
  C:0DA4H         LINE#         167
  C:0DC7H         LINE#         168
  C:0DC7H         LINE#         169
  C:0DD8H         LINE#         170
  C:0DD8H         LINE#         171
  C:0DDAH         LINE#         172
  C:0DDAH         LINE#         173
  C:0DDCH         LINE#         174
  C:0DDCH         LINE#         175
  C:0DE1H         LINE#         176
  C:0DE3H         LINE#         177
BL51 BANKED LINKER/LOCATER V6.22.4.0                                                  04/05/2024  17:57:39  PAGE 14


  C:0DE3H         LINE#         179
  C:0DEAH         LINE#         180
  C:0DEEH         LINE#         181
  C:0DF0H         LINE#         183
  C:0DF7H         LINE#         184
  C:0DFBH         LINE#         185
  C:0DFDH         LINE#         187
  C:0E02H         LINE#         188
  C:0E07H         LINE#         189
  -------         ENDPROC       LED_MAINLOOP
  -------         PROC          ADC_MAINLOOP
  -------         DO            
  D:0007H         SYMBOL        tmp
  -------         ENDDO         
  C:0F72H         LINE#         191
  C:0F72H         LINE#         192
  C:0F72H         LINE#         195
  C:0F75H         LINE#         196
  C:0F77H         LINE#         198
  C:0F7AH         LINE#         200
  C:0F9EH         LINE#         201
  C:0FB3H         LINE#         202
  -------         ENDPROC       ADC_MAINLOOP
  -------         ENDMOD        MAIN

  -------         MODULE        TIME
  C:0000H         SYMBOL        _ICE_DUMMY_
  C:102EH         PUBLIC        timflag_proc
  D:0080H         PUBLIC        P0
  D:0090H         PUBLIC        P1
  D:00A0H         PUBLIC        P2
  D:00B0H         PUBLIC        P3
  D:00C0H         PUBLIC        P4
  D:00C8H         PUBLIC        P5
  D:00E8H         PUBLIC        P6
  D:00F8H         PUBLIC        P7
  D:00A8H         PUBLIC        IE
  D:00B8H         PUBLIC        IP
  C:0FB4H         PUBLIC        PIT1
  D:00D8H         PUBLIC        CCON
  C:120DH         PUBLIC        Timer1_Init
  D:0098H         PUBLIC        SCON
  B:0022H.1       PUBLIC        f_20ms_key
  D:0089H         PUBLIC        TMOD
  D:0088H         PUBLIC        TCON
  B:0022H.2       PUBLIC        f_100ms_state
  D:008EH         PUBLIC        AUXR
  B:0022H.3       PUBLIC        f_100ms_adc
  B:00A8H.3       PUBLIC        ET1
  B:0088H.7       PUBLIC        TF1
  D:008DH         PUBLIC        TH1
  B:0022H.4       PUBLIC        f_100ms_led
  D:008BH         PUBLIC        TL1
  B:0088H.6       PUBLIC        TR1
  B:0022H.5       PUBLIC        f_1s
  D:00D0H         PUBLIC        PSW
  -------         PROC          PIT1
BL51 BANKED LINKER/LOCATER V6.22.4.0                                                  04/05/2024  17:57:39  PAGE 15


  C:0FB4H         LINE#         10
  C:0FD1H         LINE#         12
  C:0FD4H         LINE#         13
  C:0FD7H         LINE#         14
  -------         ENDPROC       PIT1
  -------         PROC          TIMER1_INIT
  C:120DH         LINE#         16
  C:120DH         LINE#         17
  C:120DH         LINE#         18
  C:1210H         LINE#         19
  C:1213H         LINE#         20
  C:1216H         LINE#         21
  C:1219H         LINE#         22
  C:121BH         LINE#         23
  C:121DH         LINE#         24
  C:121FH         LINE#         25
  -------         ENDPROC       TIMER1_INIT
  -------         PROC          TIMFLAG_PROC
  -------         DO            
  D:000EH         SYMBOL        cnt_20ms
  D:000FH         SYMBOL        cnt_100ms
  D:0010H         SYMBOL        cnt_1s
  -------         ENDDO         
  C:102EH         LINE#         27
  C:102EH         LINE#         28
  C:102EH         LINE#         33
  C:1037H         LINE#         34
  C:1037H         LINE#         35
  C:103AH         LINE#         36
  C:103CH         LINE#         37
  C:103CH         LINE#         38
  C:1045H         LINE#         39
  C:1045H         LINE#         40
  C:1048H         LINE#         41
  C:104EH         LINE#         42
  C:104EH         LINE#         43
  C:105FH         LINE#         44
  C:105FH         LINE#         45
  C:1064H         LINE#         46
  C:1066H         LINE#         47
  C:1066H         LINE#         48
  -------         ENDPROC       TIMFLAG_PROC
  -------         ENDMOD        TIME

  -------         MODULE        SMG
  C:0000H         SYMBOL        _ICE_DUMMY_
  D:0080H         PUBLIC        P0
  D:0090H         PUBLIC        P1
  D:00A0H         PUBLIC        P2
  D:00B0H         PUBLIC        P3
  D:00C0H         PUBLIC        P4
  D:00C8H         PUBLIC        P5
  D:00E8H         PUBLIC        P6
  D:00F8H         PUBLIC        P7
  D:00A8H         PUBLIC        IE
  D:00B8H         PUBLIC        IP
  D:00D8H         PUBLIC        CCON
BL51 BANKED LINKER/LOCATER V6.22.4.0                                                  04/05/2024  17:57:39  PAGE 16


  D:0098H         PUBLIC        SCON
  D:0024H         PUBLIC        dis_blink
  D:0088H         PUBLIC        TCON
  C:0FF2H         PUBLIC        disp_scan
  C:11A0H         PUBLIC        seg
  C:0C09H         PUBLIC        disp_tran
  D:002CH         PUBLIC        dis_buf
  D:00D0H         PUBLIC        PSW
  D:0034H         PUBLIC        dis_str
  -------         PROC          DISP_SCAN
  -------         DO            
  D:0023H         SYMBOL        i
  -------         ENDDO         
  C:0FF2H         LINE#         40
  C:0FF2H         LINE#         41
  C:0FF2H         LINE#         44
  C:0FF5H         LINE#         45
  C:0FFAH         LINE#         47
  C:100AH         LINE#         48
  C:100FH         LINE#         50
  C:101EH         LINE#         51
  C:1023H         LINE#         53
  C:102DH         LINE#         54
  -------         ENDPROC       DISP_SCAN
  -------         PROC          DISP_TRAN
  -------         DO            
  D:003FH         SYMBOL        i
  D:0040H         SYMBOL        j
  D:0041H         SYMBOL        temp
  -------         ENDDO         
  C:0C09H         LINE#         56
  C:0C09H         LINE#         57
  C:0C09H         LINE#         58
  C:0C0CH         LINE#         59
  C:0C0EH         LINE#         61
  C:0C1AH         LINE#         62
  C:0C1AH         LINE#         63
  C:0C72H         LINE#         64
  C:0C72H         LINE#         65
  C:0C77H         LINE#         66
  C:0C7CH         LINE#         67
  C:0C81H         LINE#         68
  C:0C86H         LINE#         69
  C:0C8BH         LINE#         70
  C:0C90H         LINE#         71
  C:0C95H         LINE#         72
  C:0C9AH         LINE#         73
  C:0C9FH         LINE#         74
  C:0CA4H         LINE#         75
  C:0CA9H         LINE#         76
  C:0CAEH         LINE#         77
  C:0CB3H         LINE#         78
  C:0CB8H         LINE#         79
  C:0CBDH         LINE#         80
  C:0CC2H         LINE#         81
  C:0CC7H         LINE#         82
  C:0CCCH         LINE#         83
BL51 BANKED LINKER/LOCATER V6.22.4.0                                                  04/05/2024  17:57:39  PAGE 17


  C:0CD1H         LINE#         84
  C:0CD6H         LINE#         85
  C:0CDBH         LINE#         86
  C:0CE0H         LINE#         87
  C:0CE5H         LINE#         88
  C:0CEAH         LINE#         89
  C:0CF3H         LINE#         90
  C:0CF6H         LINE#         91
  C:0CF6H         LINE#         92
  C:0CFFH         LINE#         93
  C:0CFFH         LINE#         94
  C:0D02H         LINE#         95
  C:0D04H         LINE#         96
  C:0D04H         LINE#         97
  C:0D0BH         LINE#         98
  C:0D12H         LINE#         99
  -------         ENDPROC       DISP_TRAN
  -------         ENDMOD        SMG

  -------         MODULE        ?C?FPADD
  C:0025H         PUBLIC        ?C?FPADD
  C:0021H         PUBLIC        ?C?FPSUB
  -------         ENDMOD        ?C?FPADD

  -------         MODULE        ?C?FPMUL
  C:0116H         PUBLIC        ?C?FPMUL
  -------         ENDMOD        ?C?FPMUL

  -------         MODULE        ?C?FPDIV
  C:021FH         PUBLIC        ?C?FPDIV
  -------         ENDMOD        ?C?FPDIV

  -------         MODULE        ?C?FPCMP
  C:02BEH         PUBLIC        ?C?FPCMP
  C:02BCH         PUBLIC        ?C?FPCMP3
  -------         ENDMOD        ?C?FPCMP

  -------         MODULE        ?C?FCAST
  C:033FH         PUBLIC        ?C?FCASTC
  C:033AH         PUBLIC        ?C?FCASTI
  C:0335H         PUBLIC        ?C?FCASTL
  -------         ENDMOD        ?C?FCAST

  -------         MODULE        ?C?CASTF
  C:0373H         PUBLIC        ?C?CASTF
  -------         ENDMOD        ?C?CASTF

  -------         MODULE        PRINTF
  D:003FH         PUBLIC        ?_PRINTF?BYTE
  D:003FH         PUBLIC        ?_SPRINTF?BYTE
  C:06D1H         PUBLIC        _PRINTF
  C:06CBH         PUBLIC        _SPRINTF
  -------         ENDMOD        PRINTF

  -------         MODULE        ?C?FPROUND
  C:03F4H         PUBLIC        ?C?FPROUND
  -------         ENDMOD        ?C?FPROUND
BL51 BANKED LINKER/LOCATER V6.22.4.0                                                  04/05/2024  17:57:39  PAGE 18



  -------         MODULE        ?C?FPCONVERT
  C:0423H         PUBLIC        ?C?FPCONVERT
  -------         ENDMOD        ?C?FPCONVERT

  -------         MODULE        ?C?FTNPWR
  C:0556H         PUBLIC        ?C?FTNPWR
  -------         ENDMOD        ?C?FTNPWR

  -------         MODULE        ?C?CLDPTR
  C:0596H         PUBLIC        ?C?CLDPTR
  -------         ENDMOD        ?C?CLDPTR

  -------         MODULE        ?C?CLDOPTR
  C:05AFH         PUBLIC        ?C?CLDOPTR
  -------         ENDMOD        ?C?CLDOPTR

  -------         MODULE        ?C?CSTPTR
  C:05DCH         PUBLIC        ?C?CSTPTR
  -------         ENDMOD        ?C?CSTPTR

  -------         MODULE        ?C?LNEG
  C:05EEH         PUBLIC        ?C?LNEG
  -------         ENDMOD        ?C?LNEG

  -------         MODULE        ?C?LSTXDATA
  C:05FCH         PUBLIC        ?C?LSTXDATA
  -------         ENDMOD        ?C?LSTXDATA

  -------         MODULE        ?C?LSTKXDATA
  C:0608H         PUBLIC        ?C?LSTKXDATA
  -------         ENDMOD        ?C?LSTKXDATA

  -------         MODULE        ?C?PLDIIDATA
  C:0639H         PUBLIC        ?C?PLDIIDATA
  -------         ENDMOD        ?C?PLDIIDATA

  -------         MODULE        ?C?CCASE
  C:0649H         PUBLIC        ?C?CCASE
  -------         ENDMOD        ?C?CCASE

  -------         MODULE        PUTCHAR
  C:10EDH         PUBLIC        _PUTCHAR
  -------         ENDMOD        PUTCHAR

Program Size: data=80.6 xdata=10 code=4724
LINK/LOCATE RUN COMPLETE.  0 WARNING(S),  0 ERROR(S)
