C51 COMPILER V9.60.7.0   CONTROL                                                           05/18/2024 13:58:30 PAGE 1   


C51 COMPILER V9.60.7.0, COMPILATION OF MODULE CONTROL
OBJECT MODULE PLACED IN .\Objects\control.obj
COMPILER INVOKED BY: D:\keilc51\c51\C51\BIN\C51.EXE control.c OPTIMIZE(8,SPEED) BROWSE DEBUG OBJECTEXTEND PRINT(.\Listin
                    -gs\control.lst) OBJECT(.\Objects\control.obj)

line level    source

   1          #include "control.h"
*** WARNING C318 IN LINE 27 OF all.h: can't open file 'ctrl.h'
*** WARNING C318 IN LINE 28 OF all.h: can't open file 'ds1302.h'
   2          #define A 1<<0                  //0010_0000
   3          #define B 1<<1                  //0010_0000
   4          #define C 1<<2                  //0010_0000
   5          #define D 1<<3                  //0010_0000
   6          #define JDQ 1<<4                        //0001_0000
   7          #define MOTO 1<<5                       //0010_0000
   8          #define FMQ 1<<6                        //0100_0000
   9           
  10          u8 moto_duty=0;
  11          u8 ctr_dat = ~0x70;//0111关闭ALL
  12          //*********************************************
  13          void ctr_lock(void);
  14          
  15          //Y5--1010_0000 A0
  16          void ctr_lock(void)
  17          {
  18   1              P2&=0x1f;       //关门
  19   1              P2|=0xa0;       //开门
  20   1              P2&=0x1f;       //关门
  21   1      }
  22          
  23          void ctr_all_off(void)
  24          {
  25   1              ctr_dat = 0;
  26   1              P0=ctr_dat;
  27   1              ctr_lock();
  28   1      }
  29          
  30          void jdq_on(void)
  31          {
  32   1              if((ctr_dat&JDQ)!=0)return;
  33   1              
  34   1              ctr_dat|=JDQ;
  35   1              P0=ctr_dat;
  36   1              ctr_lock();
  37   1      }
  38          
  39          //
  40          void jdq_off(void)
  41          {
  42   1              if((ctr_dat&JDQ)==0)return;
  43   1              
  44   1              ctr_dat &= ~JDQ;
  45   1              P0 = ctr_dat;
  46   1              ctr_lock();
  47   1      }
  48          //
  49          void fmq_off(void)
  50          {
  51   1              if((ctr_dat&FMQ)==0)return;
  52   1              
C51 COMPILER V9.60.7.0   CONTROL                                                           05/18/2024 13:58:30 PAGE 2   

  53   1              ctr_dat &= ~FMQ;
  54   1              P0 = ctr_dat;
  55   1              ctr_lock();
  56   1      }
  57          //
  58          void moto_off(void)//PWM反
  59          {
  60   1              if((ctr_dat&MOTO)!=0)return;
  61   1              
  62   1              ctr_dat |= MOTO;
  63   1              P0 = ctr_dat;
  64   1              ctr_lock();
  65   1      }
  66          //
  67          void moto_on(void)//PWM反
  68          {
  69   1              if((ctr_dat&MOTO)==0)return;
  70   1              
  71   1              ctr_dat &= ~MOTO;
  72   1              P0 = ctr_dat;
  73   1              ctr_lock();
  74   1      }


MODULE INFORMATION:   STATIC OVERLAYABLE
   CODE SIZE        =     91    ----
   CONSTANT SIZE    =   ----    ----
   XDATA SIZE       =   ----    ----
   PDATA SIZE       =   ----    ----
   DATA SIZE        =      2    ----
   IDATA SIZE       =   ----    ----
   BIT SIZE         =   ----    ----
END OF MODULE INFORMATION.


C51 COMPILATION COMPLETE.  2 WARNING(S),  0 ERROR(S)
