BL51 BANKED LINKER/LOCATER V6.22.4.0                                                    05/31/2024  10:27:03  PAGE 1


BL51 BANKED LINKER/LOCATER V6.22.4.0, INVOKED BY:
D:\KEILC51\C51\C51\BIN\BL51.EXE .\Objects\main.obj, .\Objects\time.obj, .\Objects\wave.obj, .\Objects\iic.obj, .\Objects
>> \key.obj, .\Objects\onewire.obj, .\Objects\uart.obj, .\Objects\smg.obj, .\Objects\ctrl.obj TO .\Objects\J10 PRINT (.\
>> Listings\J10.m51) RAMSIZE (256) DISABLEWARNING (16)


MEMORY MODEL: SMALL WITH FLOATING POINT ARITHMETIC


INPUT MODULES INCLUDED:
  .\Objects\main.obj (MAIN)
  .\Objects\time.obj (TIME)
  .\Objects\wave.obj (WAVE)
  .\Objects\iic.obj (IIC)
  .\Objects\key.obj (KEY)
  .\Objects\onewire.obj (ONEWIRE)
  .\Objects\uart.obj (UART)
  .\Objects\smg.obj (SMG)
  .\Objects\ctrl.obj (CTRL)
  D:\KEILC51\C51\C51\LIB\C51FPS.LIB (?C?FPMUL)
  D:\KEILC51\C51\C51\LIB\C51FPS.LIB (?C?FPCMP)
  D:\KEILC51\C51\C51\LIB\C51FPS.LIB (?C?FCAST)
  D:\KEILC51\C51\C51\LIB\C51FPS.LIB (?C?CASTF)
  D:\KEILC51\C51\C51\LIB\C51FPS.LIB (PRINTF)
  D:\KEILC51\C51\C51\LIB\C51FPS.LIB (?C?FPGETOPN)
  D:\KEILC51\C51\C51\LIB\C51FPS.LIB (?C?FPROUND)
  D:\KEILC51\C51\C51\LIB\C51FPS.LIB (?C?FPCONVERT)
  D:\KEILC51\C51\C51\LIB\C51FPS.LIB (?C?FPADD)
  D:\KEILC51\C51\C51\LIB\C51FPS.LIB (?C?FPDIV)
  D:\KEILC51\C51\C51\LIB\C51FPS.LIB (?C?FTNPWR)
  D:\KEILC51\C51\C51\LIB\C51S.LIB (?C_STARTUP)
  D:\KEILC51\C51\C51\LIB\C51S.LIB (?C?CLDPTR)
  D:\KEILC51\C51\C51\LIB\C51S.LIB (?C?CLDOPTR)
  D:\KEILC51\C51\C51\LIB\C51S.LIB (?C?CSTPTR)
  D:\KEILC51\C51\C51\LIB\C51S.LIB (?C?LNEG)
  D:\KEILC51\C51\C51\LIB\C51S.LIB (?C?LSTXDATA)
  D:\KEILC51\C51\C51\LIB\C51S.LIB (?C?LSTKXDATA)
  D:\KEILC51\C51\C51\LIB\C51S.LIB (?C?PLDIIDATA)
  D:\KEILC51\C51\C51\LIB\C51S.LIB (?C?CCASE)
  D:\KEILC51\C51\C51\LIB\C51S.LIB (PUTCHAR)
  D:\KEILC51\C51\C51\LIB\C51S.LIB (?C_INIT)


LINK MAP OF MODULE:  .\Objects\J10 (MAIN)


            TYPE    BASE      LENGTH    RELOCATION   SEGMENT NAME
            -----------------------------------------------------

            * * * * * * *   D A T A   M E M O R Y   * * * * * * *
            REG     0000H     0008H     ABSOLUTE     "REG BANK 0"
            DATA    0008H     0004H     UNIT         ?DT?TIME
            DATA    000CH     0004H     UNIT         ?DT?KEY
            DATA    0010H     0001H     UNIT         ?DT?MAIN
            DATA    0011H     0001H     UNIT         ?DT?CTRL
                    0012H     000EH                  *** GAP ***
            DATA    0020H     0001H     BIT_ADDR     ?BA?MAIN
            BIT     0021H.0   0001H.1   UNIT         _BIT_GROUP_
BL51 BANKED LINKER/LOCATER V6.22.4.0                                                  05/31/2024  10:27:03  PAGE 2


            BIT     0022H.1   0000H.5   UNIT         ?BI?TIME
                    0022H.6   0000H.2                *** GAP ***
            DATA    0023H     001CH     UNIT         ?DT?SMG
            DATA    003FH     001CH     UNIT         _DATA_GROUP_
            IDATA   005BH     0001H     UNIT         ?STACK

            * * * * * * *  X D A T A   M E M O R Y  * * * * * * *
            XDATA   0000H     000CH     UNIT         ?XD?MAIN
            XDATA   000CH     000BH     UNIT         ?XD?UART

            * * * * * * *   C O D E   M E M O R Y   * * * * * * *
            CODE    0000H     0003H     ABSOLUTE     
            CODE    0003H     0018H     UNIT         ?PR?_I2CSENDACK?IIC
            CODE    001BH     0003H     ABSOLUTE     
                    001EH     0005H                  *** GAP ***
            CODE    0023H     0003H     ABSOLUTE     
            CODE    0026H     0651H     UNIT         ?C?LIB_CODE
            CODE    0677H     046FH     UNIT         ?PR?PRINTF?PRINTF
            CODE    0AE6H     014EH     UNIT         ?PR?KEY_MAINLOOP?MAIN
            CODE    0C34H     0109H     UNIT         ?PR?DISP_PROC?SMG
            CODE    0D3DH     00C1H     UNIT         ?PR?UART_MAINLOOP?MAIN
            CODE    0DFEH     009FH     UNIT         ?PR?WAVE_MAINLOOP?MAIN
            CODE    0E9DH     008CH     UNIT         ?C_C51STARTUP
            CODE    0F29H     0086H     UNIT         ?PR?STATE_MAINLOOP?MAIN
            CODE    0FAFH     0081H     UNIT         ?PR?KEY_PROC?KEY
            CODE    1030H     0065H     UNIT         ?PR?MAIN_INIT?MAIN
            CODE    1095H     0056H     UNIT         ?CO?MAIN
            CODE    10EBH     0053H     UNIT         ?PR?TIM_PROC?TIME
            CODE    113EH     0048H     UNIT         ?PR?LED_MAINLOOP?MAIN
            CODE    1186H     0041H     UNIT         ?C_INITSEG
            CODE    11C7H     0040H     UNIT         ?PR?UART1_ISR?UART
            CODE    1207H     003FH     UNIT         ?PR?READ_D?WAVE
            CODE    1246H     003EH     UNIT         ?PR?TIMER1_ISR?TIME
            CODE    1284H     003CH     UNIT         ?PR?DISP_SCAN?SMG
            CODE    12C0H     002CH     UNIT         ?PR?_I2CSENDBYTE?IIC
            CODE    12ECH     002AH     UNIT         ?PR?READ_TEM?ONEWIRE
            CODE    1316H     0027H     UNIT         ?PR?GETKEY22?KEY
            CODE    133DH     0027H     UNIT         ?PR?INIT_DS18B20?ONEWIRE
            CODE    1364H     0027H     UNIT         ?PR?PUTCHAR?PUTCHAR
            CODE    138BH     0023H     UNIT         ?PR?I2CRECEIVEBYTE?IIC
            CODE    13AEH     0022H     UNIT         ?PR?_R_E2PROM?IIC
            CODE    13D0H     001EH     UNIT         ?PR?_WRITE_DS18B20?ONEWIRE
            CODE    13EEH     001DH     UNIT         ?PR?I2CWAITACK?IIC
            CODE    140BH     001AH     UNIT         ?PR?_I2C_DELAY?IIC
            CODE    1425H     001AH     UNIT         ?PR?_W_E2PROM?IIC
            CODE    143FH     001AH     UNIT         ?PR?_DELAY_ONEWIRE?ONEWIRE
            CODE    1459H     001AH     UNIT         ?PR?READ_DS18B20?ONEWIRE
            CODE    1473H     0019H     UNIT         ?PR?MAIN?MAIN
            CODE    148CH     0015H     UNIT         ?PR?READ_AD?IIC
            CODE    14A1H     0015H     UNIT         ?PR?_WRITE_DAC?IIC
            CODE    14B6H     0015H     UNIT         ?PR?UART1_INIT?UART
            CODE    14CBH     0013H     UNIT         ?PR?TIMER1_INIT?TIME
            CODE    14DEH     0012H     UNIT         ?PR?TEMPER_MAINLOOP?MAIN
            CODE    14F0H     0012H     UNIT         ?PR?_OFF?CTRL
            CODE    1502H     0011H     UNIT         ?PR?_ON?CTRL
            CODE    1513H     0010H     UNIT         ?CO?SMG
            CODE    1523H     000FH     UNIT         ?PR?I2CSTART?IIC
BL51 BANKED LINKER/LOCATER V6.22.4.0                                                  05/31/2024  10:27:03  PAGE 3


            CODE    1532H     000EH     UNIT         ?PR?UU_INIT?UART
            CODE    1540H     000DH     UNIT         ?PR?_INIT_AD?IIC
            CODE    154DH     000DH     UNIT         ?PR?INIT_TEMP?ONEWIRE
            CODE    155AH     000CH     UNIT         ?PR?I2CSTOP?IIC
            CODE    1566H     000AH     UNIT         ?PR?LED_PROC?TIME
            CODE    1570H     000AH     UNIT         ?PR?_GATE?CTRL
            CODE    157AH     0009H     UNIT         ?PR?DELAY5MS?IIC
            CODE    1583H     0007H     UNIT         ?PR?_DE?WAVE



OVERLAY MAP OF MODULE:   .\Objects\J10 (MAIN)


SEGMENT                               BIT_GROUP          DATA_GROUP 
  +--> CALLED SEGMENT              START    LENGTH     START    LENGTH
----------------------------------------------------------------------
?PR?TIMER1_ISR?TIME                -----    -----      -----    -----
  +--> ?PR?TIM_PROC?TIME
  +--> ?PR?DISP_SCAN?SMG

?PR?TIM_PROC?TIME                  -----    -----      -----    -----
  +--> ?PR?LED_PROC?TIME

?PR?LED_PROC?TIME                  -----    -----      -----    -----
  +--> ?PR?_GATE?CTRL

?PR?DISP_SCAN?SMG                  -----    -----      -----    -----
  +--> ?PR?_GATE?CTRL

*** NEW ROOT ***************************************************

?C_C51STARTUP                      -----    -----      -----    -----
  +--> ?PR?MAIN?MAIN
  +--> ?C_INITSEG

?PR?MAIN?MAIN                      -----    -----      -----    -----
  +--> ?PR?MAIN_INIT?MAIN
  +--> ?PR?KEY_MAINLOOP?MAIN
  +--> ?PR?STATE_MAINLOOP?MAIN
  +--> ?PR?WAVE_MAINLOOP?MAIN
  +--> ?PR?TEMPER_MAINLOOP?MAIN
  +--> ?PR?UART_MAINLOOP?MAIN
  +--> ?PR?LED_MAINLOOP?MAIN

?PR?MAIN_INIT?MAIN                 -----    -----      003FH    0001H
  +--> ?PR?_R_E2PROM?IIC
  +--> ?PR?_OFF?CTRL
  +--> ?PR?TIMER1_INIT?TIME
  +--> ?PR?UART1_INIT?UART
  +--> ?PR?_INIT_AD?IIC
  +--> ?PR?INIT_TEMP?ONEWIRE

?PR?_R_E2PROM?IIC                  -----    -----      0040H    0001H
  +--> ?PR?I2CSTART?IIC
  +--> ?PR?I2CWAITACK?IIC
  +--> ?PR?I2CRECEIVEBYTE?IIC
BL51 BANKED LINKER/LOCATER V6.22.4.0                                                  05/31/2024  10:27:03  PAGE 4


  +--> ?PR?_I2CSENDACK?IIC
  +--> ?PR?I2CSTOP?IIC
  +--> ?PR?DELAY5MS?IIC

?PR?I2CSTART?IIC                   -----    -----      -----    -----
  +--> ?PR?_I2C_DELAY?IIC

?PR?I2CWAITACK?IIC                 -----    -----      -----    -----
  +--> ?PR?_I2CSENDBYTE?IIC
  +--> ?PR?_I2C_DELAY?IIC

?PR?_I2CSENDBYTE?IIC               -----    -----      -----    -----
  +--> ?PR?_I2C_DELAY?IIC

?PR?I2CRECEIVEBYTE?IIC             -----    -----      -----    -----
  +--> ?PR?_I2CSENDBYTE?IIC
  +--> ?PR?I2CWAITACK?IIC
  +--> ?PR?_I2C_DELAY?IIC

?PR?_I2CSENDACK?IIC                -----    -----      -----    -----
  +--> ?PR?_I2C_DELAY?IIC

?PR?I2CSTOP?IIC                    -----    -----      -----    -----
  +--> ?PR?_I2C_DELAY?IIC

?PR?_OFF?CTRL                      -----    -----      -----    -----
  +--> ?PR?_GATE?CTRL

?PR?_INIT_AD?IIC                   -----    -----      -----    -----
  +--> ?PR?I2CSTART?IIC
  +--> ?PR?I2CWAITACK?IIC
  +--> ?PR?I2CSTOP?IIC

?PR?INIT_TEMP?ONEWIRE              -----    -----      -----    -----
  +--> ?PR?INIT_DS18B20?ONEWIRE
  +--> ?PR?_WRITE_DS18B20?ONEWIRE

?PR?INIT_DS18B20?ONEWIRE           0021H.0  0000H.1    -----    -----
  +--> ?PR?_DELAY_ONEWIRE?ONEWIRE

?PR?_WRITE_DS18B20?ONEWIRE         -----    -----      -----    -----
  +--> ?PR?_DELAY_ONEWIRE?ONEWIRE

?PR?KEY_MAINLOOP?MAIN              -----    -----      -----    -----
  +--> ?PR?KEY_PROC?KEY
  +--> ?PR?_W_E2PROM?IIC

?PR?KEY_PROC?KEY                   -----    -----      -----    -----
  +--> ?PR?GETKEY22?KEY

?PR?_W_E2PROM?IIC                  -----    -----      -----    -----
  +--> ?PR?I2CSTART?IIC
  +--> ?PR?_I2CSENDBYTE?IIC
  +--> ?PR?I2CWAITACK?IIC
  +--> ?PR?I2CSTOP?IIC
  +--> ?PR?DELAY5MS?IIC

BL51 BANKED LINKER/LOCATER V6.22.4.0                                                  05/31/2024  10:27:03  PAGE 5


?PR?STATE_MAINLOOP?MAIN            -----    -----      -----    -----
  +--> ?CO?MAIN
  +--> ?PR?PRINTF?PRINTF
  +--> ?PR?DISP_PROC?SMG

?PR?PRINTF?PRINTF                  0021H.0  0001H.1    003FH    001CH
  +--> ?PR?PUTCHAR?PUTCHAR

?PR?DISP_PROC?SMG                  -----    -----      003FH    0003H
  +--> ?CO?SMG

?PR?WAVE_MAINLOOP?MAIN             -----    -----      003FH    0004H
  +--> ?PR?READ_D?WAVE
  +--> ?PR?_WRITE_DAC?IIC

?PR?READ_D?WAVE                    -----    -----      0043H    0003H
  +--> ?PR?_DE?WAVE

?PR?_WRITE_DAC?IIC                 -----    -----      -----    -----
  +--> ?PR?I2CSTART?IIC
  +--> ?PR?_I2CSENDBYTE?IIC
  +--> ?PR?I2CWAITACK?IIC
  +--> ?PR?I2CSTOP?IIC

?PR?TEMPER_MAINLOOP?MAIN           -----    -----      -----    -----
  +--> ?PR?READ_TEM?ONEWIRE
  +--> ?PR?INIT_TEMP?ONEWIRE

?PR?READ_TEM?ONEWIRE               -----    -----      -----    -----
  +--> ?PR?INIT_DS18B20?ONEWIRE
  +--> ?PR?_WRITE_DS18B20?ONEWIRE
  +--> ?PR?READ_DS18B20?ONEWIRE

?PR?READ_DS18B20?ONEWIRE           -----    -----      -----    -----
  +--> ?PR?_DELAY_ONEWIRE?ONEWIRE

?PR?UART_MAINLOOP?MAIN             -----    -----      -----    -----
  +--> ?CO?MAIN
  +--> ?PR?PRINTF?PRINTF
  +--> ?PR?UU_INIT?UART



SYMBOL TABLE OF MODULE:  .\Objects\J10 (MAIN)

  VALUE           TYPE          NAME
  ----------------------------------

  -------         MODULE        MAIN
  C:0000H         SYMBOL        _ICE_DUMMY_
  B:0020H.2       PUBLIC        L3
  B:0020H.3       PUBLIC        L4
  D:0080H         PUBLIC        P0
  B:0020H.4       PUBLIC        L5
  D:0090H         PUBLIC        P1
  B:0020H.5       PUBLIC        L6
  D:00A0H         PUBLIC        P2
BL51 BANKED LINKER/LOCATER V6.22.4.0                                                  05/31/2024  10:27:03  PAGE 6


  B:0020H.6       PUBLIC        L7
  D:00B0H         PUBLIC        P3
  C:0D3DH         PUBLIC        uart_mainloop
  B:0020H.7       PUBLIC        L8
  D:00C0H         PUBLIC        P4
  D:00C8H         PUBLIC        P5
  B:00A8H.7       PUBLIC        EA
  D:00E8H         PUBLIC        P6
  D:00F8H         PUBLIC        P7
  D:00F9H         PUBLIC        CH
  D:00A8H         PUBLIC        IE
  D:00E9H         PUBLIC        CL
  C:0AE6H         PUBLIC        key_mainloop
  B:00A8H.4       PUBLIC        ES
  D:00B8H         PUBLIC        IP
  B:0098H.1       PUBLIC        TI
  D:00D9H         PUBLIC        CMOD
  D:00D8H         PUBLIC        CCON
  C:1473H         PUBLIC        main
  D:0098H         PUBLIC        SCON
  D:0088H         PUBLIC        TCON
  C:1030H         PUBLIC        main_init
  X:0000H         PUBLIC        cj
  D:0020H         PUBLIC        led_dat
  C:14DEH         PUBLIC        temper_mainloop
  D:0010H         PUBLIC        run_state
  C:0F29H         PUBLIC        state_mainloop
  C:0DFEH         PUBLIC        wave_mainloop
  D:00D0H         PUBLIC        PSW
  C:113EH         PUBLIC        led_mainloop
  B:0020H.0       PUBLIC        L1
  B:0020H.1       PUBLIC        L2
  -------         PROC          MAIN
  C:1473H         LINE#         26
  C:1473H         LINE#         27
  C:1473H         LINE#         28
  C:1476H         LINE#         29
  C:1478H         LINE#         30
  C:1478H         LINE#         31
  C:1478H         LINE#         32
  C:147BH         LINE#         33
  C:147EH         LINE#         35
  C:1481H         LINE#         36
  C:1484H         LINE#         37
  C:1487H         LINE#         38
  C:148AH         LINE#         41
  -------         ENDPROC       MAIN
  -------         PROC          MAIN_INIT
  -------         DO            
  D:003FH         SYMBOL        tmp1
  D:0005H         SYMBOL        tmp2
  -------         ENDDO         
  C:1030H         LINE#         44
  C:1030H         LINE#         45
  C:1030H         LINE#         47
  C:1037H         LINE#         48
  C:103EH         LINE#         50
BL51 BANKED LINKER/LOCATER V6.22.4.0                                                  05/31/2024  10:27:03  PAGE 7


  C:104AH         LINE#         52
  C:1054H         LINE#         53
  C:1057H         LINE#         54
  C:105AH         LINE#         55
  C:105DH         LINE#         56
  C:1064H         LINE#         57
  C:1069H         LINE#         59
  C:1073H         LINE#         60
  C:1078H         LINE#         61
  C:1082H         LINE#         62
  C:108CH         LINE#         64
  C:1092H         LINE#         66
  -------         ENDPROC       MAIN_INIT
  -------         PROC          STATE_MAINLOOP
  C:0F29H         LINE#         69
  C:0F29H         LINE#         70
  C:0F29H         LINE#         71
  C:0F3DH         LINE#         72
  C:0F3DH         LINE#         73
  C:0F5DH         LINE#         74
  C:0F6EH         LINE#         75
  C:0F83H         LINE#         77
  C:0F94H         LINE#         78
  C:0FACH         LINE#         79
  C:0FACH         LINE#         80
  -------         ENDPROC       STATE_MAINLOOP
  -------         PROC          KEY_MAINLOOP
  C:0AE6H         LINE#         83
  C:0AE6H         LINE#         84
  C:0AE6H         LINE#         85
  C:0AECH         LINE#         86
  C:0AEEH         LINE#         88
  C:0AF1H         LINE#         90
  C:0B1CH         LINE#         91
  C:0B1CH         LINE#         92
  C:0B1CH         LINE#         93
  C:0B2EH         LINE#         94
  C:0B2EH         LINE#         95
  C:0B2EH         LINE#         96
  C:0B2EH         LINE#         97
  C:0B2EH         LINE#         98
  C:0B36H         LINE#         99
  C:0B3EH         LINE#         100
  C:0B3EH         LINE#         101
  C:0B40H         LINE#         102
  C:0B40H         LINE#         103
  C:0B40H         LINE#         104
  C:0B43H         LINE#         105
  C:0B5EH         LINE#         106
  C:0B5EH         LINE#         107
  C:0B6CH         LINE#         108
  C:0B76H         LINE#         109
  C:0B81H         LINE#         110
  C:0B89H         LINE#         111
  C:0B8FH         LINE#         112
  C:0B8FH         LINE#         113
  C:0B92H         LINE#         114
BL51 BANKED LINKER/LOCATER V6.22.4.0                                                  05/31/2024  10:27:03  PAGE 8


  C:0B92H         LINE#         115
  C:0B92H         LINE#         117
  C:0B92H         LINE#         118
  C:0BA9H         LINE#         119
  C:0BA9H         LINE#         120
  C:0BAFH         LINE#         121
  C:0BB4H         LINE#         122
  C:0BB9H         LINE#         123
  C:0BBEH         LINE#         124
  C:0BC3H         LINE#         125
  C:0BC3H         LINE#         126
  C:0BC3H         LINE#         128
  C:0BC3H         LINE#         129
  C:0BCCH         LINE#         130
  C:0BCCH         LINE#         131
  C:0BDDH         LINE#         132
  C:0BE8H         LINE#         133
  C:0BE8H         LINE#         134
  C:0BE8H         LINE#         136
  C:0BE8H         LINE#         137
  C:0BF1H         LINE#         138
  C:0BF1H         LINE#         139
  C:0C00H         LINE#         140
  C:0C0CH         LINE#         141
  C:0C0CH         LINE#         142
  C:0C0CH         LINE#         144
  C:0C0CH         LINE#         145
  C:0C13H         LINE#         146
  C:0C1DH         LINE#         147
  C:0C28H         LINE#         148
  C:0C2AH         LINE#         149
  C:0C2AH         LINE#         150
  C:0C30H         LINE#         151
  C:0C30H         LINE#         152
  C:0C30H         LINE#         153
  C:0C33H         LINE#         154
  -------         ENDPROC       KEY_MAINLOOP
  -------         PROC          TEMPER_MAINLOOP
  C:14DEH         LINE#         156
  C:14DEH         LINE#         157
  C:14DEH         LINE#         159
  C:14E1H         LINE#         160
  C:14E3H         LINE#         162
  C:14ECH         LINE#         163
  C:14EFH         LINE#         165
  -------         ENDPROC       TEMPER_MAINLOOP
  -------         PROC          WAVE_MAINLOOP
  -------         DO            
  D:003FH         SYMBOL        dist_f
  -------         ENDDO         
  C:0DFEH         LINE#         167
  C:0DFEH         LINE#         168
  C:0DFEH         LINE#         170
  C:0E04H         LINE#         171
  C:0E06H         LINE#         173
  C:0E1CH         LINE#         174
  C:0E3BH         LINE#         176
BL51 BANKED LINKER/LOCATER V6.22.4.0                                                  05/31/2024  10:27:03  PAGE 9


  C:0E65H         LINE#         177
  C:0E65H         LINE#         178
  C:0E75H         LINE#         179
  C:0E77H         LINE#         180
  C:0E7CH         LINE#         183
  C:0E82H         LINE#         184
  C:0E82H         LINE#         185
  C:0E8FH         LINE#         186
  C:0E93H         LINE#         188
  C:0E95H         LINE#         189
  C:0E97H         LINE#         190
  C:0E9CH         LINE#         191
  -------         ENDPROC       WAVE_MAINLOOP
  -------         PROC          UART_MAINLOOP
  C:0D3DH         LINE#         193
  C:0D3DH         LINE#         194
  C:0D3DH         LINE#         195
  C:0D43H         LINE#         196
  C:0D43H         LINE#         197
  C:0D45H         LINE#         198
  C:0D4FH         LINE#         199
  C:0D4FH         LINE#         200
  C:0D4FH         LINE#         201
  C:0D69H         LINE#         202
  C:0D6EH         LINE#         203
  C:0D70H         LINE#         204
  C:0D70H         LINE#         205
  C:0D92H         LINE#         206
  C:0D9AH         LINE#         208
  C:0DA0H         LINE#         209
  C:0DA0H         LINE#         210
  C:0DA0H         LINE#         211
  C:0DA0H         LINE#         213
  C:0DA7H         LINE#         214
  C:0DA7H         LINE#         215
  C:0DABH         LINE#         216
  C:0DB6H         LINE#         217
  C:0DB6H         LINE#         218
  C:0DD9H         LINE#         219
  C:0DEDH         LINE#         220
  C:0DF6H         LINE#         221
  C:0DF6H         LINE#         222
  C:0DFAH         LINE#         223
  C:0DFDH         LINE#         225
  C:0DFDH         LINE#         226
  -------         ENDPROC       UART_MAINLOOP
  -------         PROC          LED_MAINLOOP
  C:113EH         LINE#         228
  C:113EH         LINE#         229
  C:113EH         LINE#         230
  C:1141H         LINE#         231
  C:1143H         LINE#         233
  C:1161H         LINE#         234
  C:1165H         LINE#         236
  C:1167H         LINE#         238
  C:1174H         LINE#         239
  C:1178H         LINE#         241
BL51 BANKED LINKER/LOCATER V6.22.4.0                                                  05/31/2024  10:27:03  PAGE 10


  C:117AH         LINE#         243
  C:1180H         LINE#         244
  C:1183H         LINE#         246
  C:1185H         LINE#         248
  -------         ENDPROC       LED_MAINLOOP
  -------         ENDMOD        MAIN

  -------         MODULE        TIME
  C:0000H         SYMBOL        _ICE_DUMMY_
  D:0080H         PUBLIC        P0
  D:0090H         PUBLIC        P1
  D:00A0H         PUBLIC        P2
  D:00B0H         PUBLIC        P3
  D:00C0H         PUBLIC        P4
  D:00C8H         PUBLIC        P5
  D:00E8H         PUBLIC        P6
  D:00F8H         PUBLIC        P7
  D:00A8H         PUBLIC        IE
  D:00B8H         PUBLIC        IP
  D:00D8H         PUBLIC        CCON
  C:14CBH         PUBLIC        Timer1_Init
  D:0098H         PUBLIC        SCON
  B:0022H.1       PUBLIC        f_20ms_key
  D:0089H         PUBLIC        TMOD
  D:0088H         PUBLIC        TCON
  B:0022H.2       PUBLIC        f_100ms_state
  D:008EH         PUBLIC        AUXR
  C:1246H         PUBLIC        Timer1_Isr
  B:00A8H.3       PUBLIC        ET1
  B:0088H.7       PUBLIC        TF1
  C:1566H         PUBLIC        led_proc
  D:008DH         PUBLIC        TH1
  B:0022H.3       PUBLIC        f_100ms_wave
  B:0022H.4       PUBLIC        f_100ms_led
  D:008BH         PUBLIC        TL1
  B:0022H.5       PUBLIC        f_500ms_temp
  B:0088H.6       PUBLIC        TR1
  C:10EBH         PUBLIC        tim_proc
  D:00D0H         PUBLIC        PSW
  -------         PROC          TIMER1_INIT
  C:14CBH         LINE#         12
  C:14CBH         LINE#         13
  C:14CBH         LINE#         14
  C:14CEH         LINE#         15
  C:14D1H         LINE#         16
  C:14D4H         LINE#         17
  C:14D7H         LINE#         18
  C:14D9H         LINE#         19
  C:14DBH         LINE#         20
  C:14DDH         LINE#         21
  -------         ENDPROC       TIMER1_INIT
  -------         PROC          TIMER1_ISR
  C:1246H         LINE#         23
  C:1263H         LINE#         25
  C:1266H         LINE#         26
  C:1269H         LINE#         27
  -------         ENDPROC       TIMER1_ISR
BL51 BANKED LINKER/LOCATER V6.22.4.0                                                  05/31/2024  10:27:03  PAGE 11


  -------         PROC          TIM_PROC
  -------         DO            
  D:0008H         SYMBOL        cnt_20ms
  D:0009H         SYMBOL        cnt_100ms
  D:000AH         SYMBOL        cnt_500ms
  -------         ENDDO         
  C:10EBH         LINE#         29
  C:10EBH         LINE#         30
  C:10EBH         LINE#         35
  C:10F4H         LINE#         36
  C:10F4H         LINE#         37
  C:10F9H         LINE#         38
  C:10F9H         LINE#         39
  C:1102H         LINE#         40
  C:1102H         LINE#         41
  C:110BH         LINE#         42
  C:110EH         LINE#         43
  C:110EH         LINE#         44
  C:111FH         LINE#         45
  C:111FH         LINE#         46
  C:1126H         LINE#         47
  C:1126H         LINE#         49
  C:112CH         LINE#         50
  C:112CH         LINE#         51
  C:1137H         LINE#         52
  C:1137H         LINE#         53
  C:113DH         LINE#         54
  C:113DH         LINE#         55
  C:113DH         LINE#         56
  -------         ENDPROC       TIM_PROC
  -------         PROC          LED_PROC
  C:1566H         LINE#         58
  C:1566H         LINE#         59
  C:1566H         LINE#         60
  C:156BH         LINE#         61
  -------         ENDPROC       LED_PROC
  -------         ENDMOD        TIME

  -------         MODULE        WAVE
  C:0000H         SYMBOL        _ICE_DUMMY_
  D:0080H         PUBLIC        P0
  D:0090H         PUBLIC        P1
  D:00A0H         PUBLIC        P2
  D:00B0H         PUBLIC        P3
  D:00C0H         PUBLIC        P4
  D:00C8H         PUBLIC        P5
  D:00E8H         PUBLIC        P6
  D:00F8H         PUBLIC        P7
  D:00F9H         PUBLIC        CH
  D:00A8H         PUBLIC        IE
  D:00E9H         PUBLIC        CL
  B:00D8H.6       PUBLIC        CR
  D:00B8H         PUBLIC        IP
  D:00D8H         PUBLIC        CCON
  B:0090H.1       PUBLIC        RX
  B:0090H.0       PUBLIC        TX
  D:0098H         PUBLIC        SCON
BL51 BANKED LINKER/LOCATER V6.22.4.0                                                  05/31/2024  10:27:03  PAGE 12


  D:0088H         PUBLIC        TCON
  C:1583H         PUBLIC        _de
  C:1207H         PUBLIC        read_d
  D:00D0H         PUBLIC        PSW
  -------         PROC          READ_D
  -------         DO            
  D:0043H         SYMBOL        dist
  D:0045H         SYMBOL        num
  -------         ENDDO         
  C:1207H         LINE#         3
  C:1207H         LINE#         4
  C:1207H         LINE#         5
  C:120CH         LINE#         6
  C:120FH         LINE#         7
  C:1211H         LINE#         8
  C:1218H         LINE#         9
  C:1218H         LINE#         10
  C:121DH         LINE#         11
  C:121FH         LINE#         12
  C:1221H         LINE#         13
  C:1223H         LINE#         14
  C:1228H         LINE#         15
  C:122AH         LINE#         16
  C:1234H         LINE#         17
  C:1236H         LINE#         19
  C:1240H         LINE#         21
  -------         ENDPROC       READ_D
  -------         PROC          _DE
  D:0007H         SYMBOL        a
  C:1583H         LINE#         24
  C:1583H         LINE#         25
  C:1583H         LINE#         26
  C:1589H         LINE#         27
  -------         ENDPROC       _DE
  -------         ENDMOD        WAVE

  -------         MODULE        IIC
  C:0000H         SYMBOL        _ICE_DUMMY_
  D:0080H         PUBLIC        P0
  D:0090H         PUBLIC        P1
  D:00A0H         PUBLIC        P2
  D:00B0H         PUBLIC        P3
  D:00C0H         PUBLIC        P4
  D:00C8H         PUBLIC        P5
  D:00E8H         PUBLIC        P6
  D:00F8H         PUBLIC        P7
  C:157AH         PUBLIC        Delay5ms
  D:00A8H         PUBLIC        IE
  C:140FH         SYMBOL        _I2C_Delay
  D:00B8H         PUBLIC        IP
  C:1391H         PUBLIC        I2CReceiveByte
  D:00D8H         PUBLIC        CCON
  C:13AEH         PUBLIC        _r_e2prom
  C:1425H         PUBLIC        _w_e2prom
  D:0098H         PUBLIC        SCON
  D:0088H         PUBLIC        TCON
  C:14A1H         PUBLIC        _write_dac
BL51 BANKED LINKER/LOCATER V6.22.4.0                                                  05/31/2024  10:27:03  PAGE 13


  B:00A0H.1       PUBLIC        sda
  B:00A0H.0       PUBLIC        scl
  C:148CH         PUBLIC        read_ad
  C:1523H         PUBLIC        I2CStart
  C:0003H         PUBLIC        _I2CSendAck
  C:1540H         PUBLIC        _init_ad
  C:12C0H         PUBLIC        _I2CSendByte
  C:13F9H         PUBLIC        I2CWaitAck
  C:155AH         PUBLIC        I2CStop
  D:00D0H         PUBLIC        PSW
  C:140BH         SYMBOL        L?0034
  -------         PROC          L?0033
  -------         ENDPROC       L?0033
  C:140BH         SYMBOL        L?0034
  -------         PROC          _I2C_DELAY
  D:0007H         SYMBOL        n
  C:140FH         LINE#         10
  C:140FH         LINE#         11
  C:140FH         LINE#         13
  C:140FH         LINE#         14
  C:1414H         LINE#         15
  C:1419H         LINE#         16
  C:141EH         LINE#         17
  C:141EH         LINE#         18
  C:1424H         LINE#         19
  -------         ENDPROC       _I2C_DELAY
  -------         PROC          I2CSTART
  C:1523H         LINE#         22
  C:1523H         LINE#         23
  C:1523H         LINE#         24
  C:1525H         LINE#         25
  C:1525H         LINE#         26
  C:1528H         LINE#         27
  C:152AH         LINE#         28
  C:152FH         LINE#         29
  C:1531H         LINE#         30
  -------         ENDPROC       I2CSTART
  -------         PROC          I2CSTOP
  C:155AH         LINE#         33
  C:155AH         LINE#         34
  C:155AH         LINE#         35
  C:155CH         LINE#         36
  C:155CH         LINE#         37
  C:155FH         LINE#         38
  C:1561H         LINE#         39
  -------         ENDPROC       I2CSTOP
  -------         PROC          _I2CSENDBYTE
  D:0005H         SYMBOL        byt
  -------         DO            
  D:0004H         SYMBOL        i
  -------         ENDDO         
  C:12C0H         LINE#         43
  C:12C2H         LINE#         44
  C:12C2H         LINE#         47
  C:12C4H         LINE#         48
  C:12C6H         LINE#         49
  C:12CBH         LINE#         50
BL51 BANKED LINKER/LOCATER V6.22.4.0                                                  05/31/2024  10:27:03  PAGE 14


  C:12CFH         LINE#         51
  C:12D1H         LINE#         52
  C:12D3H         LINE#         53
  C:12D3H         LINE#         54
  C:12D5H         LINE#         55
  C:12D5H         LINE#         56
  C:12DAH         LINE#         57
  C:12DCH         LINE#         58
  C:12E0H         LINE#         59
  C:12E5H         LINE#         60
  C:12E9H         LINE#         62
  C:12EBH         LINE#         63
  -------         ENDPROC       _I2CSENDBYTE
  -------         PROC          L?0035
  -------         ENDPROC       L?0035
  -------         PROC          I2CRECEIVEBYTE
  -------         DO            
  D:0005H         SYMBOL        da
  D:0004H         SYMBOL        i
  -------         ENDDO         
  C:1391H         LINE#         66
  C:1391H         LINE#         67
  C:1391H         LINE#         70
  C:1393H         LINE#         71
  C:1393H         LINE#         72
  C:1396H         LINE#         73
  C:139AH         LINE#         74
  C:139DH         LINE#         75
  C:13A0H         LINE#         76
  C:13A2H         LINE#         77
  C:13A7H         LINE#         78
  C:13ABH         LINE#         79
  C:13ADH         LINE#         80
  -------         ENDPROC       I2CRECEIVEBYTE
  C:13EEH         SYMBOL        L?0032
  -------         PROC          L?0031
  -------         ENDPROC       L?0031
  C:13EEH         SYMBOL        L?0032
  -------         PROC          I2CWAITACK
  -------         DO            
  D:0005H         SYMBOL        ackbit
  -------         ENDDO         
  C:13F9H         LINE#         83
  C:13F9H         LINE#         84
  C:13F9H         LINE#         87
  C:13F9H         LINE#         88
  C:13FCH         LINE#         89
  C:1401H         LINE#         90
  C:1403H         LINE#         91
  C:1408H         LINE#         93
  C:140AH         LINE#         94
  -------         ENDPROC       I2CWAITACK
  -------         PROC          _I2CSENDACK
  D:0007H         SYMBOL        ackbit
  C:0003H         LINE#         97
  C:0003H         LINE#         98
  C:0003H         LINE#         99
BL51 BANKED LINKER/LOCATER V6.22.4.0                                                  05/31/2024  10:27:03  PAGE 15


  C:0005H         LINE#         100
  C:000AH         LINE#         101
  C:000FH         LINE#         102
  C:000FH         LINE#         103
  C:0012H         LINE#         104
  C:0014H         LINE#         105
  C:0016H         LINE#         106
  -------         ENDPROC       _I2CSENDACK
  -------         PROC          _INIT_AD
  D:0003H         SYMBOL        add
  C:1540H         LINE#         109
  C:1542H         LINE#         110
  C:1542H         LINE#         111
  C:1545H         LINE#         112
  C:1547H         LINE#         113
  C:1547H         LINE#         114
  C:1547H         LINE#         115
  C:154AH         LINE#         116
  -------         ENDPROC       _INIT_AD
  -------         PROC          READ_AD
  -------         DO            
  D:0005H         SYMBOL        dat
  -------         ENDDO         
  C:148CH         LINE#         119
  C:148CH         LINE#         120
  C:148CH         LINE#         122
  C:148FH         LINE#         123
  C:1491H         LINE#         124
  C:1491H         LINE#         125
  C:1496H         LINE#         126
  C:149BH         LINE#         127
  C:149EH         LINE#         129
  C:14A0H         LINE#         130
  -------         ENDPROC       READ_AD
  -------         PROC          _WRITE_DAC
  D:0003H         SYMBOL        add
  C:14A1H         LINE#         132
  C:14A3H         LINE#         133
  C:14A3H         LINE#         134
  C:14A6H         LINE#         135
  C:14ABH         LINE#         136
  C:14AEH         LINE#         137
  C:14B0H         LINE#         138
  C:14B0H         LINE#         139
  C:14B0H         LINE#         140
  C:14B3H         LINE#         141
  -------         ENDPROC       _WRITE_DAC
  -------         PROC          _W_E2PROM
  D:0002H         SYMBOL        add
  D:0003H         SYMBOL        val
  C:1425H         LINE#         144
  C:1429H         LINE#         145
  C:1429H         LINE#         146
  C:142CH         LINE#         147
  C:1431H         LINE#         148
  C:1434H         LINE#         149
  C:1436H         LINE#         150
BL51 BANKED LINKER/LOCATER V6.22.4.0                                                  05/31/2024  10:27:03  PAGE 16


  C:1436H         LINE#         151
  C:1436H         LINE#         152
  C:1439H         LINE#         153
  C:143CH         LINE#         154
  -------         ENDPROC       _W_E2PROM
  -------         PROC          _R_E2PROM
  D:0003H         SYMBOL        add
  -------         DO            
  D:0040H         SYMBOL        dat
  -------         ENDDO         
  C:13AEH         LINE#         174
  C:13B0H         LINE#         175
  C:13B0H         LINE#         178
  C:13B3H         LINE#         179
  C:13B5H         LINE#         180
  C:13B5H         LINE#         181
  C:13B5H         LINE#         182
  C:13B8H         LINE#         185
  C:13BBH         LINE#         186
  C:13BDH         LINE#         187
  C:13BDH         LINE#         188
  C:13C2H         LINE#         189
  C:13C7H         LINE#         190
  C:13CAH         LINE#         191
  C:13CDH         LINE#         192
  C:13CFH         LINE#         193
  -------         ENDPROC       _R_E2PROM
  -------         PROC          DELAY5MS
  -------         DO            
  D:0007H         SYMBOL        i
  D:0006H         SYMBOL        j
  -------         ENDDO         
  C:157AH         LINE#         220
  C:157AH         LINE#         221
  C:157AH         LINE#         224
  C:157CH         LINE#         225
  C:157EH         LINE#         227
  C:157EH         LINE#         228
  C:1580H         LINE#         229
  C:1582H         LINE#         230
  -------         ENDPROC       DELAY5MS
  -------         ENDMOD        IIC

  -------         MODULE        KEY
  C:0000H         SYMBOL        _ICE_DUMMY_
  D:0080H         PUBLIC        P0
  D:0090H         PUBLIC        P1
  D:00A0H         PUBLIC        P2
  D:00B0H         PUBLIC        P3
  D:00C0H         PUBLIC        P4
  D:00C8H         PUBLIC        P5
  D:00E8H         PUBLIC        P6
  D:00F8H         PUBLIC        P7
  D:00A8H         PUBLIC        IE
  D:00B8H         PUBLIC        IP
  D:00D8H         PUBLIC        CCON
  D:0098H         PUBLIC        SCON
BL51 BANKED LINKER/LOCATER V6.22.4.0                                                  05/31/2024  10:27:03  PAGE 17


  D:0088H         PUBLIC        TCON
  B:00B0H.2       PUBLIC        P32
  B:00B0H.3       PUBLIC        P33
  B:00B0H.4       PUBLIC        P34
  B:00B0H.5       PUBLIC        P35
  D:000FH         PUBLIC        key_code
  C:0FAFH         PUBLIC        key_proc
  C:1316H         PUBLIC        getkey22
  D:00D0H         PUBLIC        PSW
  -------         PROC          GETKEY22
  -------         DO            
  D:0007H         SYMBOL        tmp
  -------         ENDDO         
  C:1316H         LINE#         4
  C:1316H         LINE#         5
  C:1316H         LINE#         6
  C:1318H         LINE#         8
  C:131CH         LINE#         9
  C:1320H         LINE#         10
  C:1325H         LINE#         11
  C:132AH         LINE#         13
  C:132EH         LINE#         14
  C:1332H         LINE#         15
  C:1337H         LINE#         16
  C:133CH         LINE#         18
  C:133CH         LINE#         19
  -------         ENDPROC       GETKEY22
  -------         PROC          KEY_PROC
  -------         DO            
  D:000CH         SYMBOL        k_state
  D:000DH         SYMBOL        _key
  D:000EH         SYMBOL        _cnt
  D:0007H         SYMBOL        k_tmp
  -------         ENDDO         
  C:0FAFH         LINE#         21
  C:0FAFH         LINE#         22
  C:0FAFH         LINE#         26
  C:0FB1H         LINE#         28
  C:0FB4H         LINE#         30
  C:0FC9H         LINE#         31
  C:0FC9H         LINE#         32
  C:0FC9H         LINE#         33
  C:0FCFH         LINE#         34
  C:0FD0H         LINE#         36
  C:0FD0H         LINE#         37
  C:0FD3H         LINE#         38
  C:0FD3H         LINE#         39
  C:0FD5H         LINE#         40
  C:0FD8H         LINE#         41
  C:0FD8H         LINE#         42
  C:0FDEH         LINE#         43
  C:0FDFH         LINE#         44
  C:0FE4H         LINE#         45
  C:0FE4H         LINE#         46
  C:0FEAH         LINE#         47
  C:0FEBH         LINE#         49
  C:0FEEH         LINE#         50
BL51 BANKED LINKER/LOCATER V6.22.4.0                                                  05/31/2024  10:27:03  PAGE 18


  C:0FEFH         LINE#         55
  C:0FEFH         LINE#         56
  C:0FF2H         LINE#         57
  C:0FF2H         LINE#         58
  C:0FF5H         LINE#         59
  C:0FF7H         LINE#         60
  C:0FF7H         LINE#         61
  C:0FF8H         LINE#         63
  C:0FF8H         LINE#         64
  C:0FFBH         LINE#         65
  C:0FFBH         LINE#         66
  C:1004H         LINE#         67
  C:1004H         LINE#         68
  C:1007H         LINE#         69
  C:100AH         LINE#         70
  C:100AH         LINE#         71
  C:100BH         LINE#         73
  C:100BH         LINE#         74
  C:100EH         LINE#         75
  C:100EH         LINE#         76
  C:100EH         LINE#         77
  C:1010H         LINE#         79
  C:1010H         LINE#         80
  C:1015H         LINE#         81
  C:1016H         LINE#         83
  C:1016H         LINE#         84
  C:1019H         LINE#         85
  C:1019H         LINE#         86
  C:1022H         LINE#         87
  C:1022H         LINE#         88
  C:1025H         LINE#         89
  C:1028H         LINE#         90
  C:1028H         LINE#         91
  C:1029H         LINE#         93
  C:1029H         LINE#         94
  C:102CH         LINE#         95
  C:102FH         LINE#         96
  C:102FH         LINE#         97
  C:102FH         LINE#         98
  C:102FH         LINE#         99
  -------         ENDPROC       KEY_PROC
  -------         ENDMOD        KEY

  -------         MODULE        ONEWIRE
  C:0000H         SYMBOL        _ICE_DUMMY_
  D:0080H         PUBLIC        P0
  D:0090H         PUBLIC        P1
  D:00A0H         PUBLIC        P2
  D:00B0H         PUBLIC        P3
  D:00C0H         PUBLIC        P4
  C:1459H         PUBLIC        Read_DS18B20
  D:00C8H         PUBLIC        P5
  D:00E8H         PUBLIC        P6
  D:00F8H         PUBLIC        P7
  D:00A8H         PUBLIC        IE
  C:1443H         PUBLIC        _Delay_OneWire
  C:13D0H         PUBLIC        _Write_DS18B20
BL51 BANKED LINKER/LOCATER V6.22.4.0                                                  05/31/2024  10:27:03  PAGE 19


  B:0090H.4       PUBLIC        DQ
  D:00B8H         PUBLIC        IP
  C:133DH         PUBLIC        init_ds18b20
  D:00D8H         PUBLIC        CCON
  D:0098H         PUBLIC        SCON
  D:0088H         PUBLIC        TCON
  C:12ECH         PUBLIC        read_tem
  C:154DH         PUBLIC        init_temp
  D:00D0H         PUBLIC        PSW
  C:143FH         SYMBOL        L?0021
  -------         PROC          L?0020
  -------         ENDPROC       L?0020
  C:143FH         SYMBOL        L?0021
  -------         PROC          _DELAY_ONEWIRE
  D:0006H         SYMBOL        t
  -------         DO            
  D:0005H         SYMBOL        i
  -------         ENDDO         
  C:1443H         LINE#         8
  C:1443H         LINE#         9
  C:1443H         LINE#         11
  C:144DH         LINE#         12
  C:1458H         LINE#         13
  C:1458H         LINE#         14
  -------         ENDPROC       _DELAY_ONEWIRE
  -------         PROC          _WRITE_DS18B20
  D:0001H         SYMBOL        dat
  -------         DO            
  D:0003H         SYMBOL        i
  -------         ENDDO         
  C:13D0H         LINE#         17
  C:13D2H         LINE#         18
  C:13D2H         LINE#         20
  C:13D4H         LINE#         21
  C:13D4H         LINE#         22
  C:13D6H         LINE#         23
  C:13DAH         LINE#         24
  C:13DDH         LINE#         25
  C:13DFH         LINE#         26
  C:13E3H         LINE#         27
  C:13E7H         LINE#         28
  -------         ENDPROC       _WRITE_DS18B20
  -------         PROC          READ_DS18B20
  -------         DO            
  D:0003H         SYMBOL        i
  D:0004H         SYMBOL        dat
  -------         ENDDO         
  C:1459H         LINE#         32
  C:1459H         LINE#         33
  C:1459H         LINE#         37
  C:145BH         LINE#         38
  C:145BH         LINE#         39
  C:145DH         LINE#         40
  C:1461H         LINE#         41
  C:1463H         LINE#         42
  C:1466H         LINE#         43
  C:1466H         LINE#         44
BL51 BANKED LINKER/LOCATER V6.22.4.0                                                  05/31/2024  10:27:03  PAGE 20


  C:1469H         LINE#         45
  C:1469H         LINE#         46
  C:146CH         LINE#         47
  C:1470H         LINE#         48
  C:1472H         LINE#         49
  -------         ENDPROC       READ_DS18B20
  -------         PROC          INIT_DS18B20
  -------         DO            
  B:0021H.0       SYMBOL        initflag
  -------         ENDDO         
  C:133DH         LINE#         52
  C:133DH         LINE#         53
  C:133DH         LINE#         54
  C:133FH         LINE#         56
  C:1341H         LINE#         57
  C:1348H         LINE#         58
  C:134AH         LINE#         59
  C:1351H         LINE#         60
  C:1353H         LINE#         61
  C:135AH         LINE#         62
  C:135EH         LINE#         63
  C:1361H         LINE#         65
  C:1363H         LINE#         66
  -------         ENDPROC       INIT_DS18B20
  -------         PROC          INIT_TEMP
  C:154DH         LINE#         68
  C:154DH         LINE#         69
  C:154DH         LINE#         70
  C:1550H         LINE#         71
  C:1555H         LINE#         72
  -------         ENDPROC       INIT_TEMP
  -------         PROC          READ_TEM
  -------         DO            
  D:0007H         SYMBOL        H
  D:0001H         SYMBOL        L
  D:0006H         SYMBOL        tmp
  -------         ENDDO         
  C:12ECH         LINE#         75
  C:12ECH         LINE#         76
  C:12ECH         LINE#         79
  C:12EFH         LINE#         80
  C:12F4H         LINE#         81
  C:12F9H         LINE#         82
  C:12FEH         LINE#         83
  C:1301H         LINE#         85
  C:1305H         LINE#         86
  -------         ENDPROC       READ_TEM
  -------         ENDMOD        ONEWIRE

  -------         MODULE        UART
  C:0000H         SYMBOL        _ICE_DUMMY_
  D:0080H         PUBLIC        P0
  D:0090H         PUBLIC        P1
  C:1532H         PUBLIC        uu_init
  D:00A0H         PUBLIC        P2
  D:00B0H         PUBLIC        P3
  D:00C0H         PUBLIC        P4
BL51 BANKED LINKER/LOCATER V6.22.4.0                                                  05/31/2024  10:27:03  PAGE 21


  D:00C8H         PUBLIC        P5
  D:00E8H         PUBLIC        P6
  D:00F8H         PUBLIC        P7
  D:00A8H         PUBLIC        IE
  B:00A8H.4       PUBLIC        ES
  D:00B8H         PUBLIC        IP
  B:0098H.0       PUBLIC        RI
  B:0098H.1       PUBLIC        TI
  D:00D8H         PUBLIC        CCON
  D:0099H         PUBLIC        SBUF
  D:0098H         PUBLIC        SCON
  D:0088H         PUBLIC        TCON
  D:008EH         PUBLIC        AUXR
  C:14B6H         PUBLIC        Uart1_Init
  D:00D6H         PUBLIC        T2H
  D:00D7H         PUBLIC        T2L
  C:11C7H         PUBLIC        Uart1_Isr
  X:000CH         PUBLIC        uu
  D:00D0H         PUBLIC        PSW
  -------         PROC          UART1_ISR
  C:11C7H         LINE#         3
  C:11D4H         LINE#         5
  C:11D7H         LINE#         6
  C:11D7H         LINE#         7
  C:11D9H         LINE#         8
  C:11D9H         LINE#         9
  C:11DCH         LINE#         10
  C:11DCH         LINE#         11
  C:11DEH         LINE#         12
  C:11F2H         LINE#         13
  C:11FCH         LINE#         14
  C:11FCH         LINE#         15
  -------         ENDPROC       UART1_ISR
  -------         PROC          UART1_INIT
  C:14B6H         LINE#         17
  C:14B6H         LINE#         18
  C:14B6H         LINE#         19
  C:14B9H         LINE#         20
  C:14BCH         LINE#         21
  C:14BFH         LINE#         22
  C:14C2H         LINE#         23
  C:14C5H         LINE#         24
  C:14C8H         LINE#         26
  C:14CAH         LINE#         27
  -------         ENDPROC       UART1_INIT
  -------         PROC          UU_INIT
  C:1532H         LINE#         29
  C:1532H         LINE#         30
  C:1532H         LINE#         31
  C:1537H         LINE#         32
  C:1539H         LINE#         33
  C:153BH         LINE#         34
  C:153DH         LINE#         35
  C:153FH         LINE#         36
  -------         ENDPROC       UU_INIT
  -------         ENDMOD        UART

BL51 BANKED LINKER/LOCATER V6.22.4.0                                                  05/31/2024  10:27:03  PAGE 22


  -------         MODULE        SMG
  C:0000H         SYMBOL        _ICE_DUMMY_
  D:0080H         PUBLIC        P0
  D:0090H         PUBLIC        P1
  D:00A0H         PUBLIC        P2
  D:00B0H         PUBLIC        P3
  D:00C0H         PUBLIC        P4
  D:00C8H         PUBLIC        P5
  D:00E8H         PUBLIC        P6
  D:00F8H         PUBLIC        P7
  D:00A8H         PUBLIC        IE
  D:00B8H         PUBLIC        IP
  D:00D8H         PUBLIC        CCON
  D:0098H         PUBLIC        SCON
  D:0024H         PUBLIC        dis_blink
  D:0088H         PUBLIC        TCON
  C:1284H         PUBLIC        disp_scan
  C:1513H         PUBLIC        smg
  C:0C34H         PUBLIC        disp_proc
  D:002CH         PUBLIC        dis_buf
  D:00D0H         PUBLIC        PSW
  D:0034H         PUBLIC        dis_str
  -------         PROC          DISP_SCAN
  -------         DO            
  D:0023H         SYMBOL        i
  -------         ENDDO         
  C:1284H         LINE#         25
  C:1284H         LINE#         26
  C:1284H         LINE#         28
  C:1287H         LINE#         29
  C:128CH         LINE#         30
  C:129CH         LINE#         31
  C:12A1H         LINE#         32
  C:12B0H         LINE#         33
  C:12B5H         LINE#         34
  C:12BFH         LINE#         35
  -------         ENDPROC       DISP_SCAN
  -------         PROC          DISP_PROC
  -------         DO            
  D:003FH         SYMBOL        i
  D:0040H         SYMBOL        j
  D:0041H         SYMBOL        tmp
  -------         ENDDO         
  C:0C34H         LINE#         37
  C:0C34H         LINE#         38
  C:0C34H         LINE#         39
  C:0C3BH         LINE#         40
  C:0C47H         LINE#         41
  C:0C47H         LINE#         42
  C:0C9FH         LINE#         43
  C:0C9FH         LINE#         44
  C:0CA4H         LINE#         45
  C:0CA9H         LINE#         46
  C:0CAEH         LINE#         47
  C:0CB3H         LINE#         48
  C:0CB8H         LINE#         49
  C:0CBDH         LINE#         50
BL51 BANKED LINKER/LOCATER V6.22.4.0                                                  05/31/2024  10:27:03  PAGE 23


  C:0CC2H         LINE#         51
  C:0CC7H         LINE#         52
  C:0CCCH         LINE#         53
  C:0CD1H         LINE#         54
  C:0CD6H         LINE#         55
  C:0CDBH         LINE#         56
  C:0CE0H         LINE#         57
  C:0CE5H         LINE#         58
  C:0CEAH         LINE#         59
  C:0CF3H         LINE#         60
  C:0CF5H         LINE#         61
  C:0CFAH         LINE#         62
  C:0CFFH         LINE#         63
  C:0D04H         LINE#         64
  C:0D09H         LINE#         65
  C:0D0EH         LINE#         66
  C:0D13H         LINE#         67
  C:0D18H         LINE#         68
  C:0D1DH         LINE#         69
  C:0D20H         LINE#         70
  C:0D20H         LINE#         71
  C:0D29H         LINE#         72
  C:0D29H         LINE#         73
  C:0D2CH         LINE#         74
  C:0D2EH         LINE#         75
  C:0D2EH         LINE#         76
  C:0D35H         LINE#         77
  C:0D3CH         LINE#         79
  -------         ENDPROC       DISP_PROC
  -------         ENDMOD        SMG

  -------         MODULE        CTRL
  C:0000H         SYMBOL        _ICE_DUMMY_
  D:0080H         PUBLIC        P0
  D:0090H         PUBLIC        P1
  D:00A0H         PUBLIC        P2
  D:00B0H         PUBLIC        P3
  D:00C0H         PUBLIC        P4
  D:00C8H         PUBLIC        P5
  D:00E8H         PUBLIC        P6
  D:00F8H         PUBLIC        P7
  D:00A8H         PUBLIC        IE
  D:00B8H         PUBLIC        IP
  C:1570H         PUBLIC        _gate
  D:00D8H         PUBLIC        CCON
  D:0098H         PUBLIC        SCON
  D:0088H         PUBLIC        TCON
  D:0011H         PUBLIC        ctrl
  C:14F0H         PUBLIC        _off
  C:1502H         PUBLIC        _on
  D:00D0H         PUBLIC        PSW
  -------         PROC          _GATE
  D:0007H         SYMBOL        a
  C:1570H         LINE#         4
  C:1570H         LINE#         5
  C:1570H         LINE#         6
  C:1573H         LINE#         7
BL51 BANKED LINKER/LOCATER V6.22.4.0                                                  05/31/2024  10:27:03  PAGE 24


  C:1576H         LINE#         8
  C:1579H         LINE#         9
  -------         ENDPROC       _GATE
  -------         PROC          _ON
  D:0007H         SYMBOL        a
  C:1502H         LINE#         11
  C:1502H         LINE#         12
  C:1502H         LINE#         13
  C:1507H         LINE#         14
  C:150AH         LINE#         15
  C:150DH         LINE#         16
  C:1512H         LINE#         18
  -------         ENDPROC       _ON
  -------         PROC          _OFF
  D:0007H         SYMBOL        a
  C:14F0H         LINE#         20
  C:14F0H         LINE#         21
  C:14F0H         LINE#         22
  C:14F5H         LINE#         23
  C:14F9H         LINE#         24
  C:14FCH         LINE#         25
  C:1501H         LINE#         27
  -------         ENDPROC       _OFF
  -------         ENDMOD        CTRL

  -------         MODULE        ?C?FPMUL
  C:0026H         PUBLIC        ?C?FPMUL
  -------         ENDMOD        ?C?FPMUL

  -------         MODULE        ?C?FPCMP
  C:012EH         PUBLIC        ?C?FPCMP
  C:012CH         PUBLIC        ?C?FPCMP3
  -------         ENDMOD        ?C?FPCMP

  -------         MODULE        ?C?FCAST
  C:01AFH         PUBLIC        ?C?FCASTC
  C:01AAH         PUBLIC        ?C?FCASTI
  C:01A5H         PUBLIC        ?C?FCASTL
  -------         ENDMOD        ?C?FCAST

  -------         MODULE        ?C?CASTF
  C:01E3H         PUBLIC        ?C?CASTF
  -------         ENDMOD        ?C?CASTF

  -------         MODULE        PRINTF
  D:003FH         PUBLIC        ?_PRINTF?BYTE
  D:003FH         PUBLIC        ?_SPRINTF?BYTE
  C:06D9H         PUBLIC        _PRINTF
  C:06D3H         PUBLIC        _SPRINTF
  -------         ENDMOD        PRINTF

  -------         MODULE        ?C?FPROUND
  C:0264H         PUBLIC        ?C?FPROUND
  -------         ENDMOD        ?C?FPROUND

  -------         MODULE        ?C?FPCONVERT
  C:0293H         PUBLIC        ?C?FPCONVERT
BL51 BANKED LINKER/LOCATER V6.22.4.0                                                  05/31/2024  10:27:03  PAGE 25


  -------         ENDMOD        ?C?FPCONVERT

  -------         MODULE        ?C?FPADD
  C:039DH         PUBLIC        ?C?FPADD
  C:0399H         PUBLIC        ?C?FPSUB
  -------         ENDMOD        ?C?FPADD

  -------         MODULE        ?C?FPDIV
  C:0491H         PUBLIC        ?C?FPDIV
  -------         ENDMOD        ?C?FPDIV

  -------         MODULE        ?C?FTNPWR
  C:055EH         PUBLIC        ?C?FTNPWR
  -------         ENDMOD        ?C?FTNPWR

  -------         MODULE        ?C?CLDPTR
  C:059EH         PUBLIC        ?C?CLDPTR
  -------         ENDMOD        ?C?CLDPTR

  -------         MODULE        ?C?CLDOPTR
  C:05B7H         PUBLIC        ?C?CLDOPTR
  -------         ENDMOD        ?C?CLDOPTR

  -------         MODULE        ?C?CSTPTR
  C:05E4H         PUBLIC        ?C?CSTPTR
  -------         ENDMOD        ?C?CSTPTR

  -------         MODULE        ?C?LNEG
  C:05F6H         PUBLIC        ?C?LNEG
  -------         ENDMOD        ?C?LNEG

  -------         MODULE        ?C?LSTXDATA
  C:0604H         PUBLIC        ?C?LSTXDATA
  -------         ENDMOD        ?C?LSTXDATA

  -------         MODULE        ?C?LSTKXDATA
  C:0610H         PUBLIC        ?C?LSTKXDATA
  -------         ENDMOD        ?C?LSTKXDATA

  -------         MODULE        ?C?PLDIIDATA
  C:0641H         PUBLIC        ?C?PLDIIDATA
  -------         ENDMOD        ?C?PLDIIDATA

  -------         MODULE        ?C?CCASE
  C:0651H         PUBLIC        ?C?CCASE
  -------         ENDMOD        ?C?CCASE

  -------         MODULE        PUTCHAR
  C:1364H         PUBLIC        _PUTCHAR
  -------         ENDMOD        PUTCHAR

Program Size: data=77.6 xdata=23 code=5509
LINK/LOCATE RUN COMPLETE.  0 WARNING(S),  0 ERROR(S)
