BL51 BANKED LINKER/LOCATER V6.22.4.0                                                    04/05/2024  18:01:53  PAGE 1


BL51 BANKED LINKER/LOCATER V6.22.4.0, INVOKED BY:
D:\KEILC51\C51\C51\BIN\BL51.EXE .\Objects\ctrl.obj, .\Objects\ds1302.obj, .\Objects\key.obj, .\Objects\main.obj, .\Objec
>> ts\smg.obj, .\Objects\time.obj, .\Objects\onewire.obj TO .\Objects\S8 PRINT (.\Listings\S8.m51) RAMSIZE (256) DISABLE
>> WARNING (16)


MEMORY MODEL: SMALL WITH FLOATING POINT ARITHMETIC


INPUT MODULES INCLUDED:
  .\Objects\ctrl.obj (CTRL)
  .\Objects\ds1302.obj (DS1302)
  .\Objects\key.obj (KEY)
  .\Objects\main.obj (MAIN)
  .\Objects\smg.obj (SMG)
  .\Objects\time.obj (TIME)
  .\Objects\onewire.obj (ONEWIRE)
  D:\KEILC51\C51\C51\LIB\C51FPS.LIB (?C?FPMUL)
  D:\KEILC51\C51\C51\LIB\C51FPS.LIB (?C?FCAST)
  D:\KEILC51\C51\C51\LIB\C51FPS.LIB (?C?CASTF)
  D:\KEILC51\C51\C51\LIB\C51FPS.LIB (PRINTF)
  D:\KEILC51\C51\C51\LIB\C51FPS.LIB (?C?FPGETOPN)
  D:\KEILC51\C51\C51\LIB\C51FPS.LIB (?C?FPROUND)
  D:\KEILC51\C51\C51\LIB\C51FPS.LIB (?C?FPCONVERT)
  D:\KEILC51\C51\C51\LIB\C51FPS.LIB (?C?FPADD)
  D:\KEILC51\C51\C51\LIB\C51FPS.LIB (?C?FPDIV)
  D:\KEILC51\C51\C51\LIB\C51FPS.LIB (?C?FTNPWR)
  D:\KEILC51\C51\C51\LIB\C51S.LIB (?C_STARTUP)
  D:\KEILC51\C51\C51\LIB\C51S.LIB (?C?CLDPTR)
  D:\KEILC51\C51\C51\LIB\C51S.LIB (?C?CLDOPTR)
  D:\KEILC51\C51\C51\LIB\C51S.LIB (?C?CSTPTR)
  D:\KEILC51\C51\C51\LIB\C51S.LIB (?C?LNEG)
  D:\KEILC51\C51\C51\LIB\C51S.LIB (?C?PLDIIDATA)
  D:\KEILC51\C51\C51\LIB\C51S.LIB (?C?CCASE)
  D:\KEILC51\C51\C51\LIB\C51S.LIB (PUTCHAR)
  D:\KEILC51\C51\C51\LIB\C51S.LIB (?C_INIT)


LINK MAP OF MODULE:  .\Objects\S8 (CTRL)


            TYPE    BASE      LENGTH    RELOCATION   SEGMENT NAME
            -----------------------------------------------------

            * * * * * * *   D A T A   M E M O R Y   * * * * * * *
            REG     0000H     0008H     ABSOLUTE     "REG BANK 0"
            DATA    0008H     0006H     UNIT         ?DT?MAIN
            DATA    000EH     0006H     UNIT         ?DT?TIME
            DATA    0014H     0002H     UNIT         ?DT?KEY
            DATA    0016H     0001H     UNIT         ?DT?CTRL
                    0017H     0009H                  *** GAP ***
            DATA    0020H     0002H     BIT_ADDR     ?BA?MAIN
            BIT     0022H.0   0001H.1   UNIT         _BIT_GROUP_
            BIT     0023H.1   0001H.0   UNIT         ?BI?TIME
            BIT     0024H.1   0000H.1   UNIT         ?BI?MAIN
                    0024H.2   0000H.6                *** GAP ***
            DATA    0025H     001CH     UNIT         ?DT?SMG
            DATA    0041H     001CH     UNIT         _DATA_GROUP_
BL51 BANKED LINKER/LOCATER V6.22.4.0                                                  04/05/2024  18:01:53  PAGE 2


            IDATA   005DH     0001H     UNIT         ?STACK

            * * * * * * *  X D A T A   M E M O R Y  * * * * * * *
            XDATA   0000H     000AH     UNIT         ?XD?MAIN

            * * * * * * *   C O D E   M E M O R Y   * * * * * * *
            CODE    0000H     0003H     ABSOLUTE     
            CODE    0003H     0017H     UNIT         ?PR?GETKEYBTN?KEY
                    001AH     0001H                  *** GAP ***
            CODE    001BH     0003H     ABSOLUTE     
            CODE    001EH     059BH     UNIT         ?C?LIB_CODE
            CODE    05B9H     046FH     UNIT         ?PR?PRINTF?PRINTF
            CODE    0A28H     0235H     UNIT         ?PR?KEY_MAINLOOP?MAIN
            CODE    0C5DH     010AH     UNIT         ?PR?DISP_TRAN?SMG
            CODE    0D67H     00F9H     UNIT         ?PR?STATE_MAINLOOP?MAIN
            CODE    0E60H     008CH     UNIT         ?C_C51STARTUP
            CODE    0EECH     0065H     UNIT         ?PR?LED_MAINLOOP?MAIN
            CODE    0F51H     0055H     UNIT         ?C_INITSEG
            CODE    0FA6H     0055H     UNIT         ?PR?RTC_MAINLOOP?MAIN
            CODE    0FFBH     0055H     UNIT         ?PR?TIMFLAG_PROC?TIME
            CODE    1050H     003EH     UNIT         ?PR?PIT1?TIME
            CODE    108EH     003CH     UNIT         ?PR?DISP_SCAN?SMG
            CODE    10CAH     0039H     UNIT         ?PR?DS1302_INIT?DS1302
            CODE    1103H     0036H     UNIT         ?PR?MAIN_INIT?MAIN
            CODE    1139H     0034H     UNIT         ?PR?_READ_DS1302_BYTE?DS1302
            CODE    116DH     002FH     UNIT         ?PR?GETKEY22?KEY
            CODE    119CH     002DH     UNIT         ?PR?KEY_PROC?KEY
            CODE    11C9H     002CH     UNIT         ?PR?BLINK8_MAINLOOP?MAIN
            CODE    11F5H     0027H     UNIT         ?PR?_DS1302_RUN?DS1302
            CODE    121CH     0027H     UNIT         ?PR?INIT_DS18B20?ONEWIRE
            CODE    1243H     0027H     UNIT         ?PR?PUTCHAR?PUTCHAR
            CODE    126AH     0026H     UNIT         ?PR?TEMPER_MAINLOOP?MAIN
            CODE    1290H     0020H     UNIT         ?PR?READ_TEM16?ONEWIRE
            CODE    12B0H     001EH     UNIT         ?CO?MAIN
            CODE    12CEH     001EH     UNIT         ?PR?_WRITE_DS18B20?ONEWIRE
            CODE    12ECH     001AH     UNIT         ?PR?_DELAY_ONEWIRE?ONEWIRE
            CODE    1306H     001AH     UNIT         ?PR?READ_DS18B20?ONEWIRE
            CODE    1320H     0019H     UNIT         ?PR?MAIN?MAIN
            CODE    1339H     0019H     UNIT         ?CO?SMG
            CODE    1352H     0014H     UNIT         ?PR?_WRITE_DS1302_BYTE?DS1302
            CODE    1366H     0013H     UNIT         ?PR?_WRITE_DS1302?DS1302
            CODE    1379H     0013H     UNIT         ?PR?TIMER1_INIT?TIME
            CODE    138CH     0012H     UNIT         ?PR?_OFF?CTRL
            CODE    139EH     0011H     UNIT         ?PR?_ON?CTRL
            CODE    13AFH     000DH     UNIT         ?PR?START_DS18B20?ONEWIRE
            CODE    13BCH     000AH     UNIT         ?PR?_GATE?CTRL
            CODE    13C6H     0009H     UNIT         ?PR?DELAY5MS?MAIN



OVERLAY MAP OF MODULE:   .\Objects\S8 (CTRL)


SEGMENT                                  BIT_GROUP          DATA_GROUP 
  +--> CALLED SEGMENT                 START    LENGTH     START    LENGTH
-------------------------------------------------------------------------
?PR?PIT1?TIME                         -----    -----      -----    -----
BL51 BANKED LINKER/LOCATER V6.22.4.0                                                  04/05/2024  18:01:53  PAGE 3


  +--> ?PR?DISP_SCAN?SMG
  +--> ?PR?TIMFLAG_PROC?TIME

?PR?DISP_SCAN?SMG                     -----    -----      -----    -----
  +--> ?PR?_GATE?CTRL

*** NEW ROOT ***************************************************

?C_C51STARTUP                         -----    -----      -----    -----
  +--> ?PR?MAIN?MAIN
  +--> ?C_INITSEG

?PR?MAIN?MAIN                         -----    -----      -----    -----
  +--> ?PR?MAIN_INIT?MAIN
  +--> ?PR?STATE_MAINLOOP?MAIN
  +--> ?PR?KEY_MAINLOOP?MAIN
  +--> ?PR?RTC_MAINLOOP?MAIN
  +--> ?PR?LED_MAINLOOP?MAIN
  +--> ?PR?TEMPER_MAINLOOP?MAIN
  +--> ?PR?BLINK8_MAINLOOP?MAIN

?PR?MAIN_INIT?MAIN                    -----    -----      -----    -----
  +--> ?PR?_OFF?CTRL
  +--> ?PR?TIMER1_INIT?TIME
  +--> ?PR?DS1302_INIT?DS1302
  +--> ?PR?_DS1302_RUN?DS1302
  +--> ?PR?START_DS18B20?ONEWIRE
  +--> ?PR?DELAY5MS?MAIN

?PR?_OFF?CTRL                         -----    -----      -----    -----
  +--> ?PR?_GATE?CTRL

?PR?DS1302_INIT?DS1302                -----    -----      -----    -----
  +--> ?PR?_WRITE_DS1302_BYTE?DS1302

?PR?_WRITE_DS1302_BYTE?DS1302         -----    -----      -----    -----
  +--> ?PR?_WRITE_DS1302?DS1302

?PR?_DS1302_RUN?DS1302                -----    -----      -----    -----
  +--> ?PR?_WRITE_DS1302_BYTE?DS1302

?PR?START_DS18B20?ONEWIRE             -----    -----      -----    -----
  +--> ?PR?INIT_DS18B20?ONEWIRE
  +--> ?PR?_WRITE_DS18B20?ONEWIRE

?PR?INIT_DS18B20?ONEWIRE              0022H.0  0000H.1    -----    -----
  +--> ?PR?_DELAY_ONEWIRE?ONEWIRE

?PR?_WRITE_DS18B20?ONEWIRE            -----    -----      -----    -----
  +--> ?PR?_DELAY_ONEWIRE?ONEWIRE

?PR?STATE_MAINLOOP?MAIN               -----    -----      -----    -----
  +--> ?CO?MAIN
  +--> ?PR?PRINTF?PRINTF
  +--> ?PR?DISP_TRAN?SMG

?PR?PRINTF?PRINTF                     0022H.0  0001H.1    0041H    001CH
BL51 BANKED LINKER/LOCATER V6.22.4.0                                                  04/05/2024  18:01:53  PAGE 4


  +--> ?PR?PUTCHAR?PUTCHAR

?PR?DISP_TRAN?SMG                     -----    -----      0041H    0003H
  +--> ?CO?SMG

?PR?KEY_MAINLOOP?MAIN                 -----    -----      0041H    0001H
  +--> ?PR?KEY_PROC?KEY
  +--> ?PR?_DS1302_RUN?DS1302

?PR?KEY_PROC?KEY                      -----    -----      -----    -----
  +--> ?PR?GETKEYBTN?KEY

?PR?RTC_MAINLOOP?MAIN                 -----    -----      0041H    0002H
  +--> ?PR?_READ_DS1302_BYTE?DS1302

?PR?_READ_DS1302_BYTE?DS1302          -----    -----      -----    -----
  +--> ?PR?_WRITE_DS1302?DS1302

?PR?LED_MAINLOOP?MAIN                 -----    -----      -----    -----
  +--> ?PR?_GATE?CTRL

?PR?TEMPER_MAINLOOP?MAIN              -----    -----      -----    -----
  +--> ?PR?READ_TEM16?ONEWIRE
  +--> ?PR?START_DS18B20?ONEWIRE

?PR?READ_TEM16?ONEWIRE                -----    -----      -----    -----
  +--> ?PR?INIT_DS18B20?ONEWIRE
  +--> ?PR?_WRITE_DS18B20?ONEWIRE
  +--> ?PR?READ_DS18B20?ONEWIRE

?PR?READ_DS18B20?ONEWIRE              -----    -----      -----    -----
  +--> ?PR?_DELAY_ONEWIRE?ONEWIRE



SYMBOL TABLE OF MODULE:  .\Objects\S8 (CTRL)

  VALUE           TYPE          NAME
  ----------------------------------

  -------         MODULE        CTRL
  C:0000H         SYMBOL        _ICE_DUMMY_
  D:0080H         PUBLIC        P0
  D:0090H         PUBLIC        P1
  D:00A0H         PUBLIC        P2
  D:00B0H         PUBLIC        P3
  D:00C0H         PUBLIC        P4
  D:00C8H         PUBLIC        P5
  D:00E8H         PUBLIC        P6
  D:00F8H         PUBLIC        P7
  D:00A8H         PUBLIC        IE
  D:00B8H         PUBLIC        IP
  C:13BCH         PUBLIC        _gate
  D:00D8H         PUBLIC        CCON
  D:0098H         PUBLIC        SCON
  D:0088H         PUBLIC        TCON
  C:138CH         PUBLIC        _off
BL51 BANKED LINKER/LOCATER V6.22.4.0                                                  04/05/2024  18:01:53  PAGE 5


  C:139EH         PUBLIC        _on
  D:0016H         PUBLIC        ctr_dat
  D:00D0H         PUBLIC        PSW
  -------         PROC          _GATE
  D:0007H         SYMBOL        a
  C:13BCH         LINE#         4
  C:13BCH         LINE#         5
  C:13BCH         LINE#         6
  C:13BFH         LINE#         7
  C:13C2H         LINE#         8
  C:13C5H         LINE#         9
  -------         ENDPROC       _GATE
  -------         PROC          _ON
  D:0007H         SYMBOL        a
  C:139EH         LINE#         11
  C:139EH         LINE#         12
  C:139EH         LINE#         13
  C:13A3H         LINE#         15
  C:13A6H         LINE#         16
  C:13A9H         LINE#         17
  C:13AEH         LINE#         18
  -------         ENDPROC       _ON
  -------         PROC          _OFF
  D:0007H         SYMBOL        a
  C:138CH         LINE#         19
  C:138CH         LINE#         20
  C:138CH         LINE#         21
  C:1391H         LINE#         23
  C:1395H         LINE#         24
  C:1398H         LINE#         25
  C:139DH         LINE#         26
  -------         ENDPROC       _OFF
  -------         ENDMOD        CTRL

  -------         MODULE        DS1302
  C:0000H         SYMBOL        _ICE_DUMMY_
  D:0080H         PUBLIC        P0
  D:0090H         PUBLIC        P1
  D:00A0H         PUBLIC        P2
  D:00B0H         PUBLIC        P3
  D:00C0H         PUBLIC        P4
  D:00C8H         PUBLIC        P5
  D:00E8H         PUBLIC        P6
  D:00F8H         PUBLIC        P7
  D:00A8H         PUBLIC        IE
  D:00B8H         PUBLIC        IP
  D:00D8H         PUBLIC        CCON
  D:0098H         PUBLIC        SCON
  D:0088H         PUBLIC        TCON
  C:10CAH         PUBLIC        ds1302_init
  C:1139H         PUBLIC        _Read_Ds1302_Byte
  C:11F5H         PUBLIC        _ds1302_run
  B:00A0H.3       PUBLIC        SDA
  B:0090H.7       PUBLIC        SCK
  C:1352H         PUBLIC        _Write_Ds1302_Byte
  C:1366H         PUBLIC        _Write_Ds1302
  B:0090H.3       PUBLIC        RST
BL51 BANKED LINKER/LOCATER V6.22.4.0                                                  04/05/2024  18:01:53  PAGE 6


  D:00D0H         PUBLIC        PSW
  -------         PROC          _WRITE_DS1302
  D:0007H         SYMBOL        temp
  -------         DO            
  D:0006H         SYMBOL        i
  -------         ENDDO         
  C:1366H         LINE#         9
  C:1366H         LINE#         10
  C:1366H         LINE#         12
  C:1368H         LINE#         13
  C:1368H         LINE#         14
  C:136AH         LINE#         15
  C:136EH         LINE#         16
  C:1372H         LINE#         17
  C:1374H         LINE#         18
  C:1378H         LINE#         19
  -------         ENDPROC       _WRITE_DS1302
  -------         PROC          _WRITE_DS1302_BYTE
  D:0007H         SYMBOL        address
  D:0005H         SYMBOL        dat
  C:1352H         LINE#         22
  C:1352H         LINE#         23
  C:1352H         LINE#         24
  C:1355H         LINE#         25
  C:1358H         LINE#         26
  C:135BH         LINE#         27
  C:135EH         LINE#         28
  C:1363H         LINE#         29
  C:1365H         LINE#         30
  -------         ENDPROC       _WRITE_DS1302_BYTE
  -------         PROC          _READ_DS1302_BYTE
  D:0007H         SYMBOL        address
  -------         DO            
  D:0007H         SYMBOL        i
  D:0005H         SYMBOL        temp
  -------         ENDDO         
  C:1139H         LINE#         33
  C:1139H         LINE#         34
  C:1139H         LINE#         35
  C:113BH         LINE#         36
  C:113EH         LINE#         37
  C:1141H         LINE#         38
  C:1144H         LINE#         39
  C:1147H         LINE#         40
  C:1149H         LINE#         41
  C:1149H         LINE#         42
  C:114BH         LINE#         43
  C:114FH         LINE#         44
  C:1152H         LINE#         45
  C:1155H         LINE#         46
  C:1157H         LINE#         47
  C:115BH         LINE#         48
  C:115EH         LINE#         49
  C:1161H         LINE#         50
  C:1164H         LINE#         51
  C:1167H         LINE#         52
  C:116AH         LINE#         53
BL51 BANKED LINKER/LOCATER V6.22.4.0                                                  04/05/2024  18:01:53  PAGE 7


  C:116CH         LINE#         54
  -------         ENDPROC       _READ_DS1302_BYTE
  -------         PROC          DS1302_INIT
  C:10CAH         LINE#         56
  C:10CAH         LINE#         57
  C:10CAH         LINE#         58
  C:10D1H         LINE#         59
  C:10D8H         LINE#         60
  C:10DFH         LINE#         61
  C:10E4H         LINE#         62
  C:10EBH         LINE#         63
  C:10F2H         LINE#         64
  C:10F7H         LINE#         65
  C:10FCH         LINE#         66
  -------         ENDPROC       DS1302_INIT
  -------         PROC          _DS1302_RUN
  D:0004H         SYMBOL        h
  D:0002H         SYMBOL        m
  D:0003H         SYMBOL        s
  C:11F5H         LINE#         68
  C:11F9H         LINE#         69
  C:11F9H         LINE#         70
  C:1200H         LINE#         71
  C:1207H         LINE#         72
  C:120EH         LINE#         73
  C:1215H         LINE#         74
  -------         ENDPROC       _DS1302_RUN
  -------         ENDMOD        DS1302

  -------         MODULE        KEY
  C:0000H         SYMBOL        _ICE_DUMMY_
  D:0080H         PUBLIC        P0
  D:0090H         PUBLIC        P1
  D:00A0H         PUBLIC        P2
  D:00B0H         PUBLIC        P3
  D:00C0H         PUBLIC        P4
  D:00C8H         PUBLIC        P5
  D:00E8H         PUBLIC        P6
  D:00F8H         PUBLIC        P7
  D:00A8H         PUBLIC        IE
  D:00B8H         PUBLIC        IP
  D:00D8H         PUBLIC        CCON
  B:00B0H.0       PUBLIC        P30
  D:0098H         PUBLIC        SCON
  B:00B0H.1       PUBLIC        P31
  D:0088H         PUBLIC        TCON
  B:00B0H.2       PUBLIC        P32
  B:00C0H.2       PUBLIC        P42
  B:00B0H.3       PUBLIC        P33
  B:00B0H.4       PUBLIC        P34
  B:00C0H.4       PUBLIC        P44
  B:00B0H.5       PUBLIC        P35
  D:0015H         PUBLIC        key_code
  C:0003H         PUBLIC        getkeybtn
  C:119CH         PUBLIC        key_proc
  C:116DH         PUBLIC        getkey22
  D:00D0H         PUBLIC        PSW
BL51 BANKED LINKER/LOCATER V6.22.4.0                                                  04/05/2024  18:01:53  PAGE 8


  -------         PROC          GETKEY22
  -------         DO            
  D:0007H         SYMBOL        tmp
  -------         ENDDO         
  C:116DH         LINE#         4
  C:116DH         LINE#         5
  C:116DH         LINE#         6
  C:116FH         LINE#         7
  C:1173H         LINE#         8
  C:117BH         LINE#         9
  C:1180H         LINE#         10
  C:1185H         LINE#         12
  C:1189H         LINE#         13
  C:1191H         LINE#         14
  C:1196H         LINE#         15
  C:119BH         LINE#         17
  C:119BH         LINE#         18
  -------         ENDPROC       GETKEY22
  -------         PROC          GETKEYBTN
  -------         DO            
  D:0007H         SYMBOL        tmp
  -------         ENDDO         
  C:0003H         LINE#         19
  C:0003H         LINE#         20
  C:0003H         LINE#         21
  C:0005H         LINE#         22
  C:000AH         LINE#         23
  C:000FH         LINE#         24
  C:0014H         LINE#         25
  C:0019H         LINE#         26
  C:0019H         LINE#         27
  -------         ENDPROC       GETKEYBTN
  -------         PROC          KEY_PROC
  -------         DO            
  D:0014H         SYMBOL        k_state
  D:0007H         SYMBOL        k_tmp
  -------         ENDDO         
  C:119CH         LINE#         29
  C:119CH         LINE#         30
  C:119CH         LINE#         32
  C:119EH         LINE#         35
  C:11A1H         LINE#         37
  C:11ADH         LINE#         38
  C:11ADH         LINE#         39
  C:11ADH         LINE#         40
  C:11B3H         LINE#         41
  C:11B4H         LINE#         42
  C:11B4H         LINE#         43
  C:11B7H         LINE#         44
  C:11B7H         LINE#         45
  C:11BAH         LINE#         46
  C:11BCH         LINE#         47
  C:11C0H         LINE#         48
  C:11C1H         LINE#         49
  C:11C1H         LINE#         50
  C:11C4H         LINE#         51
  C:11C4H         LINE#         52
BL51 BANKED LINKER/LOCATER V6.22.4.0                                                  04/05/2024  18:01:53  PAGE 9


  C:11C6H         LINE#         53
  C:11C8H         LINE#         54
  C:11C8H         LINE#         55
  C:11C8H         LINE#         56
  C:11C8H         LINE#         57
  -------         ENDPROC       KEY_PROC
  -------         ENDMOD        KEY

  -------         MODULE        MAIN
  C:0000H         SYMBOL        _ICE_DUMMY_
  D:0080H         PUBLIC        P0
  D:0090H         PUBLIC        P1
  D:00A0H         PUBLIC        P2
  D:00B0H         PUBLIC        P3
  D:00C0H         PUBLIC        P4
  D:00C8H         PUBLIC        P5
  B:00A8H.7       PUBLIC        EA
  D:00E8H         PUBLIC        P6
  D:00F8H         PUBLIC        P7
  C:13C6H         PUBLIC        Delay5ms
  D:00A8H         PUBLIC        IE
  C:0FA6H         PUBLIC        rtc_mainloop
  C:0A28H         PUBLIC        key_mainloop
  C:11C9H         PUBLIC        blink8_mainloop
  D:00B8H         PUBLIC        IP
  D:00D8H         PUBLIC        CCON
  C:1320H         PUBLIC        main
  D:0098H         PUBLIC        SCON
  D:0088H         PUBLIC        TCON
  C:1103H         PUBLIC        main_init
  X:0000H         PUBLIC        cj
  D:0020H         PUBLIC        led_dat
  C:126AH         PUBLIC        temper_mainloop
  D:000DH         PUBLIC        run_state
  D:0021H         PUBLIC        blink8_dat
  C:0D67H         PUBLIC        state_mainloop
  D:00D0H         PUBLIC        PSW
  C:0EECH         PUBLIC        led_mainloop
  B:0024H.1       PUBLIC        f_led
  B:0020H.0       PUBLIC        L1
  -------         PROC          MAIN
  C:1320H         LINE#         32
  C:1320H         LINE#         33
  C:1320H         LINE#         34
  C:1323H         LINE#         35
  C:1325H         LINE#         36
  C:1325H         LINE#         37
  C:1325H         LINE#         38
  C:1328H         LINE#         39
  C:132BH         LINE#         40
  C:132EH         LINE#         41
  C:1331H         LINE#         42
  C:1334H         LINE#         43
  C:1337H         LINE#         44
  -------         ENDPROC       MAIN
  -------         PROC          MAIN_INIT
  C:1103H         LINE#         47
BL51 BANKED LINKER/LOCATER V6.22.4.0                                                  04/05/2024  18:01:53  PAGE 10


  C:1103H         LINE#         48
  C:1103H         LINE#         49
  C:110DH         LINE#         50
  C:1110H         LINE#         51
  C:1113H         LINE#         52
  C:1116H         LINE#         53
  C:111FH         LINE#         55
  C:1122H         LINE#         57
  C:1127H         LINE#         58
  C:1129H         LINE#         59
  C:112BH         LINE#         61
  C:112DH         LINE#         62
  C:112FH         LINE#         63
  C:1131H         LINE#         65
  C:1133H         LINE#         66
  C:1136H         LINE#         67
  -------         ENDPROC       MAIN_INIT
  -------         PROC          STATE_MAINLOOP
  C:0D67H         LINE#         70
  C:0D67H         LINE#         71
  C:0D67H         LINE#         72
  C:0D6DH         LINE#         73
  C:0D6FH         LINE#         75
  C:0D95H         LINE#         76
  C:0D95H         LINE#         77
  C:0D95H         LINE#         78
  C:0D98H         LINE#         79
  C:0D9DH         LINE#         80
  C:0DAFH         LINE#         82
  C:0DC6H         LINE#         83
  C:0DC9H         LINE#         84
  C:0DC9H         LINE#         85
  C:0DCCH         LINE#         86
  C:0DE3H         LINE#         87
  C:0DE5H         LINE#         88
  C:0DE5H         LINE#         89
  C:0DE8H         LINE#         90
  C:0DFFH         LINE#         91
  C:0E01H         LINE#         92
  C:0E01H         LINE#         93
  C:0E04H         LINE#         94
  C:0E1BH         LINE#         95
  C:0E1DH         LINE#         96
  C:0E1DH         LINE#         97
  C:0E20H         LINE#         98
  C:0E37H         LINE#         99
  C:0E39H         LINE#         100
  C:0E39H         LINE#         101
  C:0E3CH         LINE#         102
  C:0E53H         LINE#         103
  C:0E53H         LINE#         104
  C:0E5CH         LINE#         107
  C:0E5CH         LINE#         108
  C:0E5CH         LINE#         109
  C:0E5FH         LINE#         110
  -------         ENDPROC       STATE_MAINLOOP
  -------         PROC          KEY_MAINLOOP
BL51 BANKED LINKER/LOCATER V6.22.4.0                                                  04/05/2024  18:01:53  PAGE 11


  -------         DO            
  D:0041H         SYMBOL        _i
  -------         ENDDO         
  C:0A28H         LINE#         112
  C:0A28H         LINE#         113
  C:0A28H         LINE#         114
  C:0A2BH         LINE#         115
  C:0A31H         LINE#         116
  C:0A33H         LINE#         118
  C:0A36H         LINE#         119
  C:0A3DH         LINE#         120
  C:0A3FH         LINE#         121
  C:0A59H         LINE#         122
  C:0A59H         LINE#         123
  C:0A59H         LINE#         124
  C:0A73H         LINE#         125
  C:0A73H         LINE#         126
  C:0A83H         LINE#         127
  C:0A93H         LINE#         128
  C:0AA3H         LINE#         129
  C:0AB7H         LINE#         130
  C:0AC7H         LINE#         131
  C:0ADBH         LINE#         132
  C:0ADBH         LINE#         133
  C:0ADBH         LINE#         134
  C:0ADBH         LINE#         135
  C:0AF5H         LINE#         136
  C:0AF5H         LINE#         137
  C:0B08H         LINE#         138
  C:0B1BH         LINE#         139
  C:0B2EH         LINE#         140
  C:0B41H         LINE#         141
  C:0B54H         LINE#         142
  C:0B67H         LINE#         143
  C:0B67H         LINE#         144
  C:0B67H         LINE#         145
  C:0B67H         LINE#         146
  C:0B7AH         LINE#         147
  C:0B7AH         LINE#         148
  C:0B7DH         LINE#         149
  C:0B85H         LINE#         150
  C:0B8DH         LINE#         151
  C:0B90H         LINE#         152
  C:0B93H         LINE#         153
  C:0B99H         LINE#         154
  C:0B9FH         LINE#         155
  C:0BA2H         LINE#         156
  C:0BAAH         LINE#         157
  C:0BB2H         LINE#         158
  C:0BBBH         LINE#         159
  C:0BFAH         LINE#         162
  C:0BFCH         LINE#         163
  C:0BFCH         LINE#         164
  C:0BFCH         LINE#         165
  C:0BFCH         LINE#         166
  C:0C0CH         LINE#         167
  C:0C0CH         LINE#         168
BL51 BANKED LINKER/LOCATER V6.22.4.0                                                  04/05/2024  18:01:53  PAGE 12


  C:0C0FH         LINE#         169
  C:0C17H         LINE#         170
  C:0C1FH         LINE#         171
  C:0C27H         LINE#         172
  C:0C29H         LINE#         173
  C:0C2EH         LINE#         174
  C:0C33H         LINE#         175
  C:0C36H         LINE#         176
  C:0C3EH         LINE#         177
  C:0C46H         LINE#         178
  C:0C4EH         LINE#         179
  C:0C4EH         LINE#         180
  C:0C4EH         LINE#         181
  C:0C4EH         LINE#         182
  C:0C4EH         LINE#         183
  C:0C59H         LINE#         184
  C:0C5CH         LINE#         185
  -------         ENDPROC       KEY_MAINLOOP
  -------         PROC          LED_MAINLOOP
  -------         DO            
  D:0008H         SYMBOL        _cnt5s
  D:000AH         SYMBOL        _cnt200ms
  -------         ENDDO         
  C:0EECH         LINE#         187
  C:0EECH         LINE#         188
  C:0EECH         LINE#         191
  C:0EEFH         LINE#         192
  C:0EF1H         LINE#         194
  C:0F09H         LINE#         195
  C:0F10H         LINE#         197
  C:0F13H         LINE#         198
  C:0F13H         LINE#         199
  C:0F26H         LINE#         200
  C:0F26H         LINE#         201
  C:0F2DH         LINE#         202
  C:0F2DH         LINE#         203
  C:0F42H         LINE#         204
  C:0F46H         LINE#         206
  C:0F4BH         LINE#         207
  C:0F50H         LINE#         208
  -------         ENDPROC       LED_MAINLOOP
  -------         PROC          RTC_MAINLOOP
  -------         DO            
  D:0041H         SYMBOL        h
  D:0042H         SYMBOL        m
  D:0004H         SYMBOL        s
  D:000CH         SYMBOL        s_old
  -------         ENDDO         
  C:0FA6H         LINE#         210
  C:0FA6H         LINE#         211
  C:0FA6H         LINE#         215
  C:0FA9H         LINE#         216
  C:0FABH         LINE#         217
  C:0FB2H         LINE#         218
  C:0FB9H         LINE#         219
  C:0FC0H         LINE#         220
  C:0FC5H         LINE#         221
BL51 BANKED LINKER/LOCATER V6.22.4.0                                                  04/05/2024  18:01:53  PAGE 13


  C:0FC7H         LINE#         223
  C:0FDAH         LINE#         224
  C:0FEBH         LINE#         225
  C:0FFAH         LINE#         226
  -------         ENDPROC       RTC_MAINLOOP
  -------         PROC          BLINK8_MAINLOOP
  -------         DO            
  D:0007H         SYMBOL        i
  D:0006H         SYMBOL        tmp
  -------         ENDDO         
  C:11C9H         LINE#         228
  C:11C9H         LINE#         229
  C:11C9H         LINE#         230
  C:11CCH         LINE#         232
  C:11CFH         LINE#         233
  C:11D1H         LINE#         237
  C:11D1H         LINE#         238
  C:11D1H         LINE#         239
  C:11DFH         LINE#         240
  C:11E1H         LINE#         241
  C:11EAH         LINE#         243
  C:11F0H         LINE#         244
  C:11F4H         LINE#         245
  -------         ENDPROC       BLINK8_MAINLOOP
  -------         PROC          TEMPER_MAINLOOP
  -------         DO            
  D:0006H         SYMBOL        tmp
  -------         ENDDO         
  C:126AH         LINE#         247
  C:126AH         LINE#         248
  C:126AH         LINE#         250
  C:126DH         LINE#         251
  C:126FH         LINE#         253
  C:1272H         LINE#         254
  C:128CH         LINE#         255
  C:128FH         LINE#         256
  -------         ENDPROC       TEMPER_MAINLOOP
  -------         PROC          DELAY5MS
  -------         DO            
  D:0007H         SYMBOL        i
  D:0006H         SYMBOL        j
  -------         ENDDO         
  C:13C6H         LINE#         258
  C:13C6H         LINE#         259
  C:13C6H         LINE#         262
  C:13C8H         LINE#         263
  C:13CAH         LINE#         265
  C:13CAH         LINE#         266
  C:13CCH         LINE#         267
  C:13CEH         LINE#         268
  -------         ENDPROC       DELAY5MS
  -------         ENDMOD        MAIN

  -------         MODULE        SMG
  C:0000H         SYMBOL        _ICE_DUMMY_
  D:0080H         PUBLIC        P0
  D:0090H         PUBLIC        P1
BL51 BANKED LINKER/LOCATER V6.22.4.0                                                  04/05/2024  18:01:53  PAGE 14


  D:00A0H         PUBLIC        P2
  D:00B0H         PUBLIC        P3
  D:00C0H         PUBLIC        P4
  D:00C8H         PUBLIC        P5
  D:00E8H         PUBLIC        P6
  D:00F8H         PUBLIC        P7
  D:00A8H         PUBLIC        IE
  D:00B8H         PUBLIC        IP
  D:00D8H         PUBLIC        CCON
  D:0098H         PUBLIC        SCON
  D:0026H         PUBLIC        dis_blink
  D:0088H         PUBLIC        TCON
  C:108EH         PUBLIC        disp_scan
  C:1339H         PUBLIC        seg
  C:0C5DH         PUBLIC        disp_tran
  D:002EH         PUBLIC        dis_buf
  D:00D0H         PUBLIC        PSW
  D:0036H         PUBLIC        dis_str
  -------         PROC          DISP_SCAN
  -------         DO            
  D:0025H         SYMBOL        i
  -------         ENDDO         
  C:108EH         LINE#         39
  C:108EH         LINE#         40
  C:108EH         LINE#         43
  C:1091H         LINE#         44
  C:1096H         LINE#         46
  C:10A6H         LINE#         47
  C:10ABH         LINE#         49
  C:10BAH         LINE#         50
  C:10BFH         LINE#         52
  C:10C9H         LINE#         53
  -------         ENDPROC       DISP_SCAN
  -------         PROC          DISP_TRAN
  -------         DO            
  D:0041H         SYMBOL        i
  D:0042H         SYMBOL        j
  D:0043H         SYMBOL        temp
  -------         ENDDO         
  C:0C5DH         LINE#         55
  C:0C5DH         LINE#         56
  C:0C5DH         LINE#         57
  C:0C60H         LINE#         58
  C:0C62H         LINE#         60
  C:0C6EH         LINE#         61
  C:0C6EH         LINE#         62
  C:0CC6H         LINE#         63
  C:0CC6H         LINE#         64
  C:0CCBH         LINE#         65
  C:0CD0H         LINE#         66
  C:0CD5H         LINE#         67
  C:0CDAH         LINE#         68
  C:0CDFH         LINE#         69
  C:0CE4H         LINE#         70
  C:0CE9H         LINE#         71
  C:0CEEH         LINE#         72
  C:0CF3H         LINE#         73
BL51 BANKED LINKER/LOCATER V6.22.4.0                                                  04/05/2024  18:01:53  PAGE 15


  C:0CF8H         LINE#         74
  C:0CFDH         LINE#         75
  C:0D02H         LINE#         76
  C:0D07H         LINE#         77
  C:0D0CH         LINE#         78
  C:0D11H         LINE#         79
  C:0D16H         LINE#         80
  C:0D1BH         LINE#         81
  C:0D20H         LINE#         82
  C:0D25H         LINE#         83
  C:0D2AH         LINE#         84
  C:0D2FH         LINE#         85
  C:0D34H         LINE#         86
  C:0D39H         LINE#         87
  C:0D3EH         LINE#         88
  C:0D47H         LINE#         89
  C:0D4AH         LINE#         90
  C:0D4AH         LINE#         91
  C:0D53H         LINE#         92
  C:0D53H         LINE#         93
  C:0D56H         LINE#         94
  C:0D58H         LINE#         95
  C:0D58H         LINE#         96
  C:0D5FH         LINE#         97
  C:0D66H         LINE#         98
  -------         ENDPROC       DISP_TRAN
  -------         ENDMOD        SMG

  -------         MODULE        TIME
  C:0000H         SYMBOL        _ICE_DUMMY_
  C:0FFBH         PUBLIC        timflag_proc
  D:0080H         PUBLIC        P0
  D:0090H         PUBLIC        P1
  D:00A0H         PUBLIC        P2
  D:00B0H         PUBLIC        P3
  D:00C0H         PUBLIC        P4
  D:00C8H         PUBLIC        P5
  D:00E8H         PUBLIC        P6
  D:00F8H         PUBLIC        P7
  D:00A8H         PUBLIC        IE
  B:0023H.1       PUBLIC        f_1s_blink8
  D:00B8H         PUBLIC        IP
  C:1050H         PUBLIC        PIT1
  D:00D8H         PUBLIC        CCON
  C:1379H         PUBLIC        Timer1_Init
  D:0098H         PUBLIC        SCON
  B:0023H.2       PUBLIC        f_20ms_key
  D:0089H         PUBLIC        TMOD
  D:0088H         PUBLIC        TCON
  B:0023H.3       PUBLIC        f_100ms_state
  D:008EH         PUBLIC        AUXR
  B:0023H.4       PUBLIC        f_100ms_adc
  B:00A8H.3       PUBLIC        ET1
  B:0088H.7       PUBLIC        TF1
  D:008DH         PUBLIC        TH1
  B:0023H.5       PUBLIC        f_100ms_led
  D:008BH         PUBLIC        TL1
BL51 BANKED LINKER/LOCATER V6.22.4.0                                                  04/05/2024  18:01:53  PAGE 16


  B:0088H.6       PUBLIC        TR1
  B:0023H.6       PUBLIC        f_800ms_temp
  B:0023H.7       PUBLIC        f_100ms_rtc
  B:0024H.0       PUBLIC        f_1s
  D:00D0H         PUBLIC        PSW
  -------         PROC          PIT1
  C:1050H         LINE#         13
  C:106DH         LINE#         15
  C:1070H         LINE#         16
  C:1073H         LINE#         17
  -------         ENDPROC       PIT1
  -------         PROC          TIMER1_INIT
  C:1379H         LINE#         19
  C:1379H         LINE#         20
  C:1379H         LINE#         21
  C:137CH         LINE#         22
  C:137FH         LINE#         23
  C:1382H         LINE#         24
  C:1385H         LINE#         25
  C:1387H         LINE#         26
  C:1389H         LINE#         27
  C:138BH         LINE#         28
  -------         ENDPROC       TIMER1_INIT
  -------         PROC          TIMFLAG_PROC
  -------         DO            
  D:000EH         SYMBOL        cnt_20ms
  D:000FH         SYMBOL        cnt_100ms
  D:0010H         SYMBOL        cnt_800ms
  D:0012H         SYMBOL        cnt_1s
  -------         ENDDO         
  C:0FFBH         LINE#         30
  C:0FFBH         LINE#         31
  C:0FFBH         LINE#         37
  C:1004H         LINE#         38
  C:1004H         LINE#         39
  C:1007H         LINE#         40
  C:1009H         LINE#         41
  C:1009H         LINE#         42
  C:1012H         LINE#         43
  C:1012H         LINE#         44
  C:1015H         LINE#         45
  C:101DH         LINE#         46
  C:101DH         LINE#         47
  C:102EH         LINE#         48
  C:102EH         LINE#         49
  C:1035H         LINE#         50
  C:1035H         LINE#         51
  C:1046H         LINE#         52
  C:1046H         LINE#         53
  C:104BH         LINE#         54
  C:104FH         LINE#         55
  C:104FH         LINE#         56
  -------         ENDPROC       TIMFLAG_PROC
  -------         ENDMOD        TIME

  -------         MODULE        ONEWIRE
  C:0000H         SYMBOL        _ICE_DUMMY_
BL51 BANKED LINKER/LOCATER V6.22.4.0                                                  04/05/2024  18:01:53  PAGE 17


  D:0080H         PUBLIC        P0
  D:0090H         PUBLIC        P1
  D:00A0H         PUBLIC        P2
  D:00B0H         PUBLIC        P3
  D:00C0H         PUBLIC        P4
  C:1306H         PUBLIC        Read_DS18B20
  D:00C8H         PUBLIC        P5
  D:00E8H         PUBLIC        P6
  D:00F8H         PUBLIC        P7
  D:00A8H         PUBLIC        IE
  C:12F0H         PUBLIC        _Delay_OneWire
  C:12CEH         PUBLIC        _Write_DS18B20
  B:0090H.4       PUBLIC        DQ
  C:13AFH         PUBLIC        start_ds18b20
  D:00B8H         PUBLIC        IP
  C:121CH         PUBLIC        init_ds18b20
  D:00D8H         PUBLIC        CCON
  C:1290H         PUBLIC        read_tem16
  D:0098H         PUBLIC        SCON
  D:0088H         PUBLIC        TCON
  D:00D0H         PUBLIC        PSW
  C:12ECH         SYMBOL        L?0021
  -------         PROC          L?0020
  -------         ENDPROC       L?0020
  C:12ECH         SYMBOL        L?0021
  -------         PROC          _DELAY_ONEWIRE
  D:0006H         SYMBOL        t
  -------         DO            
  D:0005H         SYMBOL        i
  -------         ENDDO         
  C:12F0H         LINE#         9
  C:12F0H         LINE#         10
  C:12F0H         LINE#         12
  C:12FAH         LINE#         13
  C:1305H         LINE#         14
  C:1305H         LINE#         15
  -------         ENDPROC       _DELAY_ONEWIRE
  -------         PROC          _WRITE_DS18B20
  D:0001H         SYMBOL        dat
  -------         DO            
  D:0003H         SYMBOL        i
  -------         ENDDO         
  C:12CEH         LINE#         18
  C:12D0H         LINE#         19
  C:12D0H         LINE#         21
  C:12D2H         LINE#         22
  C:12D2H         LINE#         23
  C:12D4H         LINE#         24
  C:12D8H         LINE#         25
  C:12DBH         LINE#         26
  C:12DDH         LINE#         27
  C:12E1H         LINE#         28
  C:12E5H         LINE#         29
  -------         ENDPROC       _WRITE_DS18B20
  -------         PROC          READ_DS18B20
  -------         DO            
  D:0003H         SYMBOL        i
BL51 BANKED LINKER/LOCATER V6.22.4.0                                                  04/05/2024  18:01:53  PAGE 18


  D:0004H         SYMBOL        dat
  -------         ENDDO         
  C:1306H         LINE#         33
  C:1306H         LINE#         34
  C:1306H         LINE#         38
  C:1308H         LINE#         39
  C:1308H         LINE#         40
  C:130AH         LINE#         41
  C:130EH         LINE#         42
  C:1310H         LINE#         43
  C:1313H         LINE#         44
  C:1313H         LINE#         45
  C:1316H         LINE#         46
  C:1316H         LINE#         47
  C:1319H         LINE#         48
  C:131DH         LINE#         49
  C:131FH         LINE#         50
  -------         ENDPROC       READ_DS18B20
  -------         PROC          INIT_DS18B20
  -------         DO            
  B:0022H.0       SYMBOL        initflag
  -------         ENDDO         
  C:121CH         LINE#         53
  C:121CH         LINE#         54
  C:121CH         LINE#         55
  C:121EH         LINE#         57
  C:1220H         LINE#         58
  C:1227H         LINE#         59
  C:1229H         LINE#         60
  C:1230H         LINE#         61
  C:1232H         LINE#         62
  C:1239H         LINE#         63
  C:123DH         LINE#         64
  C:1240H         LINE#         66
  C:1242H         LINE#         67
  -------         ENDPROC       INIT_DS18B20
  -------         PROC          START_DS18B20
  C:13AFH         LINE#         69
  C:13AFH         LINE#         70
  C:13AFH         LINE#         71
  C:13B2H         LINE#         72
  C:13B7H         LINE#         73
  -------         ENDPROC       START_DS18B20
  -------         PROC          READ_TEM16
  -------         DO            
  D:0001H         SYMBOL        L
  D:0007H         SYMBOL        H
  D:0006H         SYMBOL        t16
  -------         ENDDO         
  C:1290H         LINE#         77
  C:1290H         LINE#         78
  C:1290H         LINE#         82
  C:1293H         LINE#         83
  C:1298H         LINE#         84
  C:129DH         LINE#         86
  C:12A2H         LINE#         87
  C:12A5H         LINE#         89
BL51 BANKED LINKER/LOCATER V6.22.4.0                                                  04/05/2024  18:01:53  PAGE 19


  C:12AFH         LINE#         91
  C:12AFH         LINE#         92
  -------         ENDPROC       READ_TEM16
  -------         ENDMOD        ONEWIRE

  -------         MODULE        ?C?FPMUL
  C:001EH         PUBLIC        ?C?FPMUL
  -------         ENDMOD        ?C?FPMUL

  -------         MODULE        ?C?FCAST
  C:012EH         PUBLIC        ?C?FCASTC
  C:0129H         PUBLIC        ?C?FCASTI
  C:0124H         PUBLIC        ?C?FCASTL
  -------         ENDMOD        ?C?FCAST

  -------         MODULE        ?C?CASTF
  C:0162H         PUBLIC        ?C?CASTF
  -------         ENDMOD        ?C?CASTF

  -------         MODULE        PRINTF
  D:0041H         PUBLIC        ?_PRINTF?BYTE
  D:0041H         PUBLIC        ?_SPRINTF?BYTE
  C:061BH         PUBLIC        _PRINTF
  C:0615H         PUBLIC        _SPRINTF
  -------         ENDMOD        PRINTF

  -------         MODULE        ?C?FPROUND
  C:01E3H         PUBLIC        ?C?FPROUND
  -------         ENDMOD        ?C?FPROUND

  -------         MODULE        ?C?FPCONVERT
  C:0212H         PUBLIC        ?C?FPCONVERT
  -------         ENDMOD        ?C?FPCONVERT

  -------         MODULE        ?C?FPADD
  C:031CH         PUBLIC        ?C?FPADD
  C:0318H         PUBLIC        ?C?FPSUB
  -------         ENDMOD        ?C?FPADD

  -------         MODULE        ?C?FPDIV
  C:0410H         PUBLIC        ?C?FPDIV
  -------         ENDMOD        ?C?FPDIV

  -------         MODULE        ?C?FTNPWR
  C:04DDH         PUBLIC        ?C?FTNPWR
  -------         ENDMOD        ?C?FTNPWR

  -------         MODULE        ?C?CLDPTR
  C:051DH         PUBLIC        ?C?CLDPTR
  -------         ENDMOD        ?C?CLDPTR

  -------         MODULE        ?C?CLDOPTR
  C:0536H         PUBLIC        ?C?CLDOPTR
  -------         ENDMOD        ?C?CLDOPTR

  -------         MODULE        ?C?CSTPTR
  C:0563H         PUBLIC        ?C?CSTPTR
BL51 BANKED LINKER/LOCATER V6.22.4.0                                                  04/05/2024  18:01:53  PAGE 20


  -------         ENDMOD        ?C?CSTPTR

  -------         MODULE        ?C?LNEG
  C:0575H         PUBLIC        ?C?LNEG
  -------         ENDMOD        ?C?LNEG

  -------         MODULE        ?C?PLDIIDATA
  C:0583H         PUBLIC        ?C?PLDIIDATA
  -------         ENDMOD        ?C?PLDIIDATA

  -------         MODULE        ?C?CCASE
  C:0593H         PUBLIC        ?C?CCASE
  -------         ENDMOD        ?C?CCASE

  -------         MODULE        PUTCHAR
  C:1243H         PUBLIC        _PUTCHAR
  -------         ENDMOD        PUTCHAR

Program Size: data=84.2 xdata=10 code=5070
LINK/LOCATE RUN COMPLETE.  0 WARNING(S),  0 ERROR(S)
