BL51 BANKED LINKER/LOCATER V6.22.4.0                                                    04/04/2024  16:21:36  PAGE 1


BL51 BANKED LINKER/LOCATER V6.22.4.0, INVOKED BY:
D:\KEILC51\C51\C51\BIN\BL51.EXE .\Objects\main.obj, .\Objects\control.obj, .\Objects\key.obj, .\Objects\led8.obj, .\Obje
>> cts\time.obj, .\Objects\onewire.obj TO .\Objects\0404-S5 PRINT (.\Listings\0404-S5.m51) RAMSIZE (256) DISABLEWARNING 
>> (16)


MEMORY MODEL: SMALL


INPUT MODULES INCLUDED:
  .\Objects\main.obj (MAIN)
  .\Objects\control.obj (CONTROL)
  .\Objects\key.obj (KEY)
  .\Objects\led8.obj (LED8)
  .\Objects\time.obj (TIME)
  .\Objects\onewire.obj (ONEWIRE)
  D:\KEILC51\C51\C51\LIB\C51S.LIB (?C_STARTUP)
  D:\KEILC51\C51\C51\LIB\C51S.LIB (?C?CCASE)
  D:\KEILC51\C51\C51\LIB\C51S.LIB (PRINTF)
  D:\KEILC51\C51\C51\LIB\C51S.LIB (?C_INIT)
  D:\KEILC51\C51\C51\LIB\C51S.LIB (?C?CLDPTR)
  D:\KEILC51\C51\C51\LIB\C51S.LIB (?C?CLDOPTR)
  D:\KEILC51\C51\C51\LIB\C51S.LIB (?C?CSTPTR)
  D:\KEILC51\C51\C51\LIB\C51S.LIB (?C?PLDIIDATA)
  D:\KEILC51\C51\C51\LIB\C51S.LIB (PUTCHAR)


LINK MAP OF MODULE:  .\Objects\0404-S5 (MAIN)


            TYPE    BASE      LENGTH    RELOCATION   SEGMENT NAME
            -----------------------------------------------------

            * * * * * * *   D A T A   M E M O R Y   * * * * * * *
            REG     0000H     0008H     ABSOLUTE     "REG BANK 0"
            DATA    0008H     0014H     UNIT         _DATA_GROUP_
            DATA    001CH     0004H     UNIT         ?DT?MAIN
            DATA    0020H     0001H     BIT_ADDR     ?BA?MAIN
            BIT     0021H.0   0001H.1   UNIT         _BIT_GROUP_
            BIT     0022H.1   0000H.4   UNIT         ?BI?TIME
            BIT     0022H.5   0000H.1   UNIT         ?BI?MAIN
                    0022H.6   0000H.2                *** GAP ***
            DATA    0023H     001CH     UNIT         ?DT?LED8
            DATA    003FH     0004H     UNIT         ?DT?TIME
            DATA    0043H     0002H     UNIT         ?DT?KEY
            DATA    0045H     0001H     UNIT         ?DT?CONTROL
            IDATA   0046H     0001H     UNIT         ?STACK

            * * * * * * *  X D A T A   M E M O R Y  * * * * * * *
            XDATA   0000H     0008H     UNIT         ?XD?MAIN

            * * * * * * *   C O D E   M E M O R Y   * * * * * * *
            CODE    0000H     0003H     ABSOLUTE     
            CODE    0003H     0014H     UNIT         ?CO?LED8
                    0017H     0004H                  *** GAP ***
            CODE    001BH     0003H     ABSOLUTE     
            CODE    001EH     035CH     UNIT         ?PR?PRINTF?PRINTF
            CODE    037AH     0148H     UNIT         ?PR?KEY_MAINLOOP?MAIN
BL51 BANKED LINKER/LOCATER V6.22.4.0                                                  04/04/2024  16:21:36  PAGE 2


            CODE    04C2H     00E3H     UNIT         ?PR?DISP_TRAN?LED8
            CODE    05A5H     009EH     UNIT         ?PR?STATE_MAINLOOP?MAIN
            CODE    0643H     008EH     UNIT         ?C?LIB_CODE
            CODE    06D1H     008CH     UNIT         ?C_C51STARTUP
            CODE    075DH     0088H     UNIT         ?PR?GET_KEY34?KEY
            CODE    07E5H     007BH     UNIT         ?PR?TEMP_MAINLOOP?MAIN
            CODE    0860H     006EH     UNIT         ?PR?LED_MAINLOOP?MAIN
            CODE    08CEH     0050H     UNIT         ?PR?DISP_SCAN?LED8
            CODE    091EH     004EH     UNIT         ?CO?MAIN
            CODE    096CH     004DH     UNIT         ?C_INITSEG
            CODE    09B9H     004DH     UNIT         ?PR?GET_KEY24?KEY
            CODE    0A06H     003EH     UNIT         ?PR?T1_ISR?TIME
            CODE    0A44H     0039H     UNIT         ?PR?TIME_MAINLOOP?TIME
            CODE    0A7DH     002BH     UNIT         ?PR?KEY_PROC?KEY
            CODE    0AA8H     002BH     UNIT         ?PR?READ_TEM16?ONEWIRE
            CODE    0AD3H     0027H     UNIT         ?PR?INIT_DS18B20?ONEWIRE
            CODE    0AFAH     0027H     UNIT         ?PR?PUTCHAR?PUTCHAR
            CODE    0B21H     001EH     UNIT         ?PR?_WRITE_DS18B20?ONEWIRE
            CODE    0B3FH     001AH     UNIT         ?PR?_DELAY_ONEWIRE?ONEWIRE
            CODE    0B59H     001AH     UNIT         ?PR?READ_DS18B20?ONEWIRE
            CODE    0B73H     0019H     UNIT         ?PR?INIT?MAIN
            CODE    0B8CH     0013H     UNIT         ?PR?MAIN?MAIN
            CODE    0B9FH     0013H     UNIT         ?PR?_CRL_OFF?CONTROL
            CODE    0BB2H     0013H     UNIT         ?PR?TIMER1_INIT?TIME
            CODE    0BC5H     0012H     UNIT         ?PR?_CRL_ON?CONTROL
            CODE    0BD7H     000DH     UNIT         ?PR?START_18B20?ONEWIRE



OVERLAY MAP OF MODULE:   .\Objects\0404-S5 (MAIN)


SEGMENT                               BIT_GROUP          DATA_GROUP 
  +--> CALLED SEGMENT              START    LENGTH     START    LENGTH
----------------------------------------------------------------------
?PR?T1_ISR?TIME                    -----    -----      -----    -----
  +--> ?PR?TIME_MAINLOOP?TIME
  +--> ?PR?DISP_SCAN?LED8

*** NEW ROOT ***************************************************

?C_C51STARTUP                      -----    -----      -----    -----
  +--> ?PR?MAIN?MAIN
  +--> ?C_INITSEG

?PR?MAIN?MAIN                      -----    -----      -----    -----
  +--> ?PR?INIT?MAIN
  +--> ?PR?STATE_MAINLOOP?MAIN
  +--> ?PR?TEMP_MAINLOOP?MAIN
  +--> ?PR?KEY_MAINLOOP?MAIN
  +--> ?PR?LED_MAINLOOP?MAIN

?PR?INIT?MAIN                      -----    -----      -----    -----
  +--> ?PR?TIMER1_INIT?TIME
  +--> ?PR?START_18B20?ONEWIRE

?PR?START_18B20?ONEWIRE            -----    -----      -----    -----
BL51 BANKED LINKER/LOCATER V6.22.4.0                                                  04/04/2024  16:21:36  PAGE 3


  +--> ?PR?INIT_DS18B20?ONEWIRE
  +--> ?PR?_WRITE_DS18B20?ONEWIRE

?PR?INIT_DS18B20?ONEWIRE           0021H.0  0000H.1    -----    -----
  +--> ?PR?_DELAY_ONEWIRE?ONEWIRE

?PR?_WRITE_DS18B20?ONEWIRE         -----    -----      -----    -----
  +--> ?PR?_DELAY_ONEWIRE?ONEWIRE

?PR?STATE_MAINLOOP?MAIN            -----    -----      -----    -----
  +--> ?CO?MAIN
  +--> ?PR?PRINTF?PRINTF
  +--> ?PR?DISP_TRAN?LED8

?PR?PRINTF?PRINTF                  0021H.0  0001H.1    0008H    0014H
  +--> ?PR?PUTCHAR?PUTCHAR

?PR?DISP_TRAN?LED8                 -----    -----      0008H    0003H
  +--> ?CO?LED8

?PR?TEMP_MAINLOOP?MAIN             -----    -----      -----    -----
  +--> ?PR?READ_TEM16?ONEWIRE
  +--> ?PR?_CRL_OFF?CONTROL
  +--> ?PR?_CRL_ON?CONTROL
  +--> ?PR?START_18B20?ONEWIRE

?PR?READ_TEM16?ONEWIRE             -----    -----      0008H    0002H
  +--> ?PR?INIT_DS18B20?ONEWIRE
  +--> ?PR?_WRITE_DS18B20?ONEWIRE
  +--> ?PR?READ_DS18B20?ONEWIRE

?PR?READ_DS18B20?ONEWIRE           -----    -----      -----    -----
  +--> ?PR?_DELAY_ONEWIRE?ONEWIRE

?PR?KEY_MAINLOOP?MAIN              -----    -----      -----    -----
  +--> ?PR?KEY_PROC?KEY

?PR?KEY_PROC?KEY                   -----    -----      -----    -----
  +--> ?PR?GET_KEY34?KEY



SYMBOL TABLE OF MODULE:  .\Objects\0404-S5 (MAIN)

  VALUE           TYPE          NAME
  ----------------------------------

  -------         MODULE        MAIN
  C:0000H         SYMBOL        _ICE_DUMMY_
  B:0020H.2       PUBLIC        L3
  B:0020H.3       PUBLIC        L4
  D:0080H         PUBLIC        P0
  B:0020H.4       PUBLIC        L5
  D:0090H         PUBLIC        P1
  B:0020H.5       PUBLIC        L6
  D:00A0H         PUBLIC        P2
  B:0020H.6       PUBLIC        L7
BL51 BANKED LINKER/LOCATER V6.22.4.0                                                  04/04/2024  16:21:36  PAGE 4


  D:00B0H         PUBLIC        P3
  B:0020H.7       PUBLIC        L8
  D:00C0H         PUBLIC        P4
  D:00C8H         PUBLIC        P5
  B:00A8H.7       PUBLIC        EA
  D:00E8H         PUBLIC        P6
  D:00F8H         PUBLIC        P7
  D:00A8H         PUBLIC        IE
  C:037AH         PUBLIC        key_mainloop
  D:001EH         PUBLIC        ledms
  D:00B8H         PUBLIC        IP
  D:001FH         PUBLIC        state
  D:00D8H         PUBLIC        CCON
  C:0B8CH         PUBLIC        main
  D:0098H         PUBLIC        SCON
  D:0088H         PUBLIC        TCON
  C:0B73H         PUBLIC        init
  X:0000H         PUBLIC        cj
  D:0020H         PUBLIC        led_dat
  C:05A5H         PUBLIC        state_mainloop
  D:00D0H         PUBLIC        PSW
  C:0860H         PUBLIC        led_mainloop
  B:0020H.0       PUBLIC        L1
  C:07E5H         PUBLIC        temp_mainloop
  B:0020H.1       PUBLIC        L2
  -------         PROC          MAIN
  C:0B8CH         LINE#         31
  C:0B8CH         LINE#         32
  C:0B8CH         LINE#         33
  C:0B8FH         LINE#         34
  C:0B91H         LINE#         35
  C:0B91H         LINE#         36
  C:0B91H         LINE#         37
  C:0B94H         LINE#         38
  C:0B97H         LINE#         39
  C:0B9AH         LINE#         40
  C:0B9DH         LINE#         41
  -------         ENDPROC       MAIN
  -------         PROC          INIT
  C:0B73H         LINE#         44
  C:0B73H         LINE#         45
  C:0B73H         LINE#         46
  C:0B76H         LINE#         47
  C:0B7BH         LINE#         48
  C:0B7DH         LINE#         50
  C:0B83H         LINE#         51
  C:0B89H         LINE#         52
  -------         ENDPROC       INIT
  -------         PROC          STATE_MAINLOOP
  C:05A5H         LINE#         55
  C:05A5H         LINE#         56
  C:05A5H         LINE#         57
  C:05ABH         LINE#         58
  C:05ADH         LINE#         60
  C:05C3H         LINE#         61
  C:05C3H         LINE#         62
  C:05D1H         LINE#         63
BL51 BANKED LINKER/LOCATER V6.22.4.0                                                  04/04/2024  16:21:36  PAGE 5


  C:05DCH         LINE#         64
  C:05EDH         LINE#         65
  C:0602H         LINE#         66
  C:061BH         LINE#         67
  C:063FH         LINE#         68
  C:063FH         LINE#         70
  C:0642H         LINE#         71
  -------         ENDPROC       STATE_MAINLOOP
  -------         PROC          KEY_MAINLOOP
  C:037AH         LINE#         73
  C:037AH         LINE#         74
  C:037AH         LINE#         75
  C:0380H         LINE#         76
  C:0382H         LINE#         78
  C:0385H         LINE#         80
  C:038EH         LINE#         81
  C:038EH         LINE#         82
  C:038EH         LINE#         83
  C:0398H         LINE#         84
  C:0398H         LINE#         85
  C:039DH         LINE#         86
  C:039DH         LINE#         87
  C:03ADH         LINE#         88
  C:03BDH         LINE#         89
  C:03C2H         LINE#         90
  C:03C2H         LINE#         91
  C:03C2H         LINE#         93
  C:03C2H         LINE#         94
  C:03D1H         LINE#         95
  C:03D1H         LINE#         96
  C:03DBH         LINE#         97
  C:03E5H         LINE#         98
  C:03EFH         LINE#         99
  C:03F7H         LINE#         100
  C:03F7H         LINE#         101
  C:03F7H         LINE#         102
  C:03F7H         LINE#         104
  C:040DH         LINE#         105
  C:040DH         LINE#         106
  C:040DH         LINE#         107
  C:0421H         LINE#         108
  C:0421H         LINE#         109
  C:0426H         LINE#         110
  C:0426H         LINE#         111
  C:042AH         LINE#         112
  C:042EH         LINE#         113
  C:0431H         LINE#         114
  C:0433H         LINE#         115
  C:043CH         LINE#         116
  C:043CH         LINE#         117
  C:043FH         LINE#         119
  C:043FH         LINE#         120
  C:044DH         LINE#         121
  C:044DH         LINE#         122
  C:0452H         LINE#         123
  C:0452H         LINE#         124
  C:0456H         LINE#         125
BL51 BANKED LINKER/LOCATER V6.22.4.0                                                  04/04/2024  16:21:36  PAGE 6


  C:045DH         LINE#         126
  C:045FH         LINE#         127
  C:0468H         LINE#         128
  C:0468H         LINE#         129
  C:046AH         LINE#         131
  C:046AH         LINE#         132
  C:0478H         LINE#         133
  C:0478H         LINE#         134
  C:047DH         LINE#         135
  C:047DH         LINE#         136
  C:0481H         LINE#         137
  C:0488H         LINE#         138
  C:048AH         LINE#         139
  C:0493H         LINE#         140
  C:0493H         LINE#         141
  C:0495H         LINE#         143
  C:0495H         LINE#         144
  C:04A3H         LINE#         145
  C:04A3H         LINE#         146
  C:04A8H         LINE#         147
  C:04A8H         LINE#         148
  C:04ACH         LINE#         149
  C:04B3H         LINE#         150
  C:04B5H         LINE#         151
  C:04BEH         LINE#         152
  C:04BEH         LINE#         153
  C:04BEH         LINE#         154
  C:04BEH         LINE#         156
  C:04C1H         LINE#         157
  -------         ENDPROC       KEY_MAINLOOP
  -------         PROC          TEMP_MAINLOOP
  -------         DO            
  D:0006H         SYMBOL        dat
  D:0005H         SYMBOL        tempi
  -------         ENDDO         
  C:07E5H         LINE#         159
  C:07E5H         LINE#         160
  C:07E5H         LINE#         161
  C:07E8H         LINE#         162
  C:07E9H         LINE#         164
  C:07ECH         LINE#         165
  C:07EEH         LINE#         167
  C:07F1H         LINE#         169
  C:07FDH         LINE#         170
  C:0801H         LINE#         172
  C:080EH         LINE#         173
  C:080EH         LINE#         174
  C:081BH         LINE#         175
  C:081BH         LINE#         176
  C:0833H         LINE#         177
  C:0833H         LINE#         178
  C:0841H         LINE#         179
  C:0841H         LINE#         180
  C:084EH         LINE#         181
  C:084EH         LINE#         182
  C:085CH         LINE#         183
  C:085CH         LINE#         185
BL51 BANKED LINKER/LOCATER V6.22.4.0                                                  04/04/2024  16:21:36  PAGE 7


  C:085FH         LINE#         186
  -------         ENDPROC       TEMP_MAINLOOP
  -------         PROC          LED_MAINLOOP
  -------         DO            
  D:001CH         SYMBOL        cnt
  B:0022H.5       SYMBOL        f_blink
  -------         ENDDO         
  C:0860H         LINE#         188
  C:0860H         LINE#         189
  C:0860H         LINE#         192
  C:0863H         LINE#         193
  C:0865H         LINE#         195
  C:087EH         LINE#         196
  C:087EH         LINE#         197
  C:0883H         LINE#         198
  C:0885H         LINE#         199
  C:0887H         LINE#         200
  C:08A1H         LINE#         201
  C:08A1H         LINE#         202
  C:08A6H         LINE#         203
  C:08A8H         LINE#         204
  C:08AAH         LINE#         205
  C:08AAH         LINE#         207
  C:08B7H         LINE#         208
  C:08B7H         LINE#         209
  C:08B9H         LINE#         210
  C:08BBH         LINE#         211
  C:08BDH         LINE#         213
  C:08C2H         LINE#         214
  C:08CDH         LINE#         215
  -------         ENDPROC       LED_MAINLOOP
  -------         ENDMOD        MAIN

  -------         MODULE        CONTROL
  C:0000H         SYMBOL        _ICE_DUMMY_
  D:0080H         PUBLIC        P0
  C:0BC5H         PUBLIC        _crl_on
  D:0090H         PUBLIC        P1
  D:00A0H         PUBLIC        P2
  D:00B0H         PUBLIC        P3
  D:00C0H         PUBLIC        P4
  D:00C8H         PUBLIC        P5
  D:00E8H         PUBLIC        P6
  D:00F8H         PUBLIC        P7
  D:00A8H         PUBLIC        IE
  D:00B8H         PUBLIC        IP
  D:00D8H         PUBLIC        CCON
  D:0098H         PUBLIC        SCON
  D:0088H         PUBLIC        TCON
  D:0045H         PUBLIC        crl_dat
  C:0B9FH         PUBLIC        _crl_off
  D:00D0H         PUBLIC        PSW
  -------         PROC          _CRL_ON
  D:0007H         SYMBOL        a
  C:0BC5H         LINE#         5
  C:0BC5H         LINE#         6
  C:0BC5H         LINE#         8
BL51 BANKED LINKER/LOCATER V6.22.4.0                                                  04/04/2024  16:21:36  PAGE 8


  C:0BC8H         LINE#         9
  C:0BCBH         LINE#         10
  C:0BD6H         LINE#         12
  -------         ENDPROC       _CRL_ON
  -------         PROC          _CRL_OFF
  D:0007H         SYMBOL        a
  C:0B9FH         LINE#         14
  C:0B9FH         LINE#         15
  C:0B9FH         LINE#         18
  C:0BA3H         LINE#         19
  C:0BA6H         LINE#         20
  C:0BB1H         LINE#         22
  -------         ENDPROC       _CRL_OFF
  -------         ENDMOD        CONTROL

  -------         MODULE        KEY
  C:0000H         SYMBOL        _ICE_DUMMY_
  D:0080H         PUBLIC        P0
  D:0090H         PUBLIC        P1
  D:00A0H         PUBLIC        P2
  D:00B0H         PUBLIC        P3
  D:00C0H         PUBLIC        P4
  D:00C8H         PUBLIC        P5
  D:00E8H         PUBLIC        P6
  D:00F8H         PUBLIC        P7
  D:00A8H         PUBLIC        IE
  D:00B8H         PUBLIC        IP
  D:00D8H         PUBLIC        CCON
  B:00B0H.0       PUBLIC        P30
  D:0098H         PUBLIC        SCON
  B:00B0H.1       PUBLIC        P31
  D:0088H         PUBLIC        TCON
  B:00B0H.2       PUBLIC        P32
  B:00C0H.2       PUBLIC        P42
  B:00B0H.3       PUBLIC        P33
  B:00B0H.4       PUBLIC        P34
  B:00C0H.4       PUBLIC        P44
  B:00B0H.5       PUBLIC        P35
  D:0044H         PUBLIC        key_code
  C:09B9H         PUBLIC        get_key24
  C:075DH         PUBLIC        get_key34
  C:0A7DH         PUBLIC        key_proc
  D:00D0H         PUBLIC        PSW
  -------         PROC          GET_KEY34
  -------         DO            
  D:0007H         SYMBOL        temp
  -------         ENDDO         
  C:075DH         LINE#         5
  C:075DH         LINE#         6
  C:075DH         LINE#         7
  C:075FH         LINE#         9
  C:0767H         LINE#         10
  C:076DH         LINE#         11
  C:0773H         LINE#         12
  C:0777H         LINE#         13
  C:077CH         LINE#         15
  C:0784H         LINE#         16
BL51 BANKED LINKER/LOCATER V6.22.4.0                                                  04/04/2024  16:21:36  PAGE 9


  C:078AH         LINE#         17
  C:0790H         LINE#         18
  C:0797H         LINE#         19
  C:079EH         LINE#         21
  C:07A6H         LINE#         22
  C:07ACH         LINE#         23
  C:07B3H         LINE#         24
  C:07BAH         LINE#         25
  C:07C1H         LINE#         27
  C:07C9H         LINE#         28
  C:07CFH         LINE#         29
  C:07D6H         LINE#         30
  C:07DDH         LINE#         31
  C:07E4H         LINE#         33
  C:07E4H         LINE#         34
  -------         ENDPROC       GET_KEY34
  -------         PROC          GET_KEY24
  -------         DO            
  D:0007H         SYMBOL        temp
  -------         ENDDO         
  C:09B9H         LINE#         36
  C:09B9H         LINE#         37
  C:09B9H         LINE#         38
  C:09BBH         LINE#         40
  C:09BFH         LINE#         41
  C:09C7H         LINE#         42
  C:09CCH         LINE#         43
  C:09D2H         LINE#         44
  C:09D9H         LINE#         45
  C:09E0H         LINE#         47
  C:09E4H         LINE#         48
  C:09ECH         LINE#         49
  C:09F3H         LINE#         50
  C:09FAH         LINE#         51
  C:0A01H         LINE#         52
  C:0A05H         LINE#         54
  C:0A05H         LINE#         55
  -------         ENDPROC       GET_KEY24
  -------         PROC          KEY_PROC
  -------         DO            
  D:0043H         SYMBOL        key_state
  D:0007H         SYMBOL        key_temp
  -------         ENDDO         
  C:0A7DH         LINE#         57
  C:0A7DH         LINE#         58
  C:0A7DH         LINE#         60
  C:0A7FH         LINE#         63
  C:0A82H         LINE#         65
  C:0A8EH         LINE#         66
  C:0A8EH         LINE#         67
  C:0A8EH         LINE#         68
  C:0A91H         LINE#         69
  C:0A91H         LINE#         70
  C:0A94H         LINE#         71
  C:0A94H         LINE#         72
  C:0A95H         LINE#         74
  C:0A95H         LINE#         75
BL51 BANKED LINKER/LOCATER V6.22.4.0                                                  04/04/2024  16:21:36  PAGE 10


  C:0A98H         LINE#         76
  C:0A98H         LINE#         77
  C:0A9AH         LINE#         78
  C:0A9DH         LINE#         79
  C:0AA1H         LINE#         80
  C:0AA2H         LINE#         82
  C:0AA2H         LINE#         83
  C:0AA5H         LINE#         84
  C:0AA5H         LINE#         85
  C:0AA7H         LINE#         86
  C:0AA7H         LINE#         87
  C:0AA7H         LINE#         88
  C:0AA7H         LINE#         89
  -------         ENDPROC       KEY_PROC
  -------         ENDMOD        KEY

  -------         MODULE        LED8
  C:0000H         SYMBOL        _ICE_DUMMY_
  D:0080H         PUBLIC        P0
  D:0090H         PUBLIC        P1
  D:00A0H         PUBLIC        P2
  D:00B0H         PUBLIC        P3
  D:00C0H         PUBLIC        P4
  D:00C8H         PUBLIC        P5
  D:00E8H         PUBLIC        P6
  D:00F8H         PUBLIC        P7
  D:00A8H         PUBLIC        IE
  D:00B8H         PUBLIC        IP
  D:00D8H         PUBLIC        CCON
  D:0024H         PUBLIC        disp_blink
  D:0098H         PUBLIC        SCON
  D:0088H         PUBLIC        TCON
  C:08CEH         PUBLIC        disp_scan
  C:04C2H         PUBLIC        disp_tran
  D:002CH         PUBLIC        disp_buf
  C:0003H         PUBLIC        Seg_Table
  D:0034H         PUBLIC        disp_str
  D:00D0H         PUBLIC        PSW
  -------         PROC          DISP_SCAN
  -------         DO            
  D:0023H         SYMBOL        i
  -------         ENDDO         
  C:08CEH         LINE#         6
  C:08CEH         LINE#         7
  C:08CEH         LINE#         10
  C:08D1H         LINE#         11
  C:08DCH         LINE#         13
  C:08ECH         LINE#         14
  C:08F7H         LINE#         16
  C:0906H         LINE#         17
  C:0911H         LINE#         19
  C:091DH         LINE#         21
  -------         ENDPROC       DISP_SCAN
  -------         PROC          DISP_TRAN
  -------         DO            
  D:0008H         SYMBOL        i
  D:0009H         SYMBOL        j
BL51 BANKED LINKER/LOCATER V6.22.4.0                                                  04/04/2024  16:21:36  PAGE 11


  D:000AH         SYMBOL        temp
  -------         ENDDO         
  C:04C2H         LINE#         47
  C:04C2H         LINE#         48
  C:04C2H         LINE#         50
  C:04C5H         LINE#         52
  C:04D1H         LINE#         53
  C:04D1H         LINE#         54
  C:051DH         LINE#         55
  C:051DH         LINE#         56
  C:0522H         LINE#         57
  C:0527H         LINE#         58
  C:052CH         LINE#         59
  C:0531H         LINE#         60
  C:0536H         LINE#         61
  C:053BH         LINE#         62
  C:0540H         LINE#         63
  C:0545H         LINE#         64
  C:054AH         LINE#         65
  C:054FH         LINE#         66
  C:0554H         LINE#         67
  C:0559H         LINE#         68
  C:055EH         LINE#         69
  C:0563H         LINE#         70
  C:0568H         LINE#         71
  C:056DH         LINE#         72
  C:0572H         LINE#         73
  C:0577H         LINE#         74
  C:057CH         LINE#         75
  C:0585H         LINE#         76
  C:0585H         LINE#         77
  C:0588H         LINE#         79
  C:0588H         LINE#         80
  C:0591H         LINE#         81
  C:0591H         LINE#         82
  C:0594H         LINE#         83
  C:0596H         LINE#         84
  C:0596H         LINE#         85
  C:059DH         LINE#         86
  C:05A4H         LINE#         87
  -------         ENDPROC       DISP_TRAN
  -------         ENDMOD        LED8

  -------         MODULE        TIME
  C:0000H         SYMBOL        _ICE_DUMMY_
  D:0080H         PUBLIC        P0
  D:0090H         PUBLIC        P1
  D:00A0H         PUBLIC        P2
  D:00B0H         PUBLIC        P3
  D:00C0H         PUBLIC        P4
  D:00C8H         PUBLIC        P5
  D:00E8H         PUBLIC        P6
  D:00F8H         PUBLIC        P7
  D:00A8H         PUBLIC        IE
  D:00B8H         PUBLIC        IP
  D:00D8H         PUBLIC        CCON
  C:0BB2H         PUBLIC        Timer1_Init
BL51 BANKED LINKER/LOCATER V6.22.4.0                                                  04/04/2024  16:21:36  PAGE 12


  D:0098H         PUBLIC        SCON
  C:0A06H         PUBLIC        T1_isr
  B:0022H.1       PUBLIC        f_20ms_key
  D:0089H         PUBLIC        TMOD
  D:0088H         PUBLIC        TCON
  B:0022H.2       PUBLIC        f_100ms_state
  D:008EH         PUBLIC        AUXR
  B:00A8H.3       PUBLIC        ET1
  B:0088H.7       PUBLIC        TF1
  D:008DH         PUBLIC        TH1
  B:0022H.3       PUBLIC        f_100ms_led
  D:008BH         PUBLIC        TL1
  B:0022H.4       PUBLIC        f_100ms_temp
  B:0088H.6       PUBLIC        TR1
  C:0A44H         PUBLIC        time_mainloop
  D:00D0H         PUBLIC        PSW
  -------         PROC          TIMER1_INIT
  C:0BB2H         LINE#         12
  C:0BB2H         LINE#         13
  C:0BB2H         LINE#         14
  C:0BB5H         LINE#         15
  C:0BB8H         LINE#         16
  C:0BBBH         LINE#         17
  C:0BBEH         LINE#         18
  C:0BC0H         LINE#         19
  C:0BC2H         LINE#         20
  C:0BC4H         LINE#         21
  -------         ENDPROC       TIMER1_INIT
  -------         PROC          T1_ISR
  C:0A06H         LINE#         23
  C:0A23H         LINE#         25
  C:0A26H         LINE#         26
  C:0A29H         LINE#         28
  -------         ENDPROC       T1_ISR
  -------         PROC          TIME_MAINLOOP
  -------         DO            
  D:003FH         SYMBOL        cnt_20ms
  D:0041H         SYMBOL        cnt_100ms
  -------         ENDDO         
  C:0A44H         LINE#         30
  C:0A44H         LINE#         31
  C:0A44H         LINE#         36
  C:0A57H         LINE#         37
  C:0A57H         LINE#         38
  C:0A5CH         LINE#         39
  C:0A5EH         LINE#         40
  C:0A5EH         LINE#         42
  C:0A71H         LINE#         43
  C:0A71H         LINE#         44
  C:0A76H         LINE#         45
  C:0A78H         LINE#         46
  C:0A7AH         LINE#         47
  C:0A7CH         LINE#         48
  C:0A7CH         LINE#         51
  -------         ENDPROC       TIME_MAINLOOP
  -------         ENDMOD        TIME

BL51 BANKED LINKER/LOCATER V6.22.4.0                                                  04/04/2024  16:21:36  PAGE 13


  -------         MODULE        ONEWIRE
  C:0000H         SYMBOL        _ICE_DUMMY_
  D:0080H         PUBLIC        P0
  D:0090H         PUBLIC        P1
  D:00A0H         PUBLIC        P2
  D:00B0H         PUBLIC        P3
  D:00C0H         PUBLIC        P4
  C:0B59H         PUBLIC        Read_DS18B20
  D:00C8H         PUBLIC        P5
  D:00E8H         PUBLIC        P6
  D:00F8H         PUBLIC        P7
  D:00A8H         PUBLIC        IE
  C:0B43H         PUBLIC        _Delay_OneWire
  C:0B21H         PUBLIC        _Write_DS18B20
  B:0090H.4       PUBLIC        DQ
  D:00B8H         PUBLIC        IP
  C:0AD3H         PUBLIC        init_ds18b20
  C:0BD7H         PUBLIC        start_18B20
  D:00D8H         PUBLIC        CCON
  C:0AA8H         PUBLIC        read_tem16
  D:0098H         PUBLIC        SCON
  D:0088H         PUBLIC        TCON
  D:00D0H         PUBLIC        PSW
  C:0B3FH         SYMBOL        L?0021
  -------         PROC          L?0020
  -------         ENDPROC       L?0020
  C:0B3FH         SYMBOL        L?0021
  -------         PROC          _DELAY_ONEWIRE
  D:0006H         SYMBOL        t
  -------         DO            
  D:0005H         SYMBOL        i
  -------         ENDDO         
  C:0B43H         LINE#         8
  C:0B43H         LINE#         9
  C:0B43H         LINE#         11
  C:0B4DH         LINE#         12
  C:0B58H         LINE#         13
  C:0B58H         LINE#         14
  -------         ENDPROC       _DELAY_ONEWIRE
  -------         PROC          _WRITE_DS18B20
  D:0001H         SYMBOL        dat
  -------         DO            
  D:0003H         SYMBOL        i
  -------         ENDDO         
  C:0B21H         LINE#         17
  C:0B23H         LINE#         18
  C:0B23H         LINE#         20
  C:0B25H         LINE#         21
  C:0B25H         LINE#         22
  C:0B27H         LINE#         23
  C:0B2BH         LINE#         24
  C:0B2EH         LINE#         25
  C:0B30H         LINE#         26
  C:0B34H         LINE#         27
  C:0B38H         LINE#         28
  -------         ENDPROC       _WRITE_DS18B20
  -------         PROC          READ_DS18B20
BL51 BANKED LINKER/LOCATER V6.22.4.0                                                  04/04/2024  16:21:36  PAGE 14


  -------         DO            
  D:0003H         SYMBOL        i
  D:0004H         SYMBOL        dat
  -------         ENDDO         
  C:0B59H         LINE#         32
  C:0B59H         LINE#         33
  C:0B59H         LINE#         37
  C:0B5BH         LINE#         38
  C:0B5BH         LINE#         39
  C:0B5DH         LINE#         40
  C:0B61H         LINE#         41
  C:0B63H         LINE#         42
  C:0B66H         LINE#         43
  C:0B66H         LINE#         44
  C:0B69H         LINE#         45
  C:0B69H         LINE#         46
  C:0B6CH         LINE#         47
  C:0B70H         LINE#         48
  C:0B72H         LINE#         49
  -------         ENDPROC       READ_DS18B20
  -------         PROC          INIT_DS18B20
  -------         DO            
  B:0021H.0       SYMBOL        initflag
  -------         ENDDO         
  C:0AD3H         LINE#         52
  C:0AD3H         LINE#         53
  C:0AD3H         LINE#         54
  C:0AD5H         LINE#         56
  C:0AD7H         LINE#         57
  C:0ADEH         LINE#         58
  C:0AE0H         LINE#         59
  C:0AE7H         LINE#         60
  C:0AE9H         LINE#         61
  C:0AF0H         LINE#         62
  C:0AF4H         LINE#         63
  C:0AF7H         LINE#         65
  C:0AF9H         LINE#         66
  -------         ENDPROC       INIT_DS18B20
  -------         PROC          START_18B20
  C:0BD7H         LINE#         70
  C:0BD7H         LINE#         71
  C:0BD7H         LINE#         72
  C:0BDAH         LINE#         73
  C:0BDFH         LINE#         74
  -------         ENDPROC       START_18B20
  -------         PROC          READ_TEM16
  -------         DO            
  D:0001H         SYMBOL        L
  D:0007H         SYMBOL        H
  D:0008H         SYMBOL        t16
  -------         ENDDO         
  C:0AA8H         LINE#         77
  C:0AA8H         LINE#         78
  C:0AA8H         LINE#         80
  C:0AADH         LINE#         82
  C:0AB0H         LINE#         83
  C:0AB5H         LINE#         84
BL51 BANKED LINKER/LOCATER V6.22.4.0                                                  04/04/2024  16:21:36  PAGE 15


  C:0ABAH         LINE#         86
  C:0ABFH         LINE#         87
  C:0AC2H         LINE#         89
  C:0ACEH         LINE#         91
  C:0AD2H         LINE#         92
  -------         ENDPROC       READ_TEM16
  -------         ENDMOD        ONEWIRE

  -------         MODULE        ?C?CCASE
  C:0643H         PUBLIC        ?C?CCASE
  -------         ENDMOD        ?C?CCASE

  -------         MODULE        PRINTF
  D:0008H         PUBLIC        ?_PRINTF517?BYTE
  D:0008H         PUBLIC        ?_PRINTF?BYTE
  D:0008H         PUBLIC        ?_SPRINTF517?BYTE
  D:0008H         PUBLIC        ?_SPRINTF?BYTE
  C:0080H         PUBLIC        _PRINTF
  C:0080H         PUBLIC        _PRINTF517
  C:007AH         PUBLIC        _SPRINTF
  C:007AH         PUBLIC        _SPRINTF517
  -------         ENDMOD        PRINTF

  -------         MODULE        ?C?CLDPTR
  C:0669H         PUBLIC        ?C?CLDPTR
  -------         ENDMOD        ?C?CLDPTR

  -------         MODULE        ?C?CLDOPTR
  C:0682H         PUBLIC        ?C?CLDOPTR
  -------         ENDMOD        ?C?CLDOPTR

  -------         MODULE        ?C?CSTPTR
  C:06AFH         PUBLIC        ?C?CSTPTR
  -------         ENDMOD        ?C?CSTPTR

  -------         MODULE        ?C?PLDIIDATA
  C:06C1H         PUBLIC        ?C?PLDIIDATA
  -------         ENDMOD        ?C?PLDIIDATA

  -------         MODULE        PUTCHAR
  C:0AFAH         PUBLIC        _PUTCHAR
  -------         ENDMOD        PUTCHAR

Program Size: data=70.6 xdata=8 code=3040
LINK/LOCATE RUN COMPLETE.  0 WARNING(S),  0 ERROR(S)
