C51 COMPILER V9.60.7.0   MAIN                                                              05/27/2024 19:20:08 PAGE 1   


C51 COMPILER V9.60.7.0, COMPILATION OF MODULE MAIN
OBJECT MODULE PLACED IN .\Objects\main.obj
COMPILER INVOKED BY: D:\keilc51\c51\C51\BIN\C51.EXE main.c OPTIMIZE(8,SPEED) BROWSE DEBUG OBJECTEXTEND PRINT(.\Listings\
                    -main.lst) OBJECT(.\Objects\main.obj)

line level    source

   1          #include "all.h"
   2          xdata struct _cj cj;
   3          volatile u8 bdata led_dat = 0;
   4          sbit L1 = led_dat ^ 0;
   5          sbit L2 = led_dat ^ 1;
   6          sbit L3 = led_dat ^ 2;
   7          sbit L4 = led_dat ^ 3;
   8          sbit L5 = led_dat ^ 4;
   9          sbit L6 = led_dat ^ 5;
  10          sbit L7 = led_dat ^ 6;
  11          sbit L8 = led_dat ^ 7;
  12          //
  13          u8 run_state=10;
  14          //
  15          void main_init();
  16          void state_mainloop();
  17          void key_mainloop();
  18          void temper_mainloop();
  19          void adc_mainloop();
  20          void freq_mainloop();
  21          void led_mainloop();
  22          void data_put();//存储
  23          void data_get();//读取
  24          //**********************
  25          void main()
  26          {
  27   1              main_init();
  28   1              EA=1;
  29   1              while(1)
  30   1              {
  31   2                      state_mainloop();
  32   2                      key_mainloop();
  33   2                      
  34   2                      temper_mainloop();
  35   2                      adc_mainloop();
  36   2                      freq_mainloop();
  37   2                      led_mainloop();
  38   2              }
  39   1      }
  40          //**********************
  41          void main_init()
  42          {
  43   1              off(JDQ);off(FMQ);
  44   1              led_dat=0;
  45   1              ne555_init();
  46   1              Timer1_Init();
  47   1              init_ad(0x03);
  48   1              
  49   1              data_get();
  50   1              run_state=12;
  51   1              cj.t=0;
  52   1              //cj.t_re=0;
  53   1              cj.f=0;
  54   1              //cj.f_re=0;
C51 COMPILER V9.60.7.0   MAIN                                                              05/27/2024 19:20:08 PAGE 2   

  55   1              cj.ad=0;
  56   1              //cj.ad_re=0;
  57   1              //cj.ad_set=1.0;
  58   1              init_temp();
  59   1      }
  60          //*************************
  61          void state_mainloop()
  62          {       
  63   1              switch(run_state)
  64   1              {
  65   2                      case 10:sprintf(dis_str, "U     %3.1f", cj.ad);break;//显示电压
  66   2                      case 11:sprintf(dis_str, "F %6u", cj.f);break;//f
  67   2                      case 12:sprintf(dis_str, "C   %5.2f", cj.t);break;//温度
  68   2                      //
  69   2                      case 20:sprintf(dis_str, "HC%7.2f", cj.t_re);break;//温度回显
  70   2                      case 21:sprintf(dis_str, "HU%7.1f", cj.ad_re);break;//ad回显
  71   2                      case 22:sprintf(dis_str, "HF%6u", cj.f_re);break;//f回显
  72   2                      case 30:sprintf(dis_str, "P     %3.1f", cj.ad_set);break;//设置
  73   2              }
  74   1              disp_proc();
  75   1      }
  76          //*************************
  77          void key_mainloop()
  78          {
  79   1              if(!f_20ms_key)return;
  80   1              f_20ms_key = 0;
  81   1              key_proc();
  82   1              switch(key_code)
  83   1              {
  84   2                      case 4:
  85   2                              switch(run_state)
  86   2                              {
  87   3                                      case 10:run_state=11;break;
  88   3                                      case 11:run_state=12;break;
  89   3                                      case 12:run_state=10;break;
  90   3                                      case 20:run_state=21;break;
  91   3                                      case 21:run_state=22;break;
  92   3                                      case 22:run_state=20;break;
  93   3                              }
  94   2                              break;
  95   2                              //
  96   2                      case 5://e2prom
  97   2                              cj.t_re=cj.t;
  98   2                              cj.f_re=cj.f;
  99   2                              cj.ad_re=cj.ad;
 100   2                              data_put();
 101   2                              break;
 102   2                              //
 103   2                      case 6:
 104   2                              switch(run_state)
 105   2                              {
 106   3                                      case 10:case 11:case 12:run_state=20;break;
 107   3                                      case 30:cj.ad_set+=0.1;if(cj.ad_set>5.0)cj.ad_set=0.1;break;
 108   3                                              
 109   3                              }
 110   2                              break;
 111   2                              //
 112   2                      case 7:
 113   2                              switch(run_state)
 114   2                              {
 115   3                                      case 10:case 11:case 12:
 116   3                                      case 20:case 21:case 22:
C51 COMPILER V9.60.7.0   MAIN                                                              05/27/2024 19:20:08 PAGE 3   

 117   3                                                                                      run_state=30;break;
 118   3                                      case 30:
 119   3                                              run_state=10;
 120   3                                              w_e2prom(0x08,cj.ad_set*10);//*10后存储
 121   3                                              break;
 122   3                              }
 123   2                              break;
 124   2                              //
 125   2                      case S6L:
 126   2                              switch(run_state)
 127   2                              {
 128   3                                      case 30:
 129   3                                              cj.ad_set+=0.1;if(cj.ad_set>5.0)cj.ad_set=0.1;break;
 130   3                                      break;
 131   3                              }
 132   2              }
 133   1              key_code = 0;
 134   1      }
 135          //************************
 136          void adc_mainloop()
 137          {
 138   1              u8 adc_temp = 0;//adc
 139   1              if(!f_100ms_adc)return;
 140   1              f_100ms_adc=0;
 141   1              
 142   1              adc_temp=read_ad();
 143   1              cj.ad=5.00 *adc_temp /255.0 ;
 144   1      }
 145          //*************************
 146          void temper_mainloop()
 147          {
 148   1              if (!f_800ms_tem)return;
 149   1              f_800ms_tem = 0;
 150   1              
 151   1              cj.t = read_tem();
 152   1              init_temp();
 153   1      }
 154          //*************************
 155          void freq_mainloop()
 156          {
 157   1              if(!f_100ms_freq)return;
 158   1              f_100ms_freq=0;
 159   1              
 160   1              cj.f=ping_dat;
 161   1      }
 162          //************************
 163          void led_mainloop()
 164          {
 165   1              static u8 cnt=0;
 166   1              if(!f_50ms_led)return;
 167   1              f_50ms_led=0;
 168   1              
 169   1              switch(run_state)
 170   1              {
 171   2                      case 12:L1=1;L2=0;L3=0;break;
 172   2                      case 11:L1=0;L2=1;L3=0;break;
 173   2                      case 10:L1=0;L2=0;L3=1;break;
 174   2              }
 175   1      
 176   1              if(cj.ad>cj.ad_set)
 177   1              {
 178   2                      if(++cnt>=4)
C51 COMPILER V9.60.7.0   MAIN                                                              05/27/2024 19:20:08 PAGE 4   

 179   2                      {
 180   3                              cnt=0;
 181   3                              L8=!L8;
 182   3                      }
 183   2              }else L8=0;
 184   1      }
 185          //*************************
 186          void data_put()//存储
 187          {
 188   1              u8 t_tmp1,t_tmp2;
 189   1              u16 t_tmp;
 190   1              u8 f_tmp1,f_tmp2;
 191   1              u8 ad_tmp1;
 192   1              
 193   1              t_tmp1=cj.t;
 194   1              t_tmp = 100*cj.t;//先取整温度*100
 195   1              t_tmp2= t_tmp% 100;
 196   1              w_e2prom(0x00,t_tmp1);//整数
 197   1              w_e2prom(0x01,t_tmp2);//小数
 198   1              
 199   1              f_tmp1=cj.f>>8;
 200   1              f_tmp2=cj.f&0x00ff;
 201   1              w_e2prom(0x03,f_tmp1);//高8
 202   1              w_e2prom(0x04,f_tmp2);//低8
 203   1              
 204   1              ad_tmp1=cj.ad*10;
 205   1              w_e2prom(0x06,ad_tmp1);
 206   1      }
 207          //*************************
 208          void data_get()
 209          {
 210   1              u8 t_tmp1,t_tmp2;
 211   1              u8 f_tmp1,f_tmp2;
 212   1              u8 ad_tmp1,ad_tmp2;
 213   1              
 214   1              t_tmp1=r_e2prom(0x00);
 215   1              t_tmp2=r_e2prom(0x01);
 216   1              cj.t_re=t_tmp1 + 1.0*t_tmp2/100.0;
 217   1              
 218   1              f_tmp1=r_e2prom(0x03);
 219   1              f_tmp2=r_e2prom(0x04);
 220   1              cj.f_re=(u16)f_tmp1 <<8 | f_tmp2;
 221   1              
 222   1              ad_tmp1=r_e2prom(0x06);
 223   1              cj.ad_re=1.0*ad_tmp1/10.0;
 224   1              
 225   1              ad_tmp2=r_e2prom(0x08);//*10后存储
 226   1              cj.ad_set=1.0*ad_tmp2/10.0;
 227   1      
 228   1      }
 229          //*************************
 230          //*************************
 231          //*************************
 232          //*************************
 233          
 234          
 235          
 236          
 237          
 238          
 239          
 240          
C51 COMPILER V9.60.7.0   MAIN                                                              05/27/2024 19:20:08 PAGE 5   

 241          
 242          


MODULE INFORMATION:   STATIC OVERLAYABLE
   CODE SIZE        =   1067    ----
   CONSTANT SIZE    =     62    ----
   XDATA SIZE       =     24    ----
   PDATA SIZE       =   ----    ----
   DATA SIZE        =      3       5
   IDATA SIZE       =   ----    ----
   BIT SIZE         =   ----    ----
END OF MODULE INFORMATION.


C51 COMPILATION COMPLETE.  0 WARNING(S),  0 ERROR(S)
