C51 COMPILER V9.60.7.0   TIME                                                              04/05/2024 15:19:02 PAGE 1   


C51 COMPILER V9.60.7.0, COMPILATION OF MODULE TIME
OBJECT MODULE PLACED IN .\Objects\time.obj
COMPILER INVOKED BY: D:\keilc51\c51\C51\BIN\C51.EXE time.c OPTIMIZE(8,SPEED) BROWSE DEBUG OBJECTEXTEND PRINT(.\Listings\
                    -time.lst) OBJECT(.\Objects\time.obj)

line level    source

   1          #include "time.h"
   2          bit f_1s=0;
   3          bit f_20ms_key = 0;
   4          bit f_100ms_state = 0;
   5          bit f_100ms_adc = 0;
   6          bit f_100ms_led=0;
   7          bit f_800ms_temp=0;
   8          void timflag_proc(void);
   9          void led_proc(void);
  10          //******************************************
  11          void PIT1(void) interrupt 3
  12          {
  13   1              disp_scan();    
  14   1              timflag_proc(); 
  15   1      }
  16          //
  17          void Timer1_Init(void)          //2毫秒@12.000MHz
  18          {
  19   1              AUXR |= 0x40;                   //定时器时钟1T模式
  20   1              TMOD &= 0x0F;                   //设置定时器模式
  21   1              TL1 = 0x40;                             //设置定时初始值
  22   1              TH1 = 0xA2;                             //设置定时初始值
  23   1              TF1 = 0;                                //清除TF1标志
  24   1              TR1 = 1;                                //定时器1开始计时
  25   1              ET1 = 1;                                //使能定时器1中断
  26   1      }
  27          //
  28          void timflag_proc(void) 
  29          {
  30   1              static u8 cnt_20ms = 0;
  31   1              static u8 cnt_100ms = 0;
  32   1              static u16 cnt_800ms = 0;
  33   1              
  34   1              if (++cnt_20ms >= 10)
  35   1              {
  36   2                      cnt_20ms = 0;
  37   2                      f_20ms_key = 1;
  38   2              }
  39   1              if (++cnt_100ms >= 50)
  40   1              {
  41   2                      cnt_100ms = 0;
  42   2                      f_100ms_state = 1;f_100ms_led=1;f_100ms_adc = 1;
  43   2              }
  44   1              if(++cnt_800ms>=400)
  45   1              {
  46   2                      cnt_800ms = 0;f_800ms_temp =1;
  47   2              }
  48   1      }
  49          


MODULE INFORMATION:   STATIC OVERLAYABLE
   CODE SIZE        =    138    ----
   CONSTANT SIZE    =   ----    ----
C51 COMPILER V9.60.7.0   TIME                                                              04/05/2024 15:19:02 PAGE 2   

   XDATA SIZE       =   ----    ----
   PDATA SIZE       =   ----    ----
   DATA SIZE        =      4    ----
   IDATA SIZE       =   ----    ----
   BIT SIZE         =      6    ----
END OF MODULE INFORMATION.


C51 COMPILATION COMPLETE.  0 WARNING(S),  0 ERROR(S)
