C51 COMPILER V9.60.7.0   TIME                                                              04/11/2024 20:10:50 PAGE 1   


C51 COMPILER V9.60.7.0, COMPILATION OF MODULE TIME
OBJECT MODULE PLACED IN .\Objects\time.obj
COMPILER INVOKED BY: D:\keilc51\c51\C51\BIN\C51.EXE time.c OPTIMIZE(8,SPEED) BROWSE DEBUG OBJECTEXTEND PRINT(.\Listings\
                    -time.lst) OBJECT(.\Objects\time.obj)

line level    source

   1          #include "time.h"
   2          bit f_1s=0;
   3          bit f_20ms_key = 0;
   4          bit f_100ms_state = 0;
   5          bit f_100ms_led=0;
   6          void timflag_proc(void);
   7          void led_proc(void);
   8          //******************************************
   9          void PIT1(void) interrupt 3
  10          {
  11   1              disp_scan();    
  12   1              timflag_proc(); 
  13   1      }
  14          //
  15          void Timer1_Init(void)          //2毫秒@12.000MHz
  16          {
  17   1              AUXR |= 0x40;                   //定时器时钟1T模式
  18   1              TMOD &= 0x0F;                   //设置定时器模式
  19   1              TL1 = 0x40;                             //设置定时初始值
  20   1              TH1 = 0xA2;                             //设置定时初始值
  21   1              TF1 = 0;                                //清除TF1标志
  22   1              TR1 = 1;                                //定时器1开始计时
  23   1              ET1 = 1;                                //使能定时器1中断
  24   1      }
  25          //
  26          void timflag_proc(void) 
  27          {
  28   1              static u8 cnt_20ms = 0;
  29   1              static u8 cnt_100ms = 0;
  30   1              static u16 cnt_1s = 0;
  31   1              
  32   1              if (++cnt_20ms >= 10)
  33   1              {
  34   2                      cnt_20ms = 0;
  35   2                      f_20ms_key = 1;
  36   2              }
  37   1              if (++cnt_100ms >= 50)
  38   1              {
  39   2                      cnt_100ms = 0;
  40   2                      f_100ms_state = 1;f_100ms_led=1;
  41   2              }
  42   1              if(++cnt_1s >= 500)
  43   1              {
  44   2                      cnt_1s = 0;
  45   2                      f_1s = 1;
  46   2              }
  47   1      }
  48          


MODULE INFORMATION:   STATIC OVERLAYABLE
   CODE SIZE        =    136    ----
   CONSTANT SIZE    =   ----    ----
   XDATA SIZE       =   ----    ----
C51 COMPILER V9.60.7.0   TIME                                                              04/11/2024 20:10:50 PAGE 2   

   PDATA SIZE       =   ----    ----
   DATA SIZE        =      4    ----
   IDATA SIZE       =   ----    ----
   BIT SIZE         =      4    ----
END OF MODULE INFORMATION.


C51 COMPILATION COMPLETE.  0 WARNING(S),  0 ERROR(S)
