BL51 BANKED LINKER/LOCATER V6.22.4.0                                                    05/30/2024  16:48:57  PAGE 1


BL51 BANKED LINKER/LOCATER V6.22.4.0, INVOKED BY:
D:\KEILC51\C51\C51\BIN\BL51.EXE .\Objects\main.obj, .\Objects\time.obj, .\Objects\key.obj, .\Objects\smg.obj, .\Objects\
>> iic.obj, .\Objects\ds1302.obj, .\Objects\ctrl.obj, .\Objects\onewire.obj TO .\Objects\J11 PRINT (.\Listings\J11.m51) 
>> RAMSIZE (256) DISABLEWARNING (16)


MEMORY MODEL: SMALL WITH FLOATING POINT ARITHMETIC


INPUT MODULES INCLUDED:
  .\Objects\main.obj (MAIN)
  .\Objects\time.obj (TIME)
  .\Objects\key.obj (KEY)
  .\Objects\smg.obj (SMG)
  .\Objects\iic.obj (IIC)
  .\Objects\ds1302.obj (DS1302)
  .\Objects\ctrl.obj (CTRL)
  .\Objects\onewire.obj (ONEWIRE)
  D:\KEILC51\C51\C51\LIB\C51FPS.LIB (?C?FPMUL)
  D:\KEILC51\C51\C51\LIB\C51FPS.LIB (?C?FPDIV)
  D:\KEILC51\C51\C51\LIB\C51FPS.LIB (?C?FPCMP)
  D:\KEILC51\C51\C51\LIB\C51FPS.LIB (?C?FCAST)
  D:\KEILC51\C51\C51\LIB\C51FPS.LIB (?C?CASTF)
  D:\KEILC51\C51\C51\LIB\C51FPS.LIB (PRINTF)
  D:\KEILC51\C51\C51\LIB\C51FPS.LIB (?C?FPGETOPN)
  D:\KEILC51\C51\C51\LIB\C51FPS.LIB (?C?FPROUND)
  D:\KEILC51\C51\C51\LIB\C51FPS.LIB (?C?FPCONVERT)
  D:\KEILC51\C51\C51\LIB\C51FPS.LIB (?C?FPADD)
  D:\KEILC51\C51\C51\LIB\C51FPS.LIB (?C?FTNPWR)
  D:\KEILC51\C51\C51\LIB\C51S.LIB (?C_STARTUP)
  D:\KEILC51\C51\C51\LIB\C51S.LIB (?C?CLDPTR)
  D:\KEILC51\C51\C51\LIB\C51S.LIB (?C?CLDOPTR)
  D:\KEILC51\C51\C51\LIB\C51S.LIB (?C?CSTPTR)
  D:\KEILC51\C51\C51\LIB\C51S.LIB (?C?IMUL)
  D:\KEILC51\C51\C51\LIB\C51S.LIB (?C?LNEG)
  D:\KEILC51\C51\C51\LIB\C51S.LIB (?C?LSTXDATA)
  D:\KEILC51\C51\C51\LIB\C51S.LIB (?C?LSTKXDATA)
  D:\KEILC51\C51\C51\LIB\C51S.LIB (?C?PLDIIDATA)
  D:\KEILC51\C51\C51\LIB\C51S.LIB (?C?CCASE)
  D:\KEILC51\C51\C51\LIB\C51S.LIB (PUTCHAR)
  D:\KEILC51\C51\C51\LIB\C51S.LIB (?C_INIT)


LINK MAP OF MODULE:  .\Objects\J11 (MAIN)


            TYPE    BASE      LENGTH    RELOCATION   SEGMENT NAME
            -----------------------------------------------------

            * * * * * * *   D A T A   M E M O R Y   * * * * * * *
            REG     0000H     0008H     ABSOLUTE     "REG BANK 0"
            DATA    0008H     0004H     UNIT         ?DT?TIME
            DATA    000CH     0003H     UNIT         ?DT?KEY
            DATA    000FH     0002H     UNIT         ?DT?MAIN
            DATA    0011H     0001H     UNIT         ?DT?_R_E2PROM?IIC
            DATA    0012H     0001H     UNIT         ?DT?CTRL
                    0013H     000DH                  *** GAP ***
            DATA    0020H     0001H     BIT_ADDR     ?BA?MAIN
BL51 BANKED LINKER/LOCATER V6.22.4.0                                                  05/30/2024  16:48:57  PAGE 2


            BIT     0021H.0   0001H.1   UNIT         _BIT_GROUP_
            BIT     0022H.1   0000H.6   UNIT         ?BI?TIME
                    0022H.7   0000H.1                *** GAP ***
            DATA    0023H     001CH     UNIT         ?DT?SMG
            DATA    003FH     001CH     UNIT         _DATA_GROUP_
            IDATA   005BH     0001H     UNIT         ?STACK

            * * * * * * *  X D A T A   M E M O R Y  * * * * * * *
            XDATA   0000H     0013H     UNIT         ?XD?MAIN

            * * * * * * *   C O D E   M E M O R Y   * * * * * * *
            CODE    0000H     0003H     ABSOLUTE     
            CODE    0003H     0018H     UNIT         ?PR?_I2CSENDACK?IIC
            CODE    001BH     0003H     ABSOLUTE     
            CODE    001EH     0663H     UNIT         ?C?LIB_CODE
            CODE    0681H     046FH     UNIT         ?PR?PRINTF?PRINTF
            CODE    0AF0H     010AH     UNIT         ?PR?KEY_MAINLOOP?MAIN
            CODE    0BFAH     0109H     UNIT         ?PR?DISP_PROC?SMG
            CODE    0D03H     00C5H     UNIT         ?PR?STATE_MAINLOOP?MAIN
            CODE    0DC8H     00BEH     UNIT         ?PR?LED_MAINLOOP?MAIN
            CODE    0E86H     008CH     UNIT         ?C_C51STARTUP
            CODE    0F12H     0074H     UNIT         ?PR?ADC_MAINLOOP?MAIN
            CODE    0F86H     0064H     UNIT         ?PR?MAIN_INIT?MAIN
            CODE    0FEAH     005CH     UNIT         ?PR?TEMP_MAINLOOP?MAIN
            CODE    1046H     0055H     UNIT         ?PR?RTC_MAINLOOP?MAIN
            CODE    109BH     004DH     UNIT         ?CO?MAIN
            CODE    10E8H     0040H     UNIT         ?C_INITSEG
            CODE    1128H     003EH     UNIT         ?PR?TIMER1_ISR?TIME
            CODE    1166H     003EH     UNIT         ?PR?TIM_PROC?TIME
            CODE    11A4H     003CH     UNIT         ?PR?DISP_SCAN?SMG
            CODE    11E0H     0037H     UNIT         ?PR?KEY_PROC?KEY
            CODE    1217H     0034H     UNIT         ?PR?_READ_DS1302_BYTE?DS1302
            CODE    124BH     0031H     UNIT         ?PR?RTC_INIT?DS1302
            CODE    127CH     002EH     UNIT         ?PR?GETKEY22?KEY
            CODE    12AAH     002CH     UNIT         ?PR?_I2CSENDBYTE?IIC
            CODE    12D6H     002AH     UNIT         ?PR?READ_TEM?ONEWIRE
            CODE    1300H     0027H     UNIT         ?PR?_RTC_RUN?DS1302
            CODE    1327H     0027H     UNIT         ?PR?INIT_DS18B20?ONEWIRE
            CODE    134EH     0027H     UNIT         ?PR?PUTCHAR?PUTCHAR
            CODE    1375H     0023H     UNIT         ?PR?I2CRECEIVEBYTE?IIC
            CODE    1398H     0022H     UNIT         ?PR?_R_E2PROM?IIC
            CODE    13BAH     001EH     UNIT         ?PR?_WRITE_DS18B20?ONEWIRE
            CODE    13D8H     001DH     UNIT         ?PR?I2CWAITACK?IIC
            CODE    13F5H     001AH     UNIT         ?PR?_I2C_DELAY?IIC
            CODE    140FH     001AH     UNIT         ?PR?_W_E2PROM?IIC
            CODE    1429H     001AH     UNIT         ?PR?_DELAY_ONEWIRE?ONEWIRE
            CODE    1443H     001AH     UNIT         ?PR?READ_DS18B20?ONEWIRE
            CODE    145DH     0019H     UNIT         ?PR?MAIN?MAIN
            CODE    1476H     0015H     UNIT         ?PR?READ_AD?IIC
            CODE    148BH     0015H     UNIT         ?PR?_WRITE_DAC?IIC
            CODE    14A0H     0014H     UNIT         ?PR?_WRITE_DS1302_BYTE?DS1302
            CODE    14B4H     0013H     UNIT         ?PR?TIMER1_INIT?TIME
            CODE    14C7H     0013H     UNIT         ?PR?_WRITE_DS1302?DS1302
            CODE    14DAH     0012H     UNIT         ?PR?_OFF?CTRL
            CODE    14ECH     0011H     UNIT         ?PR?_ON?CTRL
            CODE    14FDH     0010H     UNIT         ?CO?SMG
            CODE    150DH     000FH     UNIT         ?PR?I2CSTART?IIC
BL51 BANKED LINKER/LOCATER V6.22.4.0                                                  05/30/2024  16:48:57  PAGE 3


            CODE    151CH     000DH     UNIT         ?PR?_INIT_AD?IIC
            CODE    1529H     000DH     UNIT         ?PR?INIT_TEMP?ONEWIRE
            CODE    1536H     000CH     UNIT         ?PR?I2CSTOP?IIC
            CODE    1542H     000AH     UNIT         ?PR?LED_PROC?TIME
            CODE    154CH     000AH     UNIT         ?PR?_GATE?CTRL
            CODE    1556H     0009H     UNIT         ?PR?DELAY5MS?IIC



OVERLAY MAP OF MODULE:   .\Objects\J11 (MAIN)


SEGMENT                                  BIT_GROUP          DATA_GROUP 
  +--> CALLED SEGMENT                 START    LENGTH     START    LENGTH
-------------------------------------------------------------------------
?PR?TIMER1_ISR?TIME                   -----    -----      -----    -----
  +--> ?PR?TIM_PROC?TIME
  +--> ?PR?DISP_SCAN?SMG

?PR?TIM_PROC?TIME                     -----    -----      -----    -----
  +--> ?PR?LED_PROC?TIME

?PR?LED_PROC?TIME                     -----    -----      -----    -----
  +--> ?PR?_GATE?CTRL

?PR?DISP_SCAN?SMG                     -----    -----      -----    -----
  +--> ?PR?_GATE?CTRL

*** NEW ROOT ***************************************************

?C_C51STARTUP                         -----    -----      -----    -----
  +--> ?PR?MAIN?MAIN
  +--> ?C_INITSEG

?PR?MAIN?MAIN                         -----    -----      -----    -----
  +--> ?PR?MAIN_INIT?MAIN
  +--> ?PR?KEY_MAINLOOP?MAIN
  +--> ?PR?STATE_MAINLOOP?MAIN
  +--> ?PR?RTC_MAINLOOP?MAIN
  +--> ?PR?TEMP_MAINLOOP?MAIN
  +--> ?PR?ADC_MAINLOOP?MAIN
  +--> ?PR?LED_MAINLOOP?MAIN

?PR?MAIN_INIT?MAIN                    -----    -----      -----    -----
  +--> ?PR?TIMER1_INIT?TIME
  +--> ?PR?_OFF?CTRL
  +--> ?PR?RTC_INIT?DS1302
  +--> ?PR?_RTC_RUN?DS1302
  +--> ?PR?_INIT_AD?IIC
  +--> ?PR?INIT_TEMP?ONEWIRE

?PR?_OFF?CTRL                         -----    -----      -----    -----
  +--> ?PR?_GATE?CTRL

?PR?RTC_INIT?DS1302                   -----    -----      -----    -----
  +--> ?PR?_WRITE_DS1302_BYTE?DS1302

BL51 BANKED LINKER/LOCATER V6.22.4.0                                                  05/30/2024  16:48:57  PAGE 4


?PR?_WRITE_DS1302_BYTE?DS1302         -----    -----      -----    -----
  +--> ?PR?_WRITE_DS1302?DS1302

?PR?_RTC_RUN?DS1302                   -----    -----      -----    -----
  +--> ?PR?_WRITE_DS1302_BYTE?DS1302

?PR?_INIT_AD?IIC                      -----    -----      -----    -----
  +--> ?PR?I2CSTART?IIC
  +--> ?PR?I2CWAITACK?IIC
  +--> ?PR?I2CSTOP?IIC

?PR?I2CSTART?IIC                      -----    -----      -----    -----
  +--> ?PR?_I2C_DELAY?IIC

?PR?I2CWAITACK?IIC                    -----    -----      -----    -----
  +--> ?PR?_I2CSENDBYTE?IIC
  +--> ?PR?_I2C_DELAY?IIC

?PR?_I2CSENDBYTE?IIC                  -----    -----      -----    -----
  +--> ?PR?_I2C_DELAY?IIC

?PR?I2CSTOP?IIC                       -----    -----      -----    -----
  +--> ?PR?_I2C_DELAY?IIC

?PR?INIT_TEMP?ONEWIRE                 -----    -----      -----    -----
  +--> ?PR?INIT_DS18B20?ONEWIRE
  +--> ?PR?_WRITE_DS18B20?ONEWIRE

?PR?INIT_DS18B20?ONEWIRE              0021H.0  0000H.1    -----    -----
  +--> ?PR?_DELAY_ONEWIRE?ONEWIRE

?PR?_WRITE_DS18B20?ONEWIRE            -----    -----      -----    -----
  +--> ?PR?_DELAY_ONEWIRE?ONEWIRE

?PR?KEY_MAINLOOP?MAIN                 -----    -----      -----    -----
  +--> ?PR?KEY_PROC?KEY

?PR?KEY_PROC?KEY                      -----    -----      -----    -----
  +--> ?PR?GETKEY22?KEY

?PR?STATE_MAINLOOP?MAIN               -----    -----      -----    -----
  +--> ?CO?MAIN
  +--> ?PR?PRINTF?PRINTF
  +--> ?PR?DISP_PROC?SMG

?PR?PRINTF?PRINTF                     0021H.0  0001H.1    003FH    001CH
  +--> ?PR?PUTCHAR?PUTCHAR

?PR?DISP_PROC?SMG                     -----    -----      003FH    0003H
  +--> ?CO?SMG

?PR?RTC_MAINLOOP?MAIN                 -----    -----      003FH    0002H
  +--> ?PR?_READ_DS1302_BYTE?DS1302

?PR?_READ_DS1302_BYTE?DS1302          -----    -----      -----    -----
  +--> ?PR?_WRITE_DS1302?DS1302

BL51 BANKED LINKER/LOCATER V6.22.4.0                                                  05/30/2024  16:48:57  PAGE 5


?PR?TEMP_MAINLOOP?MAIN                -----    -----      -----    -----
  +--> ?PR?READ_TEM?ONEWIRE
  +--> ?PR?INIT_TEMP?ONEWIRE

?PR?READ_TEM?ONEWIRE                  -----    -----      -----    -----
  +--> ?PR?INIT_DS18B20?ONEWIRE
  +--> ?PR?_WRITE_DS18B20?ONEWIRE
  +--> ?PR?READ_DS18B20?ONEWIRE

?PR?READ_DS18B20?ONEWIRE              -----    -----      -----    -----
  +--> ?PR?_DELAY_ONEWIRE?ONEWIRE

?PR?ADC_MAINLOOP?MAIN                 -----    -----      -----    -----
  +--> ?PR?READ_AD?IIC

?PR?READ_AD?IIC                       -----    -----      -----    -----
  +--> ?PR?I2CSTART?IIC
  +--> ?PR?I2CRECEIVEBYTE?IIC
  +--> ?PR?_I2CSENDACK?IIC
  +--> ?PR?I2CSTOP?IIC

?PR?I2CRECEIVEBYTE?IIC                -----    -----      -----    -----
  +--> ?PR?_I2CSENDBYTE?IIC
  +--> ?PR?I2CWAITACK?IIC
  +--> ?PR?_I2C_DELAY?IIC

?PR?_I2CSENDACK?IIC                   -----    -----      -----    -----
  +--> ?PR?_I2C_DELAY?IIC



SYMBOL TABLE OF MODULE:  .\Objects\J11 (MAIN)

  VALUE           TYPE          NAME
  ----------------------------------

  -------         MODULE        MAIN
  C:0000H         SYMBOL        _ICE_DUMMY_
  B:0020H.2       PUBLIC        L3
  B:0020H.3       PUBLIC        L4
  D:0080H         PUBLIC        P0
  B:0020H.4       PUBLIC        L5
  D:0090H         PUBLIC        P1
  B:0020H.5       PUBLIC        L6
  D:00A0H         PUBLIC        P2
  B:0020H.6       PUBLIC        L7
  D:00B0H         PUBLIC        P3
  B:0020H.7       PUBLIC        L8
  D:00C0H         PUBLIC        P4
  D:00C8H         PUBLIC        P5
  B:00A8H.7       PUBLIC        EA
  D:00E8H         PUBLIC        P6
  D:00F8H         PUBLIC        P7
  D:00F9H         PUBLIC        CH
  D:00A8H         PUBLIC        IE
  D:00E9H         PUBLIC        CL
  C:1046H         PUBLIC        rtc_mainloop
BL51 BANKED LINKER/LOCATER V6.22.4.0                                                  05/30/2024  16:48:57  PAGE 6


  C:0AF0H         PUBLIC        key_mainloop
  D:00B8H         PUBLIC        IP
  D:00D9H         PUBLIC        CMOD
  D:00D8H         PUBLIC        CCON
  C:145DH         PUBLIC        main
  D:0098H         PUBLIC        SCON
  D:0088H         PUBLIC        TCON
  C:0F86H         PUBLIC        main_init
  X:0000H         PUBLIC        cj
  D:0020H         PUBLIC        led_dat
  D:000FH         PUBLIC        cnt_3
  D:0010H         PUBLIC        run_state
  C:0D03H         PUBLIC        state_mainloop
  C:0F12H         PUBLIC        adc_mainloop
  D:00D0H         PUBLIC        PSW
  C:0DC8H         PUBLIC        led_mainloop
  B:0020H.0       PUBLIC        L1
  C:0FEAH         PUBLIC        temp_mainloop
  B:0020H.1       PUBLIC        L2
  -------         PROC          MAIN
  C:145DH         LINE#         25
  C:145DH         LINE#         26
  C:145DH         LINE#         27
  C:1460H         LINE#         28
  C:1462H         LINE#         29
  C:1462H         LINE#         30
  C:1462H         LINE#         31
  C:1465H         LINE#         32
  C:1468H         LINE#         34
  C:146BH         LINE#         35
  C:146EH         LINE#         36
  C:1471H         LINE#         37
  C:1474H         LINE#         38
  -------         ENDPROC       MAIN
  -------         PROC          MAIN_INIT
  C:0F86H         LINE#         41
  C:0F86H         LINE#         42
  C:0F86H         LINE#         43
  C:0F89H         LINE#         45
  C:0F93H         LINE#         46
  C:0F9AH         LINE#         48
  C:0F9DH         LINE#         49
  C:0FA6H         LINE#         51
  C:0FABH         LINE#         53
  C:0FAEH         LINE#         55
  C:0FB1H         LINE#         56
  C:0FB7H         LINE#         57
  C:0FBBH         LINE#         58
  C:0FBFH         LINE#         59
  C:0FC7H         LINE#         60
  C:0FCDH         LINE#         61
  C:0FCFH         LINE#         62
  C:0FD3H         LINE#         63
  C:0FD5H         LINE#         64
  C:0FD9H         LINE#         65
  C:0FDBH         LINE#         66
  C:0FDFH         LINE#         67
BL51 BANKED LINKER/LOCATER V6.22.4.0                                                  05/30/2024  16:48:57  PAGE 7


  C:0FE7H         LINE#         69
  -------         ENDPROC       MAIN_INIT
  -------         PROC          STATE_MAINLOOP
  C:0D03H         LINE#         72
  C:0D03H         LINE#         73
  C:0D03H         LINE#         74
  C:0D09H         LINE#         75
  C:0D0BH         LINE#         77
  C:0D2BH         LINE#         78
  C:0D2BH         LINE#         79
  C:0D42H         LINE#         80
  C:0D44H         LINE#         81
  C:0D62H         LINE#         82
  C:0D64H         LINE#         83
  C:0D88H         LINE#         84
  C:0D8AH         LINE#         85
  C:0D99H         LINE#         86
  C:0D9BH         LINE#         87
  C:0DAAH         LINE#         88
  C:0DACH         LINE#         89
  C:0DC4H         LINE#         90
  C:0DC4H         LINE#         91
  C:0DC4H         LINE#         92
  C:0DC7H         LINE#         93
  -------         ENDPROC       STATE_MAINLOOP
  -------         PROC          KEY_MAINLOOP
  C:0AF0H         LINE#         95
  C:0AF0H         LINE#         96
  C:0AF0H         LINE#         97
  C:0AF6H         LINE#         98
  C:0AF8H         LINE#         100
  C:0AFBH         LINE#         102
  C:0B02H         LINE#         104
  C:0B17H         LINE#         105
  C:0B17H         LINE#         107
  C:0B17H         LINE#         108
  C:0B28H         LINE#         109
  C:0B28H         LINE#         110
  C:0B28H         LINE#         111
  C:0B28H         LINE#         112
  C:0B28H         LINE#         113
  C:0B2AH         LINE#         114
  C:0B2AH         LINE#         115
  C:0B2AH         LINE#         116
  C:0B2AH         LINE#         117
  C:0B32H         LINE#         118
  C:0B3AH         LINE#         119
  C:0B42H         LINE#         120
  C:0B42H         LINE#         121
  C:0B44H         LINE#         122
  C:0B44H         LINE#         123
  C:0B44H         LINE#         125
  C:0B44H         LINE#         126
  C:0B5EH         LINE#         127
  C:0B5EH         LINE#         128
  C:0B64H         LINE#         129
  C:0B6AH         LINE#         130
BL51 BANKED LINKER/LOCATER V6.22.4.0                                                  05/30/2024  16:48:57  PAGE 8


  C:0B70H         LINE#         132
  C:0B76H         LINE#         133
  C:0B7BH         LINE#         134
  C:0B80H         LINE#         135
  C:0B80H         LINE#         136
  C:0B80H         LINE#         138
  C:0B80H         LINE#         139
  C:0B8DH         LINE#         140
  C:0B8DH         LINE#         141
  C:0B9DH         LINE#         142
  C:0BADH         LINE#         143
  C:0BBDH         LINE#         144
  C:0BBDH         LINE#         145
  C:0BBDH         LINE#         147
  C:0BBDH         LINE#         148
  C:0BCAH         LINE#         149
  C:0BCAH         LINE#         150
  C:0BD9H         LINE#         151
  C:0BE8H         LINE#         152
  C:0BF6H         LINE#         153
  C:0BF6H         LINE#         154
  C:0BF6H         LINE#         155
  C:0BF6H         LINE#         156
  C:0BF9H         LINE#         157
  -------         ENDPROC       KEY_MAINLOOP
  -------         PROC          RTC_MAINLOOP
  -------         DO            
  D:003FH         SYMBOL        hour
  D:0040H         SYMBOL        min
  D:0004H         SYMBOL        sec
  -------         ENDDO         
  C:1046H         LINE#         159
  C:1046H         LINE#         160
  C:1046H         LINE#         162
  C:1049H         LINE#         163
  C:104BH         LINE#         165
  C:1052H         LINE#         166
  C:1059H         LINE#         167
  C:1060H         LINE#         168
  C:1067H         LINE#         169
  C:107AH         LINE#         170
  C:108BH         LINE#         171
  C:109AH         LINE#         172
  -------         ENDPROC       RTC_MAINLOOP
  -------         PROC          ADC_MAINLOOP
  -------         DO            
  D:0007H         SYMBOL        adc_temp
  -------         ENDDO         
  C:0F12H         LINE#         179
  C:0F12H         LINE#         180
  C:0F12H         LINE#         181
  C:0F14H         LINE#         183
  C:0F17H         LINE#         184
  C:0F19H         LINE#         186
  C:0F1CH         LINE#         187
  C:0F1FH         LINE#         188
  C:0F42H         LINE#         189
BL51 BANKED LINKER/LOCATER V6.22.4.0                                                  05/30/2024  16:48:57  PAGE 9


  C:0F57H         LINE#         192
  C:0F66H         LINE#         193
  C:0F66H         LINE#         194
  C:0F6FH         LINE#         195
  C:0F6FH         LINE#         196
  C:0F7EH         LINE#         197
  C:0F7EH         LINE#         198
  C:0F85H         LINE#         199
  C:0F85H         LINE#         200
  -------         ENDPROC       ADC_MAINLOOP
  -------         PROC          TEMP_MAINLOOP
  C:0FEAH         LINE#         203
  C:0FEAH         LINE#         204
  C:0FEAH         LINE#         205
  C:0FEDH         LINE#         206
  C:0FEFH         LINE#         208
  C:0FF8H         LINE#         209
  C:101EH         LINE#         210
  C:1042H         LINE#         212
  C:1045H         LINE#         213
  -------         ENDPROC       TEMP_MAINLOOP
  -------         PROC          LED_MAINLOOP
  C:0DC8H         LINE#         215
  C:0DC8H         LINE#         216
  C:0DC8H         LINE#         217
  C:0DCEH         LINE#         218
  C:0DD0H         LINE#         220
  C:0DDAH         LINE#         221
  C:0DDAH         LINE#         222
  C:0DEAH         LINE#         223
  C:0DEEH         LINE#         225
  C:0DF0H         LINE#         226
  C:0DF2H         LINE#         227
  C:0DF2H         LINE#         228
  C:0E07H         LINE#         229
  C:0E0BH         LINE#         231
  C:0E0DH         LINE#         232
  C:0E0DH         LINE#         235
  C:0E29H         LINE#         236
  C:0E2DH         LINE#         238
  C:0E2FH         LINE#         240
  C:0E36H         LINE#         241
  C:0E36H         LINE#         242
  C:0E3FH         LINE#         243
  C:0E3FH         LINE#         244
  C:0E44H         LINE#         245
  C:0E44H         LINE#         246
  C:0E46H         LINE#         247
  C:0E46H         LINE#         248
  C:0E4FH         LINE#         249
  C:0E4FH         LINE#         250
  C:0E54H         LINE#         251
  C:0E54H         LINE#         252
  C:0E54H         LINE#         254
  C:0E57H         LINE#         255
  C:0E57H         LINE#         256
  C:0E6CH         LINE#         257
BL51 BANKED LINKER/LOCATER V6.22.4.0                                                  05/30/2024  16:48:57  PAGE 10


  C:0E6CH         LINE#         258
  C:0E6FH         LINE#         259
  C:0E72H         LINE#         260
  C:0E75H         LINE#         261
  C:0E78H         LINE#         262
  C:0E7BH         LINE#         263
  C:0E7BH         LINE#         264
  C:0E7BH         LINE#         266
  C:0E85H         LINE#         267
  -------         ENDPROC       LED_MAINLOOP
  -------         ENDMOD        MAIN

  -------         MODULE        TIME
  C:0000H         SYMBOL        _ICE_DUMMY_
  D:0080H         PUBLIC        P0
  D:0090H         PUBLIC        P1
  D:00A0H         PUBLIC        P2
  D:00B0H         PUBLIC        P3
  D:00C0H         PUBLIC        P4
  D:00C8H         PUBLIC        P5
  D:00E8H         PUBLIC        P6
  D:00F8H         PUBLIC        P7
  D:00A8H         PUBLIC        IE
  D:00B8H         PUBLIC        IP
  D:00D8H         PUBLIC        CCON
  C:14B4H         PUBLIC        Timer1_Init
  D:0098H         PUBLIC        SCON
  B:0022H.1       PUBLIC        f_20ms_key
  D:0089H         PUBLIC        TMOD
  D:0088H         PUBLIC        TCON
  B:0022H.2       PUBLIC        f_100ms_state
  D:008EH         PUBLIC        AUXR
  B:0022H.3       PUBLIC        f_100ms_adc
  C:1128H         PUBLIC        Timer1_Isr
  B:00A8H.3       PUBLIC        ET1
  B:0088H.7       PUBLIC        TF1
  C:1542H         PUBLIC        led_proc
  D:008DH         PUBLIC        TH1
  B:0022H.4       PUBLIC        f_100ms_led
  D:008BH         PUBLIC        TL1
  B:0022H.5       PUBLIC        f_600ms_temp
  B:0088H.6       PUBLIC        TR1
  C:1166H         PUBLIC        tim_proc
  B:0022H.6       PUBLIC        f_100ms_rtc
  D:00D0H         PUBLIC        PSW
  -------         PROC          TIMER1_INIT
  C:14B4H         LINE#         14
  C:14B4H         LINE#         15
  C:14B4H         LINE#         16
  C:14B7H         LINE#         17
  C:14BAH         LINE#         18
  C:14BDH         LINE#         19
  C:14C0H         LINE#         20
  C:14C2H         LINE#         21
  C:14C4H         LINE#         22
  C:14C6H         LINE#         23
  -------         ENDPROC       TIMER1_INIT
BL51 BANKED LINKER/LOCATER V6.22.4.0                                                  05/30/2024  16:48:57  PAGE 11


  -------         PROC          TIMER1_ISR
  C:1128H         LINE#         25
  C:1145H         LINE#         27
  C:1148H         LINE#         28
  C:114BH         LINE#         29
  -------         ENDPROC       TIMER1_ISR
  -------         PROC          TIM_PROC
  -------         DO            
  D:0008H         SYMBOL        cnt_20ms
  D:0009H         SYMBOL        cnt_100ms
  D:000AH         SYMBOL        cnt_600ms
  -------         ENDDO         
  C:1166H         LINE#         31
  C:1166H         LINE#         32
  C:1166H         LINE#         37
  C:116FH         LINE#         38
  C:116FH         LINE#         39
  C:1174H         LINE#         40
  C:1174H         LINE#         41
  C:117DH         LINE#         42
  C:117DH         LINE#         43
  C:1188H         LINE#         44
  C:118BH         LINE#         45
  C:118BH         LINE#         46
  C:119CH         LINE#         47
  C:119CH         LINE#         48
  C:11A3H         LINE#         49
  C:11A3H         LINE#         50
  -------         ENDPROC       TIM_PROC
  -------         PROC          LED_PROC
  C:1542H         LINE#         52
  C:1542H         LINE#         53
  C:1542H         LINE#         54
  C:1547H         LINE#         55
  -------         ENDPROC       LED_PROC
  -------         ENDMOD        TIME

  -------         MODULE        KEY
  C:0000H         SYMBOL        _ICE_DUMMY_
  D:0080H         PUBLIC        P0
  D:0090H         PUBLIC        P1
  D:00A0H         PUBLIC        P2
  D:00B0H         PUBLIC        P3
  D:00C0H         PUBLIC        P4
  D:00C8H         PUBLIC        P5
  D:00E8H         PUBLIC        P6
  D:00F8H         PUBLIC        P7
  D:00A8H         PUBLIC        IE
  D:00B8H         PUBLIC        IP
  D:00D8H         PUBLIC        CCON
  D:0098H         PUBLIC        SCON
  D:0088H         PUBLIC        TCON
  B:00B0H.2       PUBLIC        P32
  B:00C0H.2       PUBLIC        P42
  B:00B0H.3       PUBLIC        P33
  B:00C0H.4       PUBLIC        P44
  D:000EH         PUBLIC        key_code
BL51 BANKED LINKER/LOCATER V6.22.4.0                                                  05/30/2024  16:48:57  PAGE 12


  C:11E0H         PUBLIC        key_proc
  C:127CH         PUBLIC        getkey22
  D:00D0H         PUBLIC        PSW
  -------         PROC          GETKEY22
  -------         DO            
  D:0007H         SYMBOL        temp
  -------         ENDDO         
  C:127CH         LINE#         5
  C:127CH         LINE#         6
  C:127CH         LINE#         7
  C:127EH         LINE#         9
  C:1282H         LINE#         10
  C:1286H         LINE#         11
  C:128CH         LINE#         12
  C:1293H         LINE#         14
  C:1297H         LINE#         15
  C:129BH         LINE#         16
  C:12A2H         LINE#         17
  C:12A9H         LINE#         19
  C:12A9H         LINE#         20
  -------         ENDPROC       GETKEY22
  -------         PROC          KEY_PROC
  -------         DO            
  D:000CH         SYMBOL        key_state
  D:000DH         SYMBOL        _key
  D:0007H         SYMBOL        key_temp
  -------         ENDDO         
  C:11E0H         LINE#         22
  C:11E0H         LINE#         23
  C:11E0H         LINE#         27
  C:11E2H         LINE#         29
  C:11E5H         LINE#         31
  C:11F4H         LINE#         32
  C:11F4H         LINE#         33
  C:11F4H         LINE#         34
  C:11FAH         LINE#         35
  C:11FBH         LINE#         37
  C:11FBH         LINE#         38
  C:11FEH         LINE#         39
  C:11FEH         LINE#         40
  C:1201H         LINE#         41
  C:1202H         LINE#         47
  C:1202H         LINE#         48
  C:1205H         LINE#         49
  C:1205H         LINE#         50
  C:1207H         LINE#         51
  C:1209H         LINE#         52
  C:120CH         LINE#         54
  C:120DH         LINE#         55
  C:120DH         LINE#         56
  C:1210H         LINE#         57
  C:1210H         LINE#         58
  C:1211H         LINE#         60
  C:1211H         LINE#         61
  C:1216H         LINE#         62
  C:1216H         LINE#         63
  C:1216H         LINE#         64
BL51 BANKED LINKER/LOCATER V6.22.4.0                                                  05/30/2024  16:48:57  PAGE 13


  -------         ENDPROC       KEY_PROC
  -------         ENDMOD        KEY

  -------         MODULE        SMG
  C:0000H         SYMBOL        _ICE_DUMMY_
  D:0080H         PUBLIC        P0
  D:0090H         PUBLIC        P1
  D:00A0H         PUBLIC        P2
  D:00B0H         PUBLIC        P3
  D:00C0H         PUBLIC        P4
  D:00C8H         PUBLIC        P5
  D:00E8H         PUBLIC        P6
  D:00F8H         PUBLIC        P7
  D:00A8H         PUBLIC        IE
  D:00B8H         PUBLIC        IP
  D:00D8H         PUBLIC        CCON
  D:0098H         PUBLIC        SCON
  D:0024H         PUBLIC        dis_blink
  D:0088H         PUBLIC        TCON
  C:11A4H         PUBLIC        disp_scan
  C:14FDH         PUBLIC        smg
  C:0BFAH         PUBLIC        disp_proc
  D:002CH         PUBLIC        dis_buf
  D:00D0H         PUBLIC        PSW
  D:0034H         PUBLIC        dis_str
  -------         PROC          DISP_SCAN
  -------         DO            
  D:0023H         SYMBOL        i
  -------         ENDDO         
  C:11A4H         LINE#         25
  C:11A4H         LINE#         26
  C:11A4H         LINE#         28
  C:11A7H         LINE#         29
  C:11ACH         LINE#         30
  C:11BCH         LINE#         31
  C:11C1H         LINE#         32
  C:11D0H         LINE#         33
  C:11D5H         LINE#         34
  C:11DFH         LINE#         35
  -------         ENDPROC       DISP_SCAN
  -------         PROC          DISP_PROC
  -------         DO            
  D:003FH         SYMBOL        i
  D:0040H         SYMBOL        j
  D:0041H         SYMBOL        tmp
  -------         ENDDO         
  C:0BFAH         LINE#         37
  C:0BFAH         LINE#         38
  C:0BFAH         LINE#         39
  C:0C01H         LINE#         40
  C:0C0DH         LINE#         41
  C:0C0DH         LINE#         42
  C:0C65H         LINE#         43
  C:0C65H         LINE#         44
  C:0C6AH         LINE#         45
  C:0C6FH         LINE#         46
  C:0C74H         LINE#         47
BL51 BANKED LINKER/LOCATER V6.22.4.0                                                  05/30/2024  16:48:57  PAGE 14


  C:0C79H         LINE#         48
  C:0C7EH         LINE#         49
  C:0C83H         LINE#         50
  C:0C88H         LINE#         51
  C:0C8DH         LINE#         52
  C:0C92H         LINE#         53
  C:0C97H         LINE#         54
  C:0C9CH         LINE#         55
  C:0CA1H         LINE#         56
  C:0CA6H         LINE#         57
  C:0CABH         LINE#         58
  C:0CB0H         LINE#         59
  C:0CB9H         LINE#         60
  C:0CBBH         LINE#         61
  C:0CC0H         LINE#         62
  C:0CC5H         LINE#         63
  C:0CCAH         LINE#         64
  C:0CCFH         LINE#         65
  C:0CD4H         LINE#         66
  C:0CD9H         LINE#         67
  C:0CDEH         LINE#         68
  C:0CE3H         LINE#         69
  C:0CE6H         LINE#         70
  C:0CE6H         LINE#         71
  C:0CEFH         LINE#         72
  C:0CEFH         LINE#         73
  C:0CF2H         LINE#         74
  C:0CF4H         LINE#         75
  C:0CF4H         LINE#         76
  C:0CFBH         LINE#         77
  C:0D02H         LINE#         79
  -------         ENDPROC       DISP_PROC
  -------         ENDMOD        SMG

  -------         MODULE        IIC
  C:0000H         SYMBOL        _ICE_DUMMY_
  D:0080H         PUBLIC        P0
  D:0090H         PUBLIC        P1
  D:00A0H         PUBLIC        P2
  D:00B0H         PUBLIC        P3
  D:00C0H         PUBLIC        P4
  D:00C8H         PUBLIC        P5
  D:00E8H         PUBLIC        P6
  D:00F8H         PUBLIC        P7
  C:1556H         PUBLIC        Delay5ms
  D:00A8H         PUBLIC        IE
  C:13F9H         SYMBOL        _I2C_Delay
  D:00B8H         PUBLIC        IP
  C:137BH         PUBLIC        I2CReceiveByte
  D:00D8H         PUBLIC        CCON
  C:1398H         PUBLIC        _r_e2prom
  C:140FH         PUBLIC        _w_e2prom
  D:0098H         PUBLIC        SCON
  D:0088H         PUBLIC        TCON
  C:148BH         PUBLIC        _write_dac
  B:00A0H.1       PUBLIC        sda
  B:00A0H.0       PUBLIC        scl
BL51 BANKED LINKER/LOCATER V6.22.4.0                                                  05/30/2024  16:48:57  PAGE 15


  C:1476H         PUBLIC        read_ad
  C:150DH         PUBLIC        I2CStart
  C:0003H         PUBLIC        _I2CSendAck
  C:151CH         PUBLIC        _init_ad
  C:12AAH         PUBLIC        _I2CSendByte
  C:13E3H         PUBLIC        I2CWaitAck
  C:1536H         PUBLIC        I2CStop
  D:00D0H         PUBLIC        PSW
  C:13F5H         SYMBOL        L?0034
  -------         PROC          L?0033
  -------         ENDPROC       L?0033
  C:13F5H         SYMBOL        L?0034
  -------         PROC          _I2C_DELAY
  D:0007H         SYMBOL        n
  C:13F9H         LINE#         10
  C:13F9H         LINE#         11
  C:13F9H         LINE#         13
  C:13F9H         LINE#         14
  C:13FEH         LINE#         15
  C:1403H         LINE#         16
  C:1408H         LINE#         17
  C:1408H         LINE#         18
  C:140EH         LINE#         19
  -------         ENDPROC       _I2C_DELAY
  -------         PROC          I2CSTART
  C:150DH         LINE#         22
  C:150DH         LINE#         23
  C:150DH         LINE#         24
  C:150FH         LINE#         25
  C:150FH         LINE#         26
  C:1512H         LINE#         27
  C:1514H         LINE#         28
  C:1519H         LINE#         29
  C:151BH         LINE#         30
  -------         ENDPROC       I2CSTART
  -------         PROC          I2CSTOP
  C:1536H         LINE#         33
  C:1536H         LINE#         34
  C:1536H         LINE#         35
  C:1538H         LINE#         36
  C:1538H         LINE#         37
  C:153BH         LINE#         38
  C:153DH         LINE#         39
  -------         ENDPROC       I2CSTOP
  -------         PROC          _I2CSENDBYTE
  D:0005H         SYMBOL        byt
  -------         DO            
  D:0004H         SYMBOL        i
  -------         ENDDO         
  C:12AAH         LINE#         43
  C:12ACH         LINE#         44
  C:12ACH         LINE#         47
  C:12AEH         LINE#         48
  C:12B0H         LINE#         49
  C:12B5H         LINE#         50
  C:12B9H         LINE#         51
  C:12BBH         LINE#         52
BL51 BANKED LINKER/LOCATER V6.22.4.0                                                  05/30/2024  16:48:57  PAGE 16


  C:12BDH         LINE#         53
  C:12BDH         LINE#         54
  C:12BFH         LINE#         55
  C:12BFH         LINE#         56
  C:12C4H         LINE#         57
  C:12C6H         LINE#         58
  C:12CAH         LINE#         59
  C:12CFH         LINE#         60
  C:12D3H         LINE#         62
  C:12D5H         LINE#         63
  -------         ENDPROC       _I2CSENDBYTE
  -------         PROC          L?0035
  -------         ENDPROC       L?0035
  -------         PROC          I2CRECEIVEBYTE
  -------         DO            
  D:0005H         SYMBOL        da
  D:0004H         SYMBOL        i
  -------         ENDDO         
  C:137BH         LINE#         66
  C:137BH         LINE#         67
  C:137BH         LINE#         70
  C:137DH         LINE#         71
  C:137DH         LINE#         72
  C:1380H         LINE#         73
  C:1384H         LINE#         74
  C:1387H         LINE#         75
  C:138AH         LINE#         76
  C:138CH         LINE#         77
  C:1391H         LINE#         78
  C:1395H         LINE#         79
  C:1397H         LINE#         80
  -------         ENDPROC       I2CRECEIVEBYTE
  C:13D8H         SYMBOL        L?0032
  -------         PROC          L?0031
  -------         ENDPROC       L?0031
  C:13D8H         SYMBOL        L?0032
  -------         PROC          I2CWAITACK
  -------         DO            
  D:0005H         SYMBOL        ackbit
  -------         ENDDO         
  C:13E3H         LINE#         83
  C:13E3H         LINE#         84
  C:13E3H         LINE#         87
  C:13E3H         LINE#         88
  C:13E6H         LINE#         89
  C:13EBH         LINE#         90
  C:13EDH         LINE#         91
  C:13F2H         LINE#         93
  C:13F4H         LINE#         94
  -------         ENDPROC       I2CWAITACK
  -------         PROC          _I2CSENDACK
  D:0007H         SYMBOL        ackbit
  C:0003H         LINE#         97
  C:0003H         LINE#         98
  C:0003H         LINE#         99
  C:0005H         LINE#         100
  C:000AH         LINE#         101
BL51 BANKED LINKER/LOCATER V6.22.4.0                                                  05/30/2024  16:48:57  PAGE 17


  C:000FH         LINE#         102
  C:000FH         LINE#         103
  C:0012H         LINE#         104
  C:0014H         LINE#         105
  C:0016H         LINE#         106
  -------         ENDPROC       _I2CSENDACK
  -------         PROC          _INIT_AD
  D:0003H         SYMBOL        add
  C:151CH         LINE#         109
  C:151EH         LINE#         110
  C:151EH         LINE#         111
  C:1521H         LINE#         112
  C:1523H         LINE#         113
  C:1523H         LINE#         114
  C:1523H         LINE#         115
  C:1526H         LINE#         116
  -------         ENDPROC       _INIT_AD
  -------         PROC          READ_AD
  -------         DO            
  D:0005H         SYMBOL        dat
  -------         ENDDO         
  C:1476H         LINE#         119
  C:1476H         LINE#         120
  C:1476H         LINE#         122
  C:1479H         LINE#         123
  C:147BH         LINE#         124
  C:147BH         LINE#         125
  C:1480H         LINE#         126
  C:1485H         LINE#         127
  C:1488H         LINE#         129
  C:148AH         LINE#         130
  -------         ENDPROC       READ_AD
  -------         PROC          _WRITE_DAC
  D:0003H         SYMBOL        add
  C:148BH         LINE#         132
  C:148DH         LINE#         133
  C:148DH         LINE#         134
  C:1490H         LINE#         135
  C:1495H         LINE#         136
  C:1498H         LINE#         137
  C:149AH         LINE#         138
  C:149AH         LINE#         139
  C:149AH         LINE#         140
  C:149DH         LINE#         141
  -------         ENDPROC       _WRITE_DAC
  -------         PROC          _W_E2PROM
  D:0002H         SYMBOL        add
  D:0003H         SYMBOL        val
  C:140FH         LINE#         144
  C:1413H         LINE#         145
  C:1413H         LINE#         146
  C:1416H         LINE#         147
  C:141BH         LINE#         148
  C:141EH         LINE#         149
  C:1420H         LINE#         150
  C:1420H         LINE#         151
  C:1420H         LINE#         152
BL51 BANKED LINKER/LOCATER V6.22.4.0                                                  05/30/2024  16:48:57  PAGE 18


  C:1423H         LINE#         153
  C:1426H         LINE#         154
  -------         ENDPROC       _W_E2PROM
  -------         PROC          _R_E2PROM
  D:0003H         SYMBOL        add
  -------         DO            
  D:0011H         SYMBOL        dat
  -------         ENDDO         
  C:1398H         LINE#         157
  C:139AH         LINE#         158
  C:139AH         LINE#         161
  C:139DH         LINE#         162
  C:139FH         LINE#         163
  C:139FH         LINE#         164
  C:139FH         LINE#         165
  C:13A2H         LINE#         168
  C:13A5H         LINE#         169
  C:13A7H         LINE#         170
  C:13A7H         LINE#         171
  C:13ACH         LINE#         172
  C:13B1H         LINE#         173
  C:13B4H         LINE#         174
  C:13B7H         LINE#         175
  C:13B9H         LINE#         176
  -------         ENDPROC       _R_E2PROM
  -------         PROC          DELAY5MS
  -------         DO            
  D:0007H         SYMBOL        i
  D:0006H         SYMBOL        j
  -------         ENDDO         
  C:1556H         LINE#         178
  C:1556H         LINE#         179
  C:1556H         LINE#         182
  C:1558H         LINE#         183
  C:155AH         LINE#         185
  C:155AH         LINE#         186
  C:155CH         LINE#         187
  C:155EH         LINE#         188
  -------         ENDPROC       DELAY5MS
  -------         ENDMOD        IIC

  -------         MODULE        DS1302
  C:0000H         SYMBOL        _ICE_DUMMY_
  D:0080H         PUBLIC        P0
  D:0090H         PUBLIC        P1
  C:1300H         PUBLIC        _rtc_run
  D:00A0H         PUBLIC        P2
  D:00B0H         PUBLIC        P3
  D:00C0H         PUBLIC        P4
  D:00C8H         PUBLIC        P5
  D:00E8H         PUBLIC        P6
  D:00F8H         PUBLIC        P7
  D:00A8H         PUBLIC        IE
  D:00B8H         PUBLIC        IP
  D:00D8H         PUBLIC        CCON
  D:0098H         PUBLIC        SCON
  D:0088H         PUBLIC        TCON
BL51 BANKED LINKER/LOCATER V6.22.4.0                                                  05/30/2024  16:48:57  PAGE 19


  C:1217H         PUBLIC        _Read_Ds1302_Byte
  B:00A0H.3       PUBLIC        SDA
  C:124BH         PUBLIC        rtc_init
  B:0090H.7       PUBLIC        SCK
  C:14A0H         PUBLIC        _Write_Ds1302_Byte
  C:14C7H         PUBLIC        _Write_Ds1302
  B:0090H.3       PUBLIC        RST
  D:00D0H         PUBLIC        PSW
  -------         PROC          _WRITE_DS1302
  D:0007H         SYMBOL        temp
  -------         DO            
  D:0006H         SYMBOL        i
  -------         ENDDO         
  C:14C7H         LINE#         8
  C:14C7H         LINE#         9
  C:14C7H         LINE#         11
  C:14C9H         LINE#         12
  C:14C9H         LINE#         13
  C:14CBH         LINE#         14
  C:14CFH         LINE#         15
  C:14D3H         LINE#         16
  C:14D5H         LINE#         17
  C:14D9H         LINE#         18
  -------         ENDPROC       _WRITE_DS1302
  -------         PROC          _WRITE_DS1302_BYTE
  D:0007H         SYMBOL        address
  D:0005H         SYMBOL        dat
  C:14A0H         LINE#         21
  C:14A0H         LINE#         22
  C:14A0H         LINE#         23
  C:14A3H         LINE#         24
  C:14A6H         LINE#         25
  C:14A9H         LINE#         26
  C:14ACH         LINE#         27
  C:14B1H         LINE#         28
  C:14B3H         LINE#         29
  -------         ENDPROC       _WRITE_DS1302_BYTE
  -------         PROC          _READ_DS1302_BYTE
  D:0007H         SYMBOL        address
  -------         DO            
  D:0007H         SYMBOL        i
  D:0005H         SYMBOL        temp
  -------         ENDDO         
  C:1217H         LINE#         32
  C:1217H         LINE#         33
  C:1217H         LINE#         34
  C:1219H         LINE#         35
  C:121CH         LINE#         36
  C:121FH         LINE#         37
  C:1222H         LINE#         38
  C:1225H         LINE#         39
  C:1227H         LINE#         40
  C:1227H         LINE#         41
  C:1229H         LINE#         42
  C:122DH         LINE#         43
  C:1230H         LINE#         44
  C:1233H         LINE#         45
BL51 BANKED LINKER/LOCATER V6.22.4.0                                                  05/30/2024  16:48:57  PAGE 20


  C:1235H         LINE#         46
  C:1239H         LINE#         47
  C:123CH         LINE#         48
  C:123FH         LINE#         49
  C:1242H         LINE#         50
  C:1245H         LINE#         51
  C:1248H         LINE#         52
  C:124AH         LINE#         53
  -------         ENDPROC       _READ_DS1302_BYTE
  -------         PROC          RTC_INIT
  C:124BH         LINE#         55
  C:124BH         LINE#         56
  C:124BH         LINE#         57
  C:1252H         LINE#         58
  C:1257H         LINE#         59
  C:125CH         LINE#         60
  C:1261H         LINE#         61
  C:1266H         LINE#         62
  C:126BH         LINE#         63
  C:1270H         LINE#         64
  C:1275H         LINE#         65
  -------         ENDPROC       RTC_INIT
  -------         PROC          _RTC_RUN
  D:0004H         SYMBOL        h
  D:0002H         SYMBOL        m
  D:0003H         SYMBOL        s
  C:1300H         LINE#         68
  C:1304H         LINE#         69
  C:1304H         LINE#         70
  C:130BH         LINE#         71
  C:1312H         LINE#         72
  C:1319H         LINE#         73
  C:1320H         LINE#         74
  -------         ENDPROC       _RTC_RUN
  -------         ENDMOD        DS1302

  -------         MODULE        CTRL
  C:0000H         SYMBOL        _ICE_DUMMY_
  D:0080H         PUBLIC        P0
  D:0090H         PUBLIC        P1
  D:00A0H         PUBLIC        P2
  D:00B0H         PUBLIC        P3
  D:00C0H         PUBLIC        P4
  D:00C8H         PUBLIC        P5
  D:00E8H         PUBLIC        P6
  D:00F8H         PUBLIC        P7
  D:00A8H         PUBLIC        IE
  D:00B8H         PUBLIC        IP
  C:154CH         PUBLIC        _gate
  D:00D8H         PUBLIC        CCON
  D:0098H         PUBLIC        SCON
  D:0088H         PUBLIC        TCON
  D:0012H         PUBLIC        ctrl
  C:14DAH         PUBLIC        _off
  C:14ECH         PUBLIC        _on
  D:00D0H         PUBLIC        PSW
  -------         PROC          _GATE
BL51 BANKED LINKER/LOCATER V6.22.4.0                                                  05/30/2024  16:48:57  PAGE 21


  D:0007H         SYMBOL        a
  C:154CH         LINE#         4
  C:154CH         LINE#         5
  C:154CH         LINE#         6
  C:154FH         LINE#         7
  C:1552H         LINE#         8
  C:1555H         LINE#         9
  -------         ENDPROC       _GATE
  -------         PROC          _ON
  D:0007H         SYMBOL        a
  C:14ECH         LINE#         11
  C:14ECH         LINE#         12
  C:14ECH         LINE#         13
  C:14F1H         LINE#         14
  C:14F4H         LINE#         15
  C:14F7H         LINE#         16
  C:14FCH         LINE#         18
  -------         ENDPROC       _ON
  -------         PROC          _OFF
  D:0007H         SYMBOL        a
  C:14DAH         LINE#         20
  C:14DAH         LINE#         21
  C:14DAH         LINE#         22
  C:14DFH         LINE#         23
  C:14E3H         LINE#         24
  C:14E6H         LINE#         25
  C:14EBH         LINE#         27
  -------         ENDPROC       _OFF
  -------         ENDMOD        CTRL

  -------         MODULE        ONEWIRE
  C:0000H         SYMBOL        _ICE_DUMMY_
  D:0080H         PUBLIC        P0
  D:0090H         PUBLIC        P1
  D:00A0H         PUBLIC        P2
  D:00B0H         PUBLIC        P3
  D:00C0H         PUBLIC        P4
  C:1443H         PUBLIC        Read_DS18B20
  D:00C8H         PUBLIC        P5
  D:00E8H         PUBLIC        P6
  D:00F8H         PUBLIC        P7
  D:00A8H         PUBLIC        IE
  C:142DH         PUBLIC        _Delay_OneWire
  C:13BAH         PUBLIC        _Write_DS18B20
  B:0090H.4       PUBLIC        DQ
  D:00B8H         PUBLIC        IP
  C:1327H         PUBLIC        init_ds18b20
  D:00D8H         PUBLIC        CCON
  D:0098H         PUBLIC        SCON
  D:0088H         PUBLIC        TCON
  C:12D6H         PUBLIC        read_tem
  C:1529H         PUBLIC        init_temp
  D:00D0H         PUBLIC        PSW
  C:1429H         SYMBOL        L?0021
  -------         PROC          L?0020
  -------         ENDPROC       L?0020
  C:1429H         SYMBOL        L?0021
BL51 BANKED LINKER/LOCATER V6.22.4.0                                                  05/30/2024  16:48:57  PAGE 22


  -------         PROC          _DELAY_ONEWIRE
  D:0006H         SYMBOL        t
  -------         DO            
  D:0005H         SYMBOL        i
  -------         ENDDO         
  C:142DH         LINE#         8
  C:142DH         LINE#         9
  C:142DH         LINE#         11
  C:1437H         LINE#         12
  C:1442H         LINE#         13
  C:1442H         LINE#         14
  -------         ENDPROC       _DELAY_ONEWIRE
  -------         PROC          _WRITE_DS18B20
  D:0001H         SYMBOL        dat
  -------         DO            
  D:0003H         SYMBOL        i
  -------         ENDDO         
  C:13BAH         LINE#         17
  C:13BCH         LINE#         18
  C:13BCH         LINE#         20
  C:13BEH         LINE#         21
  C:13BEH         LINE#         22
  C:13C0H         LINE#         23
  C:13C4H         LINE#         24
  C:13C7H         LINE#         25
  C:13C9H         LINE#         26
  C:13CDH         LINE#         27
  C:13D1H         LINE#         28
  -------         ENDPROC       _WRITE_DS18B20
  -------         PROC          READ_DS18B20
  -------         DO            
  D:0003H         SYMBOL        i
  D:0004H         SYMBOL        dat
  -------         ENDDO         
  C:1443H         LINE#         32
  C:1443H         LINE#         33
  C:1443H         LINE#         37
  C:1445H         LINE#         38
  C:1445H         LINE#         39
  C:1447H         LINE#         40
  C:144BH         LINE#         41
  C:144DH         LINE#         42
  C:1450H         LINE#         43
  C:1450H         LINE#         44
  C:1453H         LINE#         45
  C:1453H         LINE#         46
  C:1456H         LINE#         47
  C:145AH         LINE#         48
  C:145CH         LINE#         49
  -------         ENDPROC       READ_DS18B20
  -------         PROC          INIT_DS18B20
  -------         DO            
  B:0021H.0       SYMBOL        initflag
  -------         ENDDO         
  C:1327H         LINE#         52
  C:1327H         LINE#         53
  C:1327H         LINE#         54
BL51 BANKED LINKER/LOCATER V6.22.4.0                                                  05/30/2024  16:48:57  PAGE 23


  C:1329H         LINE#         56
  C:132BH         LINE#         57
  C:1332H         LINE#         58
  C:1334H         LINE#         59
  C:133BH         LINE#         60
  C:133DH         LINE#         61
  C:1344H         LINE#         62
  C:1348H         LINE#         63
  C:134BH         LINE#         65
  C:134DH         LINE#         66
  -------         ENDPROC       INIT_DS18B20
  -------         PROC          INIT_TEMP
  C:1529H         LINE#         68
  C:1529H         LINE#         69
  C:1529H         LINE#         70
  C:152CH         LINE#         71
  C:1531H         LINE#         72
  -------         ENDPROC       INIT_TEMP
  -------         PROC          READ_TEM
  -------         DO            
  D:0007H         SYMBOL        H
  D:0001H         SYMBOL        L
  D:0006H         SYMBOL        tmp
  -------         ENDDO         
  C:12D6H         LINE#         75
  C:12D6H         LINE#         76
  C:12D6H         LINE#         79
  C:12D9H         LINE#         80
  C:12DEH         LINE#         81
  C:12E3H         LINE#         82
  C:12E8H         LINE#         83
  C:12EBH         LINE#         85
  C:12EFH         LINE#         86
  -------         ENDPROC       READ_TEM
  -------         ENDMOD        ONEWIRE

  -------         MODULE        ?C?FPMUL
  C:001EH         PUBLIC        ?C?FPMUL
  -------         ENDMOD        ?C?FPMUL

  -------         MODULE        ?C?FPDIV
  C:0127H         PUBLIC        ?C?FPDIV
  -------         ENDMOD        ?C?FPDIV

  -------         MODULE        ?C?FPCMP
  C:01C6H         PUBLIC        ?C?FPCMP
  C:01C4H         PUBLIC        ?C?FPCMP3
  -------         ENDMOD        ?C?FPCMP

  -------         MODULE        ?C?FCAST
  C:0247H         PUBLIC        ?C?FCASTC
  C:0242H         PUBLIC        ?C?FCASTI
  C:023DH         PUBLIC        ?C?FCASTL
  -------         ENDMOD        ?C?FCAST

  -------         MODULE        ?C?CASTF
  C:027BH         PUBLIC        ?C?CASTF
BL51 BANKED LINKER/LOCATER V6.22.4.0                                                  05/30/2024  16:48:57  PAGE 24


  -------         ENDMOD        ?C?CASTF

  -------         MODULE        PRINTF
  D:003FH         PUBLIC        ?_PRINTF?BYTE
  D:003FH         PUBLIC        ?_SPRINTF?BYTE
  C:06E3H         PUBLIC        _PRINTF
  C:06DDH         PUBLIC        _SPRINTF
  -------         ENDMOD        PRINTF

  -------         MODULE        ?C?FPROUND
  C:02FCH         PUBLIC        ?C?FPROUND
  -------         ENDMOD        ?C?FPROUND

  -------         MODULE        ?C?FPCONVERT
  C:032BH         PUBLIC        ?C?FPCONVERT
  -------         ENDMOD        ?C?FPCONVERT

  -------         MODULE        ?C?FPADD
  C:0435H         PUBLIC        ?C?FPADD
  C:0431H         PUBLIC        ?C?FPSUB
  -------         ENDMOD        ?C?FPADD

  -------         MODULE        ?C?FTNPWR
  C:0556H         PUBLIC        ?C?FTNPWR
  -------         ENDMOD        ?C?FTNPWR

  -------         MODULE        ?C?CLDPTR
  C:0596H         PUBLIC        ?C?CLDPTR
  -------         ENDMOD        ?C?CLDPTR

  -------         MODULE        ?C?CLDOPTR
  C:05AFH         PUBLIC        ?C?CLDOPTR
  -------         ENDMOD        ?C?CLDOPTR

  -------         MODULE        ?C?CSTPTR
  C:05DCH         PUBLIC        ?C?CSTPTR
  -------         ENDMOD        ?C?CSTPTR

  -------         MODULE        ?C?IMUL
  C:05EEH         PUBLIC        ?C?IMUL
  -------         ENDMOD        ?C?IMUL

  -------         MODULE        ?C?LNEG
  C:0600H         PUBLIC        ?C?LNEG
  -------         ENDMOD        ?C?LNEG

  -------         MODULE        ?C?LSTXDATA
  C:060EH         PUBLIC        ?C?LSTXDATA
  -------         ENDMOD        ?C?LSTXDATA

  -------         MODULE        ?C?LSTKXDATA
  C:061AH         PUBLIC        ?C?LSTKXDATA
  -------         ENDMOD        ?C?LSTKXDATA

  -------         MODULE        ?C?PLDIIDATA
  C:064BH         PUBLIC        ?C?PLDIIDATA
  -------         ENDMOD        ?C?PLDIIDATA
BL51 BANKED LINKER/LOCATER V6.22.4.0                                                  05/30/2024  16:48:57  PAGE 25



  -------         MODULE        ?C?CCASE
  C:065BH         PUBLIC        ?C?CCASE
  -------         ENDMOD        ?C?CCASE

  -------         MODULE        PUTCHAR
  C:134EH         PUBLIC        _PUTCHAR
  -------         ENDMOD        PUTCHAR

Program Size: data=78.7 xdata=19 code=5471
LINK/LOCATE RUN COMPLETE.  0 WARNING(S),  0 ERROR(S)
