C51 COMPILER V9.60.7.0   KEY                                                               05/22/2024 19:14:47 PAGE 1   


C51 COMPILER V9.60.7.0, COMPILATION OF MODULE KEY
OBJECT MODULE PLACED IN .\Objects\key.obj
COMPILER INVOKED BY: D:\keilc51\c51\C51\BIN\C51.EXE key.c OPTIMIZE(8,SPEED) BROWSE DEBUG OBJECTEXTEND PRINT(.\Listings\k
                    -ey.lst) OBJECT(.\Objects\key.obj)

line level    source

   1          #include "key.h"
   2          
   3          u8 key_code = 0;
   4          //
   5          u8 getkey22(void)
   6          {
   7   1              u8 temp = 0;
   8   1              
   9   1              P32 = 0;P33 = 1;
  10   1              P42 = 1;P44 = 1;
  11   1              if(!P42) temp+=9;
  12   1              if(!P44) temp+=5;       
  13   1              
  14   1              P32 = 1;P33 = 0;
  15   1              P42 = 1;P44 = 1;
  16   1              if(!P42) temp+=8;
  17   1              if(!P44) temp+=4;
  18   1              
  19   1              return temp;
  20   1      }
  21          
  22          void key_proc(void)
  23          {
  24   1              static u8 key_state = 0;
  25   1              static u8 _key = 0;
  26   1              
  27   1              u8 key_temp = 0;
  28   1              
  29   1              key_temp = getkey22();
  30   1              
  31   1              switch(key_state)
  32   1              {
  33   2                      case 0:
  34   2                              if(key_temp)  key_state = 1;
  35   2                              break;
  36   2                      //
  37   2                      case 1:
  38   2                              if(key_temp)
  39   2                              {
  40   3                                      key_state = 2;
  41   3                              }else
  42   2                              {
  43   3                                      key_state = 0;
  44   3                              }
  45   2                              break;
  46   2                      //
  47   2                      case 2:
  48   2                              if(key_temp)//µ¥»÷
  49   2                              {
  50   3                                      _key = key_temp;
  51   3                                      key_code = _key;
  52   3                                      key_state = 3;
  53   3                                      //
  54   3                              }else//ËÉ¿ª
C51 COMPILER V9.60.7.0   KEY                                                               05/22/2024 19:14:47 PAGE 2   

  55   2                              {
  56   3                                      key_state = 0;
  57   3                              }
  58   2                              break;
  59   2                      //
  60   2                      case 3:
  61   2                              if(!key_temp)   key_state = 0;
  62   2                      break;  
  63   2              }
  64   1      }
  65          


MODULE INFORMATION:   STATIC OVERLAYABLE
   CODE SIZE        =    101    ----
   CONSTANT SIZE    =   ----    ----
   XDATA SIZE       =   ----    ----
   PDATA SIZE       =   ----    ----
   DATA SIZE        =      3    ----
   IDATA SIZE       =   ----    ----
   BIT SIZE         =   ----    ----
END OF MODULE INFORMATION.


C51 COMPILATION COMPLETE.  0 WARNING(S),  0 ERROR(S)
