C51 COMPILER V9.60.7.0   CTRL                                                              04/07/2024 20:31:45 PAGE 1   


C51 COMPILER V9.60.7.0, COMPILATION OF MODULE CTRL
OBJECT MODULE PLACED IN .\Objects\ctrl.obj
COMPILER INVOKED BY: D:\keilc51\c51\C51\BIN\C51.EXE ctrl.c OPTIMIZE(8,SPEED) BROWSE DEBUG OBJECTEXTEND PRINT(.\Listings\
                    -ctrl.lst) OBJECT(.\Objects\ctrl.obj)

line level    source

   1          #include "ctrl.h"
   2          u8 ctr_dat = 0x70;
   3          void gate(u8 a)
   4          {
   5   1              CLOSE();
   6   1              OPEN(a);
   7   1              CLOSE();
   8   1      }
   9          void on(u8 a)
  10          {
  11   1              if((ctr_dat&a)!=0)return;
  12   1              
  13   1              ctr_dat|=a;
  14   1              P0=ctr_dat;
  15   1              gate(CTRL);     
  16   1      }
  17          void off(u8 a)
  18          {
  19   1              if((ctr_dat&a)==0)return;
  20   1              
  21   1              ctr_dat &= ~a;
  22   1              P0 = ctr_dat;
  23   1              gate(CTRL);
  24   1      }
  25          
  26          
  27          
  28          


MODULE INFORMATION:   STATIC OVERLAYABLE
   CODE SIZE        =     45    ----
   CONSTANT SIZE    =   ----    ----
   XDATA SIZE       =   ----    ----
   PDATA SIZE       =   ----    ----
   DATA SIZE        =      1    ----
   IDATA SIZE       =   ----    ----
   BIT SIZE         =   ----    ----
END OF MODULE INFORMATION.


C51 COMPILATION COMPLETE.  0 WARNING(S),  0 ERROR(S)
