C51 COMPILER V9.60.7.0   KEY                                                               04/07/2024 20:31:45 PAGE 1   


C51 COMPILER V9.60.7.0, COMPILATION OF MODULE KEY
OBJECT MODULE PLACED IN .\Objects\key.obj
COMPILER INVOKED BY: D:\keilc51\c51\C51\BIN\C51.EXE key.c OPTIMIZE(8,SPEED) BROWSE DEBUG OBJECTEXTEND PRINT(.\Listings\k
                    -ey.lst) OBJECT(.\Objects\key.obj)

line level    source

   1          #include "key.h"
   2          u8 key_code = 0;
   3          
   4          u8 getkey22(void)
   5          {
   6   1              u8 tmp=0;
   7   1              P33=0;P32=1;
   8   1              P44=1;P42=1;P35=1;P34=1;
   9   1              if(!P35)  tmp=12;
  10   1              if(!P34)  tmp=16;
  11   1              
  12   1              P33=1;P32=0;
  13   1              P44=1;P42=1;P35=1;P34=1;
  14   1              if(!P35)  tmp=13;
  15   1              if(!P34)  tmp=17;
  16   1              
  17   1              return tmp;
  18   1      }
  19          
  20          void key_proc(void)
  21          {
  22   1              static u8 k_state = 0;
  23   1              u8 k_tmp = 0;
  24   1      
  25   1              k_tmp = getkey22();
  26   1              
  27   1              
  28   1              switch(k_state)
  29   1              {
  30   2                      case 0:
  31   2                              if(k_tmp) k_state = 1;
  32   2                              break;
  33   2                      case 1:
  34   2                              if(k_tmp)
  35   2                              {
  36   3                                      key_code = k_tmp;//按下执行
  37   3                                      if(k_tmp == S17)
  38   3                                      {
  39   4                                              k_state = 3;//特殊按键处理
  40   4                                      }else k_state =2;//普通按键处理
  41   3                              }
  42   2                              else k_state = 0;
  43   2                              break;          
  44   2                      case 2://普通
  45   2                              if(!k_tmp)k_state = 0;
  46   2                      break;
  47   2                              //
  48   2                      case 3://特殊
  49   2                              if(!k_tmp)
  50   2                              {
  51   3                                      key_code=S17OFF;//松开返回
  52   3                                      k_state = 0;
  53   3                              }
  54   2                      break;
C51 COMPILER V9.60.7.0   KEY                                                               04/07/2024 20:31:45 PAGE 2   

  55   2              }
  56   1      }


MODULE INFORMATION:   STATIC OVERLAYABLE
   CODE SIZE        =    109    ----
   CONSTANT SIZE    =   ----    ----
   XDATA SIZE       =   ----    ----
   PDATA SIZE       =   ----    ----
   DATA SIZE        =      2    ----
   IDATA SIZE       =   ----    ----
   BIT SIZE         =   ----    ----
END OF MODULE INFORMATION.


C51 COMPILATION COMPLETE.  0 WARNING(S),  0 ERROR(S)
